app_usb.c:30:6:app_usb_init	8	static
app_usb.c:36:6:app_usb_rxBufferInit	16	static
app_usb.c:43:6:app_usb_txBufferInit	16	static
app_usb.c:50:6:app_usb_setLink	16	static
app_usb.c:54:6:app_usb_txLoop	48	static
app_usb.c:80:6:app_usb_1ms	4	static
app_usb.c:83:9:app_usb_getCharFromRxBuffer	24	static
app_usb.c:89:9:app_usb_getCharFromTxBuffer	24	static
app_usb.c:95:9:app_usb_writeCharToBuffer	24	static
app_usb.c:101:9:app_usb_writeStringToBuffer	24	static
app_usb.c:117:6:getTxBufferPointer	16	static
app_usb.c:121:6:setTxBufferPointer	16	static
app_usb.c:126:6:usb_irqRxHandler	24	static
