app_interface.c:95:6:app_interface_init	16	static
app_interface.c:105:6:app_interface_process	16	static
app_interface.c:116:6:app_interface_cyclic1ms	16	static
app_interface.c:121:6:app_interface_receiveMsg	16	static
app_interface.c:125:13:checkInterfaces	24	static
app_interface.c:132:13:parseCommand	24	static
app_interface.c:151:13:commandFound	24	static
app_interface.c:160:13:parseTransition	104	static
app_interface.c:207:13:sendTransition	72	static
app_interface.c:227:13:parseFootswitch	64	static
app_interface.c:253:13:sendFootswitch	64	static
app_interface.c:265:13:parsePreset	32	static
app_interface.c:280:13:sendPresetName	32	static
app_interface.c:301:13:parseLoadConfig	24	static
app_interface.c:310:13:uploadConfig	16	static
app_interface.c:334:13:sendToInterface	24	static
app_interface.c:345:13:sendDmxPreset	24	static
app_interface.c:352:6:UART4_IRQHandler	8	static
