app_interface.c:85:6:app_interface_init	16	static
app_interface.c:102:6:app_interface_process	16	static
app_interface.c:120:6:app_interface_cyclic1ms	16	static
app_interface.c:125:6:app_interface_receiveMsg	16	static
app_interface.c:131:13:usbToUartBridge	24	static
app_interface.c:141:13:sendToInterface	32	static
app_interface.c:158:13:checkInterfaces	64	static
app_interface.c:185:13:commandFound	24	static
app_interface.c:202:13:parseTransition	104	static
app_interface.c:249:13:sendTransition	72	static
app_interface.c:278:13:parseFootswitch	64	static
app_interface.c:304:13:sendFootswitch	64	static
app_interface.c:318:13:parsePreset	32	static
app_interface.c:333:13:sendPresetName	40	static
app_interface.c:358:13:parseLoadConfig	24	static
app_interface.c:367:13:uploadConfig	16	static
app_interface.c:391:13:sendDmxPreset	24	static
app_interface.c:397:13:signalizeCommuniction	8	static
app_interface.c:400:13:signalizeError	8	static
app_interface.c:404:6:UART4_IRQHandler	8	static
