Archive member included to satisfy reference by file (symbol)

c:/program files (x86)/atollic/truestudio for stm32 9.2.0/armtools/bin/../lib/gcc/arm-atollic-eabi/6.3.1/../../../../arm-atollic-eabi/lib/armv7e-m/fpu\libc_nano.a(lib_a-init.o)
                              startup\startup_stm32l452xx.o (__libc_init_array)
c:/program files (x86)/atollic/truestudio for stm32 9.2.0/armtools/bin/../lib/gcc/arm-atollic-eabi/6.3.1/../../../../arm-atollic-eabi/lib/armv7e-m/fpu\libc_nano.a(lib_a-memcpy-stub.o)
                              Src\usb_device.o (memcpy)
c:/program files (x86)/atollic/truestudio for stm32 9.2.0/armtools/bin/../lib/gcc/arm-atollic-eabi/6.3.1/../../../../arm-atollic-eabi/lib/armv7e-m/fpu\libc_nano.a(lib_a-memset.o)
                              APP\DMX_Preset\app_dmx_preset.o (memset)
c:/program files (x86)/atollic/truestudio for stm32 9.2.0/armtools/bin/../lib/gcc/arm-atollic-eabi/6.3.1/../../../../arm-atollic-eabi/lib/armv7e-m/fpu\libc_nano.a(lib_a-strlen.o)
                              APP\Uart\app_uart.o (strlen)
c:/program files (x86)/atollic/truestudio for stm32 9.2.0/armtools/bin/../lib/gcc/arm-atollic-eabi/6.3.1/armv7e-m/fpu\libgcc.a(_aeabi_uldivmod.o)
                              Drivers\STM32L4xx_HAL_Driver\Src\stm32l4xx_hal_uart.o (__aeabi_uldivmod)
c:/program files (x86)/atollic/truestudio for stm32 9.2.0/armtools/bin/../lib/gcc/arm-atollic-eabi/6.3.1/armv7e-m/fpu\libgcc.a(_udivmoddi4.o)
                              c:/program files (x86)/atollic/truestudio for stm32 9.2.0/armtools/bin/../lib/gcc/arm-atollic-eabi/6.3.1/armv7e-m/fpu\libgcc.a(_aeabi_uldivmod.o) (__udivmoddi4)
c:/program files (x86)/atollic/truestudio for stm32 9.2.0/armtools/bin/../lib/gcc/arm-atollic-eabi/6.3.1/armv7e-m/fpu\libgcc.a(_dvmd_tls.o)
                              c:/program files (x86)/atollic/truestudio for stm32 9.2.0/armtools/bin/../lib/gcc/arm-atollic-eabi/6.3.1/armv7e-m/fpu\libgcc.a(_aeabi_uldivmod.o) (__aeabi_ldiv0)

Allocating common symbols
Common symbol       size              file

hUsbDeviceFS        0x29c             Src\usb_device.o
htim15              0x40              Src\tim.o
hi2c2               0x4c              Src\i2c.o
uwTick              0x4               Drivers\STM32L4xx_HAL_Driver\Src\stm32l4xx_hal.o
msgBuffer           0xc               Middleware\MSG\msg.o
UserRxBufferFS      0x800             Src\usbd_cdc_if.o
htim3               0x40              Src\tim.o
hlptim2             0x38              Src\lptim.o
huart1              0x78              Src\usart.o
UserTxBufferFS      0x800             Src\usbd_cdc_if.o
hlptim1             0x38              Src\lptim.o
htim6               0x40              Src\tim.o
htim1               0x40              Src\tim.o
huart4              0x78              Src\usart.o
htim2               0x40              Src\tim.o
huart2              0x78              Src\usart.o
hpcd_USB_FS         0x474             Src\usbd_conf.o
USBD_StrDesc        0x200             Src\usbd_desc.o
htim16              0x40              Src\tim.o

Discarded input sections

 .text          0x00000000        0x0 c:/program files (x86)/atollic/truestudio for stm32 9.2.0/armtools/bin/../lib/gcc/arm-atollic-eabi/6.3.1/armv7e-m/fpu/crti.o
 .data          0x00000000        0x0 c:/program files (x86)/atollic/truestudio for stm32 9.2.0/armtools/bin/../lib/gcc/arm-atollic-eabi/6.3.1/armv7e-m/fpu/crti.o
 .bss           0x00000000        0x0 c:/program files (x86)/atollic/truestudio for stm32 9.2.0/armtools/bin/../lib/gcc/arm-atollic-eabi/6.3.1/armv7e-m/fpu/crti.o
 .data          0x00000000        0x4 c:/program files (x86)/atollic/truestudio for stm32 9.2.0/armtools/bin/../lib/gcc/arm-atollic-eabi/6.3.1/armv7e-m/fpu/crtbegin.o
 .text          0x00000000        0x0 APP\Configs\app_dmx_presets_cfg.o
 .data          0x00000000        0x0 APP\Configs\app_dmx_presets_cfg.o
 .bss           0x00000000        0x0 APP\Configs\app_dmx_presets_cfg.o
 .text          0x00000000        0x0 APP\Configs\dmx_cfg.o
 .data          0x00000000        0x0 APP\Configs\dmx_cfg.o
 .bss           0x00000000        0x0 APP\Configs\dmx_cfg.o
 .text          0x00000000        0x0 APP\Configs\eeprom_cfg.o
 .data          0x00000000        0x0 APP\Configs\eeprom_cfg.o
 .bss           0x00000000        0x0 APP\Configs\eeprom_cfg.o
 .text          0x00000000        0x0 APP\DMX\app_dmx.o
 .data          0x00000000        0x0 APP\DMX\app_dmx.o
 .bss           0x00000000        0x0 APP\DMX\app_dmx.o
 .bss.internalTimer
                0x00000000        0x2 APP\DMX\app_dmx.o
 .text          0x00000000        0x0 APP\DMX_Preset\app_dmx_preset.o
 .data          0x00000000        0x0 APP\DMX_Preset\app_dmx_preset.o
 .bss           0x00000000        0x0 APP\DMX_Preset\app_dmx_preset.o
 .bss.internalTimer
                0x00000000        0x2 APP\DMX_Preset\app_dmx_preset.o
 .text          0x00000000        0x0 APP\Uart\app_uart.o
 .data          0x00000000        0x0 APP\Uart\app_uart.o
[...]
Memory Configuration

Name             Origin             Length             Attributes
RAM              0x20000000         0x00028000         xrw
FLASH            0x08000000         0x00080000         xr
*default*        0x00000000         0xffffffff

Linker script and memory map

LOAD c:/program files (x86)/atollic/truestudio for stm32 9.2.0/armtools/bin/../lib/gcc/arm-atollic-eabi/6.3.1/armv7e-m/fpu/crti.o
LOAD c:/program files (x86)/atollic/truestudio for stm32 9.2.0/armtools/bin/../lib/gcc/arm-atollic-eabi/6.3.1/armv7e-m/fpu/crtbegin.o
LOAD APP\Configs\app_dmx_presets_cfg.o
LOAD APP\Configs\dmx_cfg.o
LOAD APP\Configs\eeprom_cfg.o
LOAD APP\DMX\app_dmx.o
LOAD APP\DMX_Preset\app_dmx_preset.o
LOAD APP\Uart\app_uart.o
LOAD APP\app.o
LOAD Drivers\STM32L4xx_HAL_Driver\Src\stm32l4xx_hal.o
LOAD Drivers\STM32L4xx_HAL_Driver\Src\stm32l4xx_hal_cortex.o
LOAD Drivers\STM32L4xx_HAL_Driver\Src\stm32l4xx_hal_dma.o
LOAD Drivers\STM32L4xx_HAL_Driver\Src\stm32l4xx_hal_dma_ex.o
LOAD Drivers\STM32L4xx_HAL_Driver\Src\stm32l4xx_hal_flash.o
LOAD Drivers\STM32L4xx_HAL_Driver\Src\stm32l4xx_hal_flash_ex.o
LOAD Drivers\STM32L4xx_HAL_Driver\Src\stm32l4xx_hal_flash_ramfunc.o
LOAD Drivers\STM32L4xx_HAL_Driver\Src\stm32l4xx_hal_gpio.o
LOAD Drivers\STM32L4xx_HAL_Driver\Src\stm32l4xx_hal_i2c.o
LOAD Drivers\STM32L4xx_HAL_Driver\Src\stm32l4xx_hal_i2c_ex.o
LOAD Drivers\STM32L4xx_HAL_Driver\Src\stm32l4xx_hal_lptim.o
LOAD Drivers\STM32L4xx_HAL_Driver\Src\stm32l4xx_hal_pcd.o
LOAD Drivers\STM32L4xx_HAL_Driver\Src\stm32l4xx_hal_pcd_ex.o
LOAD Drivers\STM32L4xx_HAL_Driver\Src\stm32l4xx_hal_pwr.o
LOAD Drivers\STM32L4xx_HAL_Driver\Src\stm32l4xx_hal_pwr_ex.o
LOAD Drivers\STM32L4xx_HAL_Driver\Src\stm32l4xx_hal_rcc.o
LOAD Drivers\STM32L4xx_HAL_Driver\Src\stm32l4xx_hal_rcc_ex.o
LOAD Drivers\STM32L4xx_HAL_Driver\Src\stm32l4xx_hal_tim.o
LOAD Drivers\STM32L4xx_HAL_Driver\Src\stm32l4xx_hal_tim_ex.o
LOAD Drivers\STM32L4xx_HAL_Driver\Src\stm32l4xx_hal_uart.o
LOAD Drivers\STM32L4xx_HAL_Driver\Src\stm32l4xx_hal_uart_ex.o
LOAD Drivers\STM32L4xx_HAL_Driver\Src\stm32l4xx_ll_usb.o
LOAD Middleware\DMX\dmx.o
LOAD Middleware\EAL_Task\eal_task.o
LOAD Middleware\EEPROM_24xxxx\eeprom.o
LOAD Middleware\EEPROM_24xxxx\eeprom_cfg_template.o
LOAD Middleware\MSG\msg.o
LOAD Middleware\RINGBUFFER\ringbuffer.o
LOAD Middleware\Soft_I2C\soft_i2c.o
LOAD Middlewares\ST\STM32_USB_Device_Library\Class\CDC\Src\usbd_cdc.o
LOAD Middlewares\ST\STM32_USB_Device_Library\Core\Src\usbd_core.o
LOAD Middlewares\ST\STM32_USB_Device_Library\Core\Src\usbd_ctlreq.o
LOAD Middlewares\ST\STM32_USB_Device_Library\Core\Src\usbd_ioreq.o
LOAD Src\gpio.o
LOAD Src\i2c.o
LOAD Src\lptim.o
LOAD Src\main.o
LOAD Src\stm32l4xx_hal_msp.o
LOAD Src\stm32l4xx_it.o
LOAD Src\system_stm32l4xx.o
LOAD Src\tim.o
LOAD Src\usart.o
LOAD Src\usb_device.o
LOAD Src\usbd_cdc_if.o
LOAD Src\usbd_conf.o
LOAD Src\usbd_desc.o
LOAD startup\startup_stm32l452xx.o
                0x00000080                malloc_getpagesize_P = 0x80
START GROUP
LOAD c:/program files (x86)/atollic/truestudio for stm32 9.2.0/armtools/bin/../lib/gcc/arm-atollic-eabi/6.3.1/../../../../arm-atollic-eabi/lib/armv7e-m/fpu\libc_nano.a
LOAD c:/program files (x86)/atollic/truestudio for stm32 9.2.0/armtools/bin/../lib/gcc/arm-atollic-eabi/6.3.1/../../../../arm-atollic-eabi/lib/armv7e-m/fpu\libm.a
END GROUP
START GROUP
LOAD c:/program files (x86)/atollic/truestudio for stm32 9.2.0/armtools/bin/../lib/gcc/arm-atollic-eabi/6.3.1/armv7e-m/fpu\libgcc.a
LOAD c:/program files (x86)/atollic/truestudio for stm32 9.2.0/armtools/bin/../lib/gcc/arm-atollic-eabi/6.3.1/../../../../arm-atollic-eabi/lib/armv7e-m/fpu\libc_nano.a
END GROUP
START GROUP
LOAD c:/program files (x86)/atollic/truestudio for stm32 9.2.0/armtools/bin/../lib/gcc/arm-atollic-eabi/6.3.1/armv7e-m/fpu\libgcc.a
LOAD c:/program files (x86)/atollic/truestudio for stm32 9.2.0/armtools/bin/../lib/gcc/arm-atollic-eabi/6.3.1/../../../../arm-atollic-eabi/lib/armv7e-m/fpu\libc_nano.a
LOAD c:/program files (x86)/atollic/truestudio for stm32 9.2.0/armtools/bin/../lib/gcc/arm-atollic-eabi/6.3.1/../../../../arm-atollic-eabi/lib/armv7e-m/fpu\libnosys.a
END GROUP
START GROUP
LOAD c:/program files (x86)/atollic/truestudio for stm32 9.2.0/armtools/bin/../lib/gcc/arm-atollic-eabi/6.3.1/armv7e-m/fpu\libgcc.a
LOAD c:/program files (x86)/atollic/truestudio for stm32 9.2.0/armtools/bin/../lib/gcc/arm-atollic-eabi/6.3.1/../../../../arm-atollic-eabi/lib/armv7e-m/fpu\libc_nano.a
LOAD c:/program files (x86)/atollic/truestudio for stm32 9.2.0/armtools/bin/../lib/gcc/arm-atollic-eabi/6.3.1/../../../../arm-atollic-eabi/lib/armv7e-m/fpu\libnosys.a
END GROUP
LOAD c:/program files (x86)/atollic/truestudio for stm32 9.2.0/armtools/bin/../lib/gcc/arm-atollic-eabi/6.3.1/armv7e-m/fpu/crtend.o
LOAD c:/program files (x86)/atollic/truestudio for stm32 9.2.0/armtools/bin/../lib/gcc/arm-atollic-eabi/6.3.1/armv7e-m/fpu/crtn.o
                0x20028000                _estack = 0x20028000
                0x00000200                _Min_Heap_Size = 0x200
                0x00000400                _Min_Stack_Size = 0x400

.isr_vector     0x08000000      0x194
                0x08000000                . = ALIGN (0x4)
 *(.isr_vector)
 .isr_vector    0x08000000      0x194 startup\startup_stm32l452xx.o
                0x08000000                g_pfnVectors
                0x08000194                . = ALIGN (0x4)

.text           0x08000194     0xb650
                0x08000194                . = ALIGN (0x4)
 *(.text)
 .text          0x08000194       0x40 c:/program files (x86)/atollic/truestudio for stm32 9.2.0/armtools/bin/../lib/gcc/arm-atollic-eabi/6.3.1/armv7e-m/fpu/crtbegin.o
 .text          0x080001d4       0x30 c:/program files (x86)/atollic/truestudio for stm32 9.2.0/armtools/bin/../lib/gcc/arm-atollic-eabi/6.3.1/armv7e-m/fpu\libgcc.a(_aeabi_uldivmod.o)
                0x080001d4                __aeabi_uldivmod
 .text          0x08000204      0x2dc c:/program files (x86)/atollic/truestudio for stm32 9.2.0/armtools/bin/../lib/gcc/arm-atollic-eabi/6.3.1/armv7e-m/fpu\libgcc.a(_udivmoddi4.o)
                0x08000204                __udivmoddi4
 .text          0x080004e0        0x4 c:/program files (x86)/atollic/truestudio for stm32 9.2.0/armtools/bin/../lib/gcc/arm-atollic-eabi/6.3.1/armv7e-m/fpu\libgcc.a(_dvmd_tls.o)
                0x080004e0                __aeabi_idiv0
                0x080004e0                __aeabi_ldiv0
 *(.text*)
 .text.app_dmx_init
                0x080004e4       0x64 APP\DMX\app_dmx.o
                0x080004e4                app_dmx_init
 .text.app_dmx_process
                0x08000548       0x54 APP\DMX\app_dmx.o
                0x08000548                app_dmx_process
 .text.app_dmx_cyclic1ms
                0x0800059c       0x24 APP\DMX\app_dmx.o
                0x0800059c                app_dmx_cyclic1ms
 .text.app_dmx_receiveMsg
                0x080005c0       0x48 APP\DMX\app_dmx.o
                0x080005c0                app_dmx_receiveMsg
 .text.dmx1TransmitterCallback
                0x08000608       0x1a APP\DMX\app_dmx.o
                0x08000608                dmx1TransmitterCallback
 .text.dmx2ReceiverCallback
                0x08000622       0x1a APP\DMX\app_dmx.o
                0x08000622                dmx2ReceiverCallback
 .text.USART1_IRQHandler
                0x0800063c       0x14 APP\DMX\app_dmx.o
                0x0800063c                USART1_IRQHandler
 .text.USART2_IRQHandler
                0x08000650       0x14 APP\DMX\app_dmx.o
                0x08000650                USART2_IRQHandler
 .text.app_dmx_preset_init
                0x08000664       0xd4 APP\DMX_Preset\app_dmx_preset.o
                0x08000664                app_dmx_preset_init
 .text.app_dmx_preset_process
                0x08000738      0x1c4 APP\DMX_Preset\app_dmx_preset.o
                0x08000738                app_dmx_preset_process
 .text.app_dmx_preset_cyclic1ms
                0x080008fc       0x24 APP\DMX_Preset\app_dmx_preset.o
                0x080008fc                app_dmx_preset_cyclic1ms
 .text.app_dmx_preset_receiveMsg
                0x08000920      0x164 APP\DMX_Preset\app_dmx_preset.o
                0x08000920                app_dmx_preset_receiveMsg
 .text.performNextTransitionStep
                0x08000a84      0x28c APP\DMX_Preset\app_dmx_preset.o
 .text.app_uart_irqHandler
                0x08000d10       0x9e APP\Uart\app_uart.o
                0x08000d10                app_uart_irqHandler
 *fill*         0x08000dae        0x2 
 .text.app_main
                0x08000db0       0xac APP\app.o
                0x08000db0                app_main
 .text.app_1ms  0x08000e5c       0x7c APP\app.o
                0x08000e5c                app_1ms
 .text.app_process
                0x08000ed8       0x3c APP\app.o
 .text.app_receiveMsg
                0x08000f14       0x30 APP\app.o
 .text.app_init
                0x08000f44       0x28 APP\app.o
 .text.sendMessage
                0x08000f6c       0x50 APP\app.o
 .text.messageBufferError
                0x08000fbc       0x16 APP\app.o
 *fill*         0x08000fd2        0x2 
 .text.eepromCallback
                0x08000fd4       0xac APP\app.o
                0x08000fd4                eepromCallback
 .text.UART4_IRQHandler
                0x08001080       0x24 APP\app.o
                0x08001080                UART4_IRQHandler
 .text.HAL_TIM_PeriodElapsedCallback
                0x080010a4       0x28 APP\app.o
                0x080010a4                HAL_TIM_PeriodElapsedCallback
 .text.TIM1_UP_TIM16_IRQHandler
                0x080010cc       0x30 APP\app.o
                0x080010cc                TIM1_UP_TIM16_IRQHandler
 .text.HAL_Init
                0x080010fc       0x30 Drivers\STM32L4xx_HAL_Driver\Src\stm32l4xx_hal.o
                0x080010fc                HAL_Init
 .text.HAL_InitTick
                0x0800112c       0x48 Drivers\STM32L4xx_HAL_Driver\Src\stm32l4xx_hal.o
                0x0800112c                HAL_InitTick
 .text.HAL_IncTick
                0x08001174       0x1c Drivers\STM32L4xx_HAL_Driver\Src\stm32l4xx_hal.o
                0x08001174                HAL_IncTick
 .text.HAL_GetTick
                0x08001190       0x18 Drivers\STM32L4xx_HAL_Driver\Src\stm32l4xx_hal.o
                0x08001190                HAL_GetTick
 .text.NVIC_SetPriorityGrouping
                0x080011a8       0x48 Drivers\STM32L4xx_HAL_Driver\Src\stm32l4xx_hal_cortex.o
 .text.NVIC_GetPriorityGrouping
                0x080011f0       0x1c Drivers\STM32L4xx_HAL_Driver\Src\stm32l4xx_hal_cortex.o
 .text.NVIC_EnableIRQ
                0x0800120c       0x34 Drivers\STM32L4xx_HAL_Driver\Src\stm32l4xx_hal_cortex.o
 .text.NVIC_SetPriority
                0x08001240       0x54 Drivers\STM32L4xx_HAL_Driver\Src\stm32l4xx_hal_cortex.o
 .text.NVIC_EncodePriority
                0x08001294       0x62 Drivers\STM32L4xx_HAL_Driver\Src\stm32l4xx_hal_cortex.o
 *fill*         0x080012f6        0x2 
 .text.SysTick_Config
                0x080012f8       0x44 Drivers\STM32L4xx_HAL_Driver\Src\stm32l4xx_hal_cortex.o
 .text.HAL_NVIC_SetPriorityGrouping
                0x0800133c       0x16 Drivers\STM32L4xx_HAL_Driver\Src\stm32l4xx_hal_cortex.o
                0x0800133c                HAL_NVIC_SetPriorityGrouping
 .text.HAL_NVIC_SetPriority
                0x08001352       0x38 Drivers\STM32L4xx_HAL_Driver\Src\stm32l4xx_hal_cortex.o
                0x08001352                HAL_NVIC_SetPriority
 .text.HAL_NVIC_EnableIRQ
                0x0800138a       0x1c Drivers\STM32L4xx_HAL_Driver\Src\stm32l4xx_hal_cortex.o
                0x0800138a                HAL_NVIC_EnableIRQ
 .text.HAL_SYSTICK_Config
                0x080013a6       0x18 Drivers\STM32L4xx_HAL_Driver\Src\stm32l4xx_hal_cortex.o
                0x080013a6                HAL_SYSTICK_Config
 *fill*         0x080013be        0x2 
 .text.HAL_GPIO_Init
                0x080013c0      0x2f4 Drivers\STM32L4xx_HAL_Driver\Src\stm32l4xx_hal_gpio.o
                0x080013c0                HAL_GPIO_Init
 .text.HAL_GPIO_ReadPin
                0x080016b4       0x30 Drivers\STM32L4xx_HAL_Driver\Src\stm32l4xx_hal_gpio.o
                0x080016b4                HAL_GPIO_ReadPin
 .text.HAL_GPIO_WritePin
                0x080016e4       0x30 Drivers\STM32L4xx_HAL_Driver\Src\stm32l4xx_hal_gpio.o
                0x080016e4                HAL_GPIO_WritePin
 .text.HAL_I2C_Init
                0x08001714      0x11c Drivers\STM32L4xx_HAL_Driver\Src\stm32l4xx_hal_i2c.o
                0x08001714                HAL_I2C_Init
 .text.HAL_I2C_Master_Transmit
                0x08001830      0x1e8 Drivers\STM32L4xx_HAL_Driver\Src\stm32l4xx_hal_i2c.o
                0x08001830                HAL_I2C_Master_Transmit
 .text.I2C_Flush_TXDR
                0x08001a18       0x48 Drivers\STM32L4xx_HAL_Driver\Src\stm32l4xx_hal_i2c.o
 .text.I2C_WaitOnFlagUntilTimeout
                0x08001a60       0x80 Drivers\STM32L4xx_HAL_Driver\Src\stm32l4xx_hal_i2c.o
 .text.I2C_WaitOnTXISFlagUntilTimeout
                0x08001ae0       0x80 Drivers\STM32L4xx_HAL_Driver\Src\stm32l4xx_hal_i2c.o
 .text.I2C_WaitOnSTOPFlagUntilTimeout
                0x08001b60       0x78 Drivers\STM32L4xx_HAL_Driver\Src\stm32l4xx_hal_i2c.o
 .text.I2C_IsAcknowledgeFailed
                0x08001bd8       0xcc Drivers\STM32L4xx_HAL_Driver\Src\stm32l4xx_hal_i2c.o
 .text.I2C_TransferConfig
                0x08001ca4       0x58 Drivers\STM32L4xx_HAL_Driver\Src\stm32l4xx_hal_i2c.o
 .text.HAL_I2CEx_ConfigAnalogFilter
                0x08001cfc       0x96 Drivers\STM32L4xx_HAL_Driver\Src\stm32l4xx_hal_i2c_ex.o
                0x08001cfc                HAL_I2CEx_ConfigAnalogFilter
 .text.HAL_I2CEx_ConfigDigitalFilter
                0x08001d92       0x98 Drivers\STM32L4xx_HAL_Driver\Src\stm32l4xx_hal_i2c_ex.o
                0x08001d92                HAL_I2CEx_ConfigDigitalFilter
 *fill*         0x08001e2a        0x2 
 .text.HAL_LPTIM_Init
                0x08001e2c      0x114 Drivers\STM32L4xx_HAL_Driver\Src\stm32l4xx_hal_lptim.o
                0x08001e2c                HAL_LPTIM_Init
 .text.HAL_LPTIM_IRQHandler
                0x08001f40      0x136 Drivers\STM32L4xx_HAL_Driver\Src\stm32l4xx_hal_lptim.o
                0x08001f40                HAL_LPTIM_IRQHandler
 .text.HAL_LPTIM_CompareMatchCallback
                0x08002076       0x14 Drivers\STM32L4xx_HAL_Driver\Src\stm32l4xx_hal_lptim.o
                0x08002076                HAL_LPTIM_CompareMatchCallback
 .text.HAL_LPTIM_AutoReloadMatchCallback
                0x0800208a       0x14 Drivers\STM32L4xx_HAL_Driver\Src\stm32l4xx_hal_lptim.o
                0x0800208a                HAL_LPTIM_AutoReloadMatchCallback
 .text.HAL_LPTIM_TriggerCallback
                0x0800209e       0x14 Drivers\STM32L4xx_HAL_Driver\Src\stm32l4xx_hal_lptim.o
                0x0800209e                HAL_LPTIM_TriggerCallback
 .text.HAL_LPTIM_CompareWriteCallback
                0x080020b2       0x14 Drivers\STM32L4xx_HAL_Driver\Src\stm32l4xx_hal_lptim.o
                0x080020b2                HAL_LPTIM_CompareWriteCallback
 .text.HAL_LPTIM_AutoReloadWriteCallback
                0x080020c6       0x14 Drivers\STM32L4xx_HAL_Driver\Src\stm32l4xx_hal_lptim.o
                0x080020c6                HAL_LPTIM_AutoReloadWriteCallback
 .text.HAL_LPTIM_DirectionUpCallback
                0x080020da       0x14 Drivers\STM32L4xx_HAL_Driver\Src\stm32l4xx_hal_lptim.o
                0x080020da                HAL_LPTIM_DirectionUpCallback
 .text.HAL_LPTIM_DirectionDownCallback
                0x080020ee       0x14 Drivers\STM32L4xx_HAL_Driver\Src\stm32l4xx_hal_lptim.o
                0x080020ee                HAL_LPTIM_DirectionDownCallback
 .text.HAL_PCD_Init
                0x08002102      0x1b2 Drivers\STM32L4xx_HAL_Driver\Src\stm32l4xx_hal_pcd.o
                0x08002102                HAL_PCD_Init
 .text.HAL_PCD_Start
                0x080022b4       0x44 Drivers\STM32L4xx_HAL_Driver\Src\stm32l4xx_hal_pcd.o
                0x080022b4                HAL_PCD_Start
 .text.HAL_PCD_IRQHandler
                0x080022f8      0x2b2 Drivers\STM32L4xx_HAL_Driver\Src\stm32l4xx_hal_pcd.o
                0x080022f8                HAL_PCD_IRQHandler
 .text.HAL_PCD_SetAddress
                0x080025aa       0x4a Drivers\STM32L4xx_HAL_Driver\Src\stm32l4xx_hal_pcd.o
                0x080025aa                HAL_PCD_SetAddress
 .text.HAL_PCD_EP_Open
                0x080025f4       0xc0 Drivers\STM32L4xx_HAL_Driver\Src\stm32l4xx_hal_pcd.o
                0x080025f4                HAL_PCD_EP_Open
 .text.HAL_PCD_EP_Close
                0x080026b4       0x84 Drivers\STM32L4xx_HAL_Driver\Src\stm32l4xx_hal_pcd.o
                0x080026b4                HAL_PCD_EP_Close
 .text.HAL_PCD_EP_Receive
                0x08002738       0x74 Drivers\STM32L4xx_HAL_Driver\Src\stm32l4xx_hal_pcd.o
                0x08002738                HAL_PCD_EP_Receive
 .text.HAL_PCD_EP_GetRxCount
                0x080027ac       0x2c Drivers\STM32L4xx_HAL_Driver\Src\stm32l4xx_hal_pcd.o
                0x080027ac                HAL_PCD_EP_GetRxCount
 .text.HAL_PCD_EP_Transmit
                0x080027d8       0x72 Drivers\STM32L4xx_HAL_Driver\Src\stm32l4xx_hal_pcd.o
                0x080027d8                HAL_PCD_EP_Transmit
 .text.HAL_PCD_EP_SetStall
                0x0800284a       0xb4 Drivers\STM32L4xx_HAL_Driver\Src\stm32l4xx_hal_pcd.o
                0x0800284a                HAL_PCD_EP_SetStall
 .text.HAL_PCD_EP_ClrStall
                0x080028fe       0x9c Drivers\STM32L4xx_HAL_Driver\Src\stm32l4xx_hal_pcd.o
                0x080028fe                HAL_PCD_EP_ClrStall
 *fill*         0x0800299a        0x2 
 .text.PCD_EP_ISR_Handler
                0x0800299c      0x4ec Drivers\STM32L4xx_HAL_Driver\Src\stm32l4xx_hal_pcd.o
 .text.HAL_PCDEx_PMAConfig
                0x08002e88       0x7a Drivers\STM32L4xx_HAL_Driver\Src\stm32l4xx_hal_pcd_ex.o
                0x08002e88                HAL_PCDEx_PMAConfig
 .text.HAL_PCDEx_ActivateBCD
                0x08002f02       0x4c Drivers\STM32L4xx_HAL_Driver\Src\stm32l4xx_hal_pcd_ex.o
                0x08002f02                HAL_PCDEx_ActivateBCD
 .text.HAL_PCDEx_ActivateLPM
                0x08002f4e       0x54 Drivers\STM32L4xx_HAL_Driver\Src\stm32l4xx_hal_pcd_ex.o
                0x08002f4e                HAL_PCDEx_ActivateLPM
 *fill*         0x08002fa2        0x2 
 .text.HAL_PWREx_GetVoltageRange
                0x08002fa4       0x1c Drivers\STM32L4xx_HAL_Driver\Src\stm32l4xx_hal_pwr_ex.o
                0x08002fa4                HAL_PWREx_GetVoltageRange
 .text.HAL_PWREx_ControlVoltageScaling
                0x08002fc0       0xac Drivers\STM32L4xx_HAL_Driver\Src\stm32l4xx_hal_pwr_ex.o
                0x08002fc0                HAL_PWREx_ControlVoltageScaling
 .text.HAL_PWREx_EnableVddUSB
                0x0800306c       0x20 Drivers\STM32L4xx_HAL_Driver\Src\stm32l4xx_hal_pwr_ex.o
                0x0800306c                HAL_PWREx_EnableVddUSB
 .text.HAL_RCC_OscConfig
                0x0800308c      0x74c Drivers\STM32L4xx_HAL_Driver\Src\stm32l4xx_hal_rcc.o
                0x0800308c                HAL_RCC_OscConfig
 .text.HAL_RCC_ClockConfig
                0x080037d8      0x1bc Drivers\STM32L4xx_HAL_Driver\Src\stm32l4xx_hal_rcc.o
                0x080037d8                HAL_RCC_ClockConfig
 .text.HAL_RCC_GetSysClockFreq
                0x08003994      0x138 Drivers\STM32L4xx_HAL_Driver\Src\stm32l4xx_hal_rcc.o
                0x08003994                HAL_RCC_GetSysClockFreq
 .text.HAL_RCC_GetHCLKFreq
                0x08003acc       0x18 Drivers\STM32L4xx_HAL_Driver\Src\stm32l4xx_hal_rcc.o
                0x08003acc                HAL_RCC_GetHCLKFreq
 .text.HAL_RCC_GetPCLK1Freq
                0x08003ae4       0x2c Drivers\STM32L4xx_HAL_Driver\Src\stm32l4xx_hal_rcc.o
                0x08003ae4                HAL_RCC_GetPCLK1Freq
 .text.HAL_RCC_GetPCLK2Freq
                0x08003b10       0x2c Drivers\STM32L4xx_HAL_Driver\Src\stm32l4xx_hal_rcc.o
                0x08003b10                HAL_RCC_GetPCLK2Freq
 .text.RCC_SetFlashLatencyFromMSIRange
                0x08003b3c       0xc0 Drivers\STM32L4xx_HAL_Driver\Src\stm32l4xx_hal_rcc.o
 .text.HAL_RCCEx_PeriphCLKConfig
                0x08003bfc      0x4d4 Drivers\STM32L4xx_HAL_Driver\Src\stm32l4xx_hal_rcc_ex.o
                0x08003bfc                HAL_RCCEx_PeriphCLKConfig
 .text.RCCEx_PLLSAI1_Config
                0x080040d0      0x1e0 Drivers\STM32L4xx_HAL_Driver\Src\stm32l4xx_hal_rcc_ex.o
 .text.HAL_TIM_Base_Init
                0x080042b0       0x56 Drivers\STM32L4xx_HAL_Driver\Src\stm32l4xx_hal_tim.o
                0x080042b0                HAL_TIM_Base_Init
 .text.HAL_TIM_PWM_Init
                0x08004306       0x56 Drivers\STM32L4xx_HAL_Driver\Src\stm32l4xx_hal_tim.o
                0x08004306                HAL_TIM_PWM_Init
 .text.HAL_TIM_IC_Init
                0x0800435c       0x56 Drivers\STM32L4xx_HAL_Driver\Src\stm32l4xx_hal_tim.o
                0x0800435c                HAL_TIM_IC_Init
 .text.HAL_TIM_IRQHandler
                0x080043b2      0x23e Drivers\STM32L4xx_HAL_Driver\Src\stm32l4xx_hal_tim.o
                0x080043b2                HAL_TIM_IRQHandler
 .text.HAL_TIM_IC_ConfigChannel
                0x080045f0      0x138 Drivers\STM32L4xx_HAL_Driver\Src\stm32l4xx_hal_tim.o
                0x080045f0                HAL_TIM_IC_ConfigChannel
 .text.HAL_TIM_PWM_ConfigChannel
                0x08004728      0x230 Drivers\STM32L4xx_HAL_Driver\Src\stm32l4xx_hal_tim.o
                0x08004728                HAL_TIM_PWM_ConfigChannel
 .text.HAL_TIM_ConfigClockSource
                0x08004958      0x196 Drivers\STM32L4xx_HAL_Driver\Src\stm32l4xx_hal_tim.o
                0x08004958                HAL_TIM_ConfigClockSource
 .text.HAL_TIM_OC_DelayElapsedCallback
                0x08004aee       0x14 Drivers\STM32L4xx_HAL_Driver\Src\stm32l4xx_hal_tim.o
                0x08004aee                HAL_TIM_OC_DelayElapsedCallback
 .text.HAL_TIM_IC_CaptureCallback
                0x08004b02       0x14 Drivers\STM32L4xx_HAL_Driver\Src\stm32l4xx_hal_tim.o
                0x08004b02                HAL_TIM_IC_CaptureCallback
 .text.HAL_TIM_PWM_PulseFinishedCallback
                0x08004b16       0x14 Drivers\STM32L4xx_HAL_Driver\Src\stm32l4xx_hal_tim.o
                0x08004b16                HAL_TIM_PWM_PulseFinishedCallback
 .text.HAL_TIM_TriggerCallback
                0x08004b2a       0x14 Drivers\STM32L4xx_HAL_Driver\Src\stm32l4xx_hal_tim.o
                0x08004b2a                HAL_TIM_TriggerCallback
 *fill*         0x08004b3e        0x2 
 .text.TIM_Base_SetConfig
                0x08004b40       0xdc Drivers\STM32L4xx_HAL_Driver\Src\stm32l4xx_hal_tim.o
                0x08004b40                TIM_Base_SetConfig
 .text.TIM_OC1_SetConfig
                0x08004c1c       0xf8 Drivers\STM32L4xx_HAL_Driver\Src\stm32l4xx_hal_tim.o
 .text.TIM_OC2_SetConfig
                0x08004d14       0xf4 Drivers\STM32L4xx_HAL_Driver\Src\stm32l4xx_hal_tim.o
                0x08004d14                TIM_OC2_SetConfig
 .text.TIM_OC3_SetConfig
                0x08004e08       0xf0 Drivers\STM32L4xx_HAL_Driver\Src\stm32l4xx_hal_tim.o
 .text.TIM_OC4_SetConfig
                0x08004ef8       0xbc Drivers\STM32L4xx_HAL_Driver\Src\stm32l4xx_hal_tim.o
 .text.TIM_OC5_SetConfig
                0x08004fb4       0xb0 Drivers\STM32L4xx_HAL_Driver\Src\stm32l4xx_hal_tim.o
 .text.TIM_OC6_SetConfig
                0x08005064       0xb4 Drivers\STM32L4xx_HAL_Driver\Src\stm32l4xx_hal_tim.o
 .text.TIM_TI1_SetConfig
                0x08005118       0xb8 Drivers\STM32L4xx_HAL_Driver\Src\stm32l4xx_hal_tim.o
                0x08005118                TIM_TI1_SetConfig
 .text.TIM_TI1_ConfigInputStage
                0x080051d0       0x5e Drivers\STM32L4xx_HAL_Driver\Src\stm32l4xx_hal_tim.o
 .text.TIM_TI2_SetConfig
                0x0800522e       0x7a Drivers\STM32L4xx_HAL_Driver\Src\stm32l4xx_hal_tim.o
 .text.TIM_TI2_ConfigInputStage
                0x080052a8       0x60 Drivers\STM32L4xx_HAL_Driver\Src\stm32l4xx_hal_tim.o
 .text.TIM_TI3_SetConfig
                0x08005308       0x78 Drivers\STM32L4xx_HAL_Driver\Src\stm32l4xx_hal_tim.o
 .text.TIM_TI4_SetConfig
                0x08005380       0x7a Drivers\STM32L4xx_HAL_Driver\Src\stm32l4xx_hal_tim.o
 .text.TIM_ITRx_SetConfig
                0x080053fa       0x36 Drivers\STM32L4xx_HAL_Driver\Src\stm32l4xx_hal_tim.o
 .text.TIM_ETR_SetConfig
                0x08005430       0x40 Drivers\STM32L4xx_HAL_Driver\Src\stm32l4xx_hal_tim.o
                0x08005430                TIM_ETR_SetConfig
 .text.HAL_TIMEx_MasterConfigSynchronization
                0x08005470       0xac Drivers\STM32L4xx_HAL_Driver\Src\stm32l4xx_hal_tim_ex.o
                0x08005470                HAL_TIMEx_MasterConfigSynchronization
 .text.HAL_TIMEx_ConfigBreakDeadTime
                0x0800551c       0xf0 Drivers\STM32L4xx_HAL_Driver\Src\stm32l4xx_hal_tim_ex.o
                0x0800551c                HAL_TIMEx_ConfigBreakDeadTime
 .text.HAL_TIMEx_CommutationCallback
                0x0800560c       0x14 Drivers\STM32L4xx_HAL_Driver\Src\stm32l4xx_hal_tim_ex.o
                0x0800560c                HAL_TIMEx_CommutationCallback
 .text.HAL_TIMEx_BreakCallback
                0x08005620       0x14 Drivers\STM32L4xx_HAL_Driver\Src\stm32l4xx_hal_tim_ex.o
                0x08005620                HAL_TIMEx_BreakCallback
 .text.HAL_TIMEx_Break2Callback
                0x08005634       0x14 Drivers\STM32L4xx_HAL_Driver\Src\stm32l4xx_hal_tim_ex.o
                0x08005634                HAL_TIMEx_Break2Callback
 .text.HAL_UART_Init
                0x08005648       0xa2 Drivers\STM32L4xx_HAL_Driver\Src\stm32l4xx_hal_uart.o
                0x08005648                HAL_UART_Init
 *fill*         0x080056ea        0x2 
 .text.UART_SetConfig
                0x080056ec      0x620 Drivers\STM32L4xx_HAL_Driver\Src\stm32l4xx_hal_uart.o
                0x080056ec                UART_SetConfig
 .text.UART_AdvFeatureConfig
                0x08005d0c      0x144 Drivers\STM32L4xx_HAL_Driver\Src\stm32l4xx_hal_uart.o
                0x08005d0c                UART_AdvFeatureConfig
 .text.UART_CheckIdleState
                0x08005e50       0x92 Drivers\STM32L4xx_HAL_Driver\Src\stm32l4xx_hal_uart.o
                0x08005e50                UART_CheckIdleState
 .text.UART_WaitOnFlagUntilTimeout
                0x08005ee2       0x94 Drivers\STM32L4xx_HAL_Driver\Src\stm32l4xx_hal_uart.o
                0x08005ee2                UART_WaitOnFlagUntilTimeout
 .text.USB_CoreInit
                0x08005f76       0x22 Drivers\STM32L4xx_HAL_Driver\Src\stm32l4xx_ll_usb.o
                0x08005f76                USB_CoreInit
 .text.USB_EnableGlobalInt
                0x08005f98       0x30 Drivers\STM32L4xx_HAL_Driver\Src\stm32l4xx_ll_usb.o
                0x08005f98                USB_EnableGlobalInt
 .text.USB_DisableGlobalInt
                0x08005fc8       0x3a Drivers\STM32L4xx_HAL_Driver\Src\stm32l4xx_ll_usb.o
                0x08005fc8                USB_DisableGlobalInt
 .text.USB_SetCurrentMode
                0x08006002       0x1a Drivers\STM32L4xx_HAL_Driver\Src\stm32l4xx_ll_usb.o
                0x08006002                USB_SetCurrentMode
 .text.USB_DevInit
                0x0800601c       0x48 Drivers\STM32L4xx_HAL_Driver\Src\stm32l4xx_ll_usb.o
                0x0800601c                USB_DevInit
 .text.USB_ActivateEndpoint
                0x08006064      0x5c4 Drivers\STM32L4xx_HAL_Driver\Src\stm32l4xx_ll_usb.o
                0x08006064                USB_ActivateEndpoint
 .text.USB_DeactivateEndpoint
                0x08006628      0x32c Drivers\STM32L4xx_HAL_Driver\Src\stm32l4xx_ll_usb.o
                0x08006628                USB_DeactivateEndpoint
 .text.USB_EPStartXfer
                0x08006954      0x568 Drivers\STM32L4xx_HAL_Driver\Src\stm32l4xx_ll_usb.o
                0x08006954                USB_EPStartXfer
 .text.USB_EPSetStall
                0x08006ebc       0x84 Drivers\STM32L4xx_HAL_Driver\Src\stm32l4xx_ll_usb.o
                0x08006ebc                USB_EPSetStall
 .text.USB_EPClearStall
                0x08006f40      0x11c Drivers\STM32L4xx_HAL_Driver\Src\stm32l4xx_ll_usb.o
                0x08006f40                USB_EPClearStall
 .text.USB_SetDevAddress
                0x0800705c       0x28 Drivers\STM32L4xx_HAL_Driver\Src\stm32l4xx_ll_usb.o
                0x0800705c                USB_SetDevAddress
 .text.USB_DevConnect
                0x08007084       0x2e Drivers\STM32L4xx_HAL_Driver\Src\stm32l4xx_ll_usb.o
                0x08007084                USB_DevConnect
 .text.USB_DevDisconnect
                0x080070b2       0x2a Drivers\STM32L4xx_HAL_Driver\Src\stm32l4xx_ll_usb.o
                0x080070b2                USB_DevDisconnect
 .text.USB_ReadInterrupts
                0x080070dc       0x20 Drivers\STM32L4xx_HAL_Driver\Src\stm32l4xx_ll_usb.o
                0x080070dc                USB_ReadInterrupts
 .text.USB_EP0_OutStart
                0x080070fc       0x18 Drivers\STM32L4xx_HAL_Driver\Src\stm32l4xx_ll_usb.o
                0x080070fc                USB_EP0_OutStart
 .text.USB_WritePMA
                0x08007114       0x82 Drivers\STM32L4xx_HAL_Driver\Src\stm32l4xx_ll_usb.o
                0x08007114                USB_WritePMA
 .text.USB_ReadPMA
                0x08007196       0xa0 Drivers\STM32L4xx_HAL_Driver\Src\stm32l4xx_ll_usb.o
                0x08007196                USB_ReadPMA
 .text.dmx_registerCallback
                0x08007236       0x1c Middleware\DMX\dmx.o
                0x08007236                dmx_registerCallback
 *fill*         0x08007252        0x2 
 .text.dmx_init
                0x08007254       0x94 Middleware\DMX\dmx.o
                0x08007254                dmx_init
 .text.dmx_loop
                0x080072e8       0x74 Middleware\DMX\dmx.o
                0x080072e8                dmx_loop
 .text.dmx_1ms  0x0800735c       0x26 Middleware\DMX\dmx.o
                0x0800735c                dmx_1ms
 .text.dmx_sendStart
                0x08007382       0x7e Middleware\DMX\dmx.o
                0x08007382                dmx_sendStart
 .text.dmx_txStart
                0x08007400       0x24 Middleware\DMX\dmx.o
                0x08007400                dmx_txStart
 .text.dmx_rxStart
                0x08007424       0x2c Middleware\DMX\dmx.o
                0x08007424                dmx_rxStart
 .text.dmx_irqTxTimerHandler
                0x08007450       0xd2 Middleware\DMX\dmx.o
                0x08007450                dmx_irqTxTimerHandler
 .text.dmx_irqTxInterfaceHandler
                0x08007522       0xea Middleware\DMX\dmx.o
                0x08007522                dmx_irqTxInterfaceHandler
 .text.dmx_irqRxInterfaceHandler
                0x0800760c       0xf0 Middleware\DMX\dmx.o
                0x0800760c                dmx_irqRxInterfaceHandler
 .text.eeprom_registerCallback
                0x080076fc       0x1c Middleware\EEPROM_24xxxx\eeprom.o
                0x080076fc                eeprom_registerCallback
 .text.eeprom_init
                0x08007718       0x26 Middleware\EEPROM_24xxxx\eeprom.o
                0x08007718                eeprom_init
 .text.eeprom_write
                0x0800773e       0x44 Middleware\EEPROM_24xxxx\eeprom.o
                0x0800773e                eeprom_write
 .text.writeStartAddr
                0x08007782       0x1e Middleware\EEPROM_24xxxx\eeprom.o
 .text.writeData
                0x080077a0       0x3c Middleware\EEPROM_24xxxx\eeprom.o
 .text.writeValidation
                0x080077dc       0x5c Middleware\EEPROM_24xxxx\eeprom.o
 .text.callbackError
                0x08007838       0x16 Middleware\EEPROM_24xxxx\eeprom.o
 .text.isSimilarToLast
                0x0800784e       0x98 Middleware\MSG\msg.o
 .text.writeMsg
                0x080078e6      0x10c Middleware\MSG\msg.o
 .text.msg_writeEvent
                0x080079f2       0x2e Middleware\MSG\msg.o
                0x080079f2                msg_writeEvent
 .text.msg_writeAction
                0x08007a20       0x32 Middleware\MSG\msg.o
                0x08007a20                msg_writeAction
 .text.msg_getNext
                0x08007a52      0x13a Middleware\MSG\msg.o
                0x08007a52                msg_getNext
 .text.msg_isAction
                0x08007b8c       0x24 Middleware\MSG\msg.o
                0x08007b8c                msg_isAction
 .text.RINGBUFFER_cIn
                0x08007bb0       0x7a Middleware\RINGBUFFER\ringbuffer.o
                0x08007bb0                RINGBUFFER_cIn
 .text.RINGBUFFER_cOut
                0x08007c2a       0x62 Middleware\RINGBUFFER\ringbuffer.o
                0x08007c2a                RINGBUFFER_cOut
 .text.RINGBUFFER_isEmpty
                0x08007c8c       0x26 Middleware\RINGBUFFER\ringbuffer.o
                0x08007c8c                RINGBUFFER_isEmpty
 .text.soft_i2c_bsp_gpioInit
                0x08007cb2       0xc0 Middleware\Soft_I2C\soft_i2c.o
 .text.soft_i2c_bsp_timInit
                0x08007d72       0x74 Middleware\Soft_I2C\soft_i2c.o
 .text.soft_i2c_bsp_timStart
                0x08007de6       0x24 Middleware\Soft_I2C\soft_i2c.o
 .text.soft_i2c_bsp_timStop
                0x08007e0a       0x24 Middleware\Soft_I2C\soft_i2c.o
 *fill*         0x08007e2e        0x2 
 .text.i2c_soft_init
                0x08007e30       0x40 Middleware\Soft_I2C\soft_i2c.o
                0x08007e30                i2c_soft_init
 .text.i2c_soft_timer_us
                0x08007e70       0x26 Middleware\Soft_I2C\soft_i2c.o
                0x08007e70                i2c_soft_timer_us
 .text.i2c_soft_mem_read
                0x08007e96      0x110 Middleware\Soft_I2C\soft_i2c.o
                0x08007e96                i2c_soft_mem_read
 .text.i2c_soft_mem_write
                0x08007fa6       0xc6 Middleware\Soft_I2C\soft_i2c.o
                0x08007fa6                i2c_soft_mem_write
 .text.busy_wait_us
                0x0800806c       0x36 Middleware\Soft_I2C\soft_i2c.o
 .text.wait_for_clock_stretching_end
                0x080080a2       0x52 Middleware\Soft_I2C\soft_i2c.o
 .text.start_cond
                0x080080f4       0x7a Middleware\Soft_I2C\soft_i2c.o
 .text.stop_cond
                0x0800816e       0xa0 Middleware\Soft_I2C\soft_i2c.o
 .text.write_bit
                0x0800820e       0x86 Middleware\Soft_I2C\soft_i2c.o
 .text.read_bit
                0x08008294       0x86 Middleware\Soft_I2C\soft_i2c.o
 .text.write_byte
                0x0800831a       0x74 Middleware\Soft_I2C\soft_i2c.o
 .text.read_byte
                0x0800838e       0x84 Middleware\Soft_I2C\soft_i2c.o
 .text.USBD_CDC_Init
                0x08008412       0xf4 Middlewares\ST\STM32_USB_Device_Library\Class\CDC\Src\usbd_cdc.o
 .text.USBD_CDC_DeInit
                0x08008506       0x6e Middlewares\ST\STM32_USB_Device_Library\Class\CDC\Src\usbd_cdc.o
 .text.USBD_CDC_Setup
                0x08008574      0x140 Middlewares\ST\STM32_USB_Device_Library\Class\CDC\Src\usbd_cdc.o
 .text.USBD_CDC_DataIn
                0x080086b4       0xa0 Middlewares\ST\STM32_USB_Device_Library\Class\CDC\Src\usbd_cdc.o
 .text.USBD_CDC_DataOut
                0x08008754       0x56 Middlewares\ST\STM32_USB_Device_Library\Class\CDC\Src\usbd_cdc.o
 .text.USBD_CDC_EP0_RxReady
                0x080087aa       0x50 Middlewares\ST\STM32_USB_Device_Library\Class\CDC\Src\usbd_cdc.o
 *fill*         0x080087fa        0x2 
 .text.USBD_CDC_GetFSCfgDesc
                0x080087fc       0x20 Middlewares\ST\STM32_USB_Device_Library\Class\CDC\Src\usbd_cdc.o
 .text.USBD_CDC_GetHSCfgDesc
                0x0800881c       0x20 Middlewares\ST\STM32_USB_Device_Library\Class\CDC\Src\usbd_cdc.o
 .text.USBD_CDC_GetOtherSpeedCfgDesc
                0x0800883c       0x20 Middlewares\ST\STM32_USB_Device_Library\Class\CDC\Src\usbd_cdc.o
 .text.USBD_CDC_GetDeviceQualifierDescriptor
                0x0800885c       0x20 Middlewares\ST\STM32_USB_Device_Library\Class\CDC\Src\usbd_cdc.o
                0x0800885c                USBD_CDC_GetDeviceQualifierDescriptor
 .text.USBD_CDC_RegisterInterface
                0x0800887c       0x2e Middlewares\ST\STM32_USB_Device_Library\Class\CDC\Src\usbd_cdc.o
                0x0800887c                USBD_CDC_RegisterInterface
 .text.USBD_CDC_SetTxBuffer
                0x080088aa       0x34 Middlewares\ST\STM32_USB_Device_Library\Class\CDC\Src\usbd_cdc.o
                0x080088aa                USBD_CDC_SetTxBuffer
 .text.USBD_CDC_SetRxBuffer
                0x080088de       0x28 Middlewares\ST\STM32_USB_Device_Library\Class\CDC\Src\usbd_cdc.o
                0x080088de                USBD_CDC_SetRxBuffer
 .text.USBD_CDC_ReceivePacket
                0x08008906       0x54 Middlewares\ST\STM32_USB_Device_Library\Class\CDC\Src\usbd_cdc.o
                0x08008906                USBD_CDC_ReceivePacket
 .text.USBD_Init
                0x0800895a       0x56 Middlewares\ST\STM32_USB_Device_Library\Core\Src\usbd_core.o
                0x0800895a                USBD_Init
 .text.USBD_RegisterClass
                0x080089b0       0x34 Middlewares\ST\STM32_USB_Device_Library\Core\Src\usbd_core.o
                0x080089b0                USBD_RegisterClass
 .text.USBD_Start
                0x080089e4       0x18 Middlewares\ST\STM32_USB_Device_Library\Core\Src\usbd_core.o
                0x080089e4                USBD_Start
 .text.USBD_RunTestMode
                0x080089fc       0x16 Middlewares\ST\STM32_USB_Device_Library\Core\Src\usbd_core.o
                0x080089fc                USBD_RunTestMode
 .text.USBD_SetClassConfig
                0x08008a12       0x3e Middlewares\ST\STM32_USB_Device_Library\Core\Src\usbd_core.o
                0x08008a12                USBD_SetClassConfig
 .text.USBD_ClrClassConfig
                0x08008a50       0x26 Middlewares\ST\STM32_USB_Device_Library\Core\Src\usbd_core.o
                0x08008a50                USBD_ClrClassConfig
 .text.USBD_LL_SetupStage
                0x08008a76       0x96 Middlewares\ST\STM32_USB_Device_Library\Core\Src\usbd_core.o
                0x08008a76                USBD_LL_SetupStage
 .text.USBD_LL_DataOutStage
                0x08008b0c       0xda Middlewares\ST\STM32_USB_Device_Library\Core\Src\usbd_core.o
                0x08008b0c                USBD_LL_DataOutStage
 .text.USBD_LL_DataInStage
                0x08008be6      0x14a Middlewares\ST\STM32_USB_Device_Library\Core\Src\usbd_core.o
                0x08008be6                USBD_LL_DataInStage
 .text.USBD_LL_Reset
                0x08008d30       0x82 Middlewares\ST\STM32_USB_Device_Library\Core\Src\usbd_core.o
                0x08008d30                USBD_LL_Reset
 .text.USBD_LL_SetSpeed
                0x08008db2       0x20 Middlewares\ST\STM32_USB_Device_Library\Core\Src\usbd_core.o
                0x08008db2                USBD_LL_SetSpeed
 .text.USBD_LL_Suspend
                0x08008dd2       0x2a Middlewares\ST\STM32_USB_Device_Library\Core\Src\usbd_core.o
                0x08008dd2                USBD_LL_Suspend
 .text.USBD_LL_Resume
                0x08008dfc       0x22 Middlewares\ST\STM32_USB_Device_Library\Core\Src\usbd_core.o
                0x08008dfc                USBD_LL_Resume
 .text.USBD_LL_SOF
                0x08008e1e       0x34 Middlewares\ST\STM32_USB_Device_Library\Core\Src\usbd_core.o
                0x08008e1e                USBD_LL_SOF
 *fill*         0x08008e52        0x2 
 .text.USBD_StdDevReq
                0x08008e54       0xd4 Middlewares\ST\STM32_USB_Device_Library\Core\Src\usbd_ctlreq.o
                0x08008e54                USBD_StdDevReq
 .text.USBD_StdItfReq
                0x08008f28       0x8c Middlewares\ST\STM32_USB_Device_Library\Core\Src\usbd_ctlreq.o
                0x08008f28                USBD_StdItfReq
 .text.USBD_StdEPReq
                0x08008fb4      0x2b6 Middlewares\ST\STM32_USB_Device_Library\Core\Src\usbd_ctlreq.o
                0x08008fb4                USBD_StdEPReq
 *fill*         0x0800926a        0x2 
 .text.USBD_GetDescriptor
                0x0800926c      0x22c Middlewares\ST\STM32_USB_Device_Library\Core\Src\usbd_ctlreq.o
 .text.USBD_SetAddress
                0x08009498       0x84 Middlewares\ST\STM32_USB_Device_Library\Core\Src\usbd_ctlreq.o
 .text.USBD_SetConfig
                0x0800951c      0x11c Middlewares\ST\STM32_USB_Device_Library\Core\Src\usbd_ctlreq.o
 .text.USBD_GetConfig
                0x08009638       0x68 Middlewares\ST\STM32_USB_Device_Library\Core\Src\usbd_ctlreq.o
 .text.USBD_GetStatus
                0x080096a0       0x66 Middlewares\ST\STM32_USB_Device_Library\Core\Src\usbd_ctlreq.o
 .text.USBD_SetFeature
                0x08009706       0x28 Middlewares\ST\STM32_USB_Device_Library\Core\Src\usbd_ctlreq.o
 .text.USBD_ClrFeature
                0x0800972e       0x42 Middlewares\ST\STM32_USB_Device_Library\Core\Src\usbd_ctlreq.o
 .text.USBD_ParseSetupRequest
                0x08009770       0x7a Middlewares\ST\STM32_USB_Device_Library\Core\Src\usbd_ctlreq.o
                0x08009770                USBD_ParseSetupRequest
 .text.USBD_CtlError
                0x080097ea       0x22 Middlewares\ST\STM32_USB_Device_Library\Core\Src\usbd_ctlreq.o
                0x080097ea                USBD_CtlError
 .text.USBD_GetString
                0x0800980c       0x84 Middlewares\ST\STM32_USB_Device_Library\Core\Src\usbd_ctlreq.o
                0x0800980c                USBD_GetString
 .text.USBD_GetLen
                0x08009890       0x30 Middlewares\ST\STM32_USB_Device_Library\Core\Src\usbd_ctlreq.o
 .text.USBD_CtlSendData
                0x080098c0       0x38 Middlewares\ST\STM32_USB_Device_Library\Core\Src\usbd_ioreq.o
                0x080098c0                USBD_CtlSendData
 .text.USBD_CtlContinueSendData
                0x080098f8       0x24 Middlewares\ST\STM32_USB_Device_Library\Core\Src\usbd_ioreq.o
                0x080098f8                USBD_CtlContinueSendData
 .text.USBD_CtlPrepareRx
                0x0800991c       0x3c Middlewares\ST\STM32_USB_Device_Library\Core\Src\usbd_ioreq.o
                0x0800991c                USBD_CtlPrepareRx
 .text.USBD_CtlContinueRx
                0x08009958       0x24 Middlewares\ST\STM32_USB_Device_Library\Core\Src\usbd_ioreq.o
                0x08009958                USBD_CtlContinueRx
 .text.USBD_CtlSendStatus
                0x0800997c       0x26 Middlewares\ST\STM32_USB_Device_Library\Core\Src\usbd_ioreq.o
                0x0800997c                USBD_CtlSendStatus
 .text.USBD_CtlReceiveStatus
                0x080099a2       0x26 Middlewares\ST\STM32_USB_Device_Library\Core\Src\usbd_ioreq.o
                0x080099a2                USBD_CtlReceiveStatus
 .text.MX_GPIO_Init
                0x080099c8      0x164 Src\gpio.o
                0x080099c8                MX_GPIO_Init
 .text.gpio_ConfigureToFloating
                0x08009b2c       0x3c Src\gpio.o
                0x08009b2c                gpio_ConfigureToFloating
 .text.gpio_ConfigureToPushPull
                0x08009b68       0x4c Src\gpio.o
                0x08009b68                gpio_ConfigureToPushPull
 .text.gpio_setPinMode
                0x08009bb4       0x7e Src\gpio.o
                0x08009bb4                gpio_setPinMode
 .text.gpio_setPinMode2
                0x08009c32       0x74 Src\gpio.o
                0x08009c32                gpio_setPinMode2
 *fill*         0x08009ca6        0x2 
 .text.MX_I2C2_Init
                0x08009ca8       0x80 Src\i2c.o
                0x08009ca8                MX_I2C2_Init
 .text.HAL_I2C_MspInit
                0x08009d28       0x88 Src\i2c.o
                0x08009d28                HAL_I2C_MspInit
 .text.MX_LPTIM1_Init
                0x08009db0       0x58 Src\lptim.o
                0x08009db0                MX_LPTIM1_Init
 .text.MX_LPTIM2_Init
                0x08009e08       0x58 Src\lptim.o
                0x08009e08                MX_LPTIM2_Init
 .text.HAL_LPTIM_MspInit
                0x08009e60       0x84 Src\lptim.o
                0x08009e60                HAL_LPTIM_MspInit
 .text.main     0x08009ee4       0x4a Src\main.o
                0x08009ee4                main
 .text.SystemClock_Config
                0x08009f2e      0x112 Src\main.o
                0x08009f2e                SystemClock_Config
 .text.Error_Handler
                0x0800a040        0xe Src\main.o
                0x0800a040                Error_Handler
 *fill*         0x0800a04e        0x2 
 .text.HAL_MspInit
                0x0800a050       0x48 Src\stm32l4xx_hal_msp.o
                0x0800a050                HAL_MspInit
 .text.NMI_Handler
                0x0800a098        0xe Src\stm32l4xx_it.o
                0x0800a098                NMI_Handler
 .text.HardFault_Handler
                0x0800a0a6        0x6 Src\stm32l4xx_it.o
                0x0800a0a6                HardFault_Handler
 .text.MemManage_Handler
                0x0800a0ac        0x6 Src\stm32l4xx_it.o
                0x0800a0ac                MemManage_Handler
 .text.BusFault_Handler
                0x0800a0b2        0x6 Src\stm32l4xx_it.o
                0x0800a0b2                BusFault_Handler
 .text.UsageFault_Handler
                0x0800a0b8        0x6 Src\stm32l4xx_it.o
                0x0800a0b8                UsageFault_Handler
 .text.SVC_Handler
                0x0800a0be        0xe Src\stm32l4xx_it.o
                0x0800a0be                SVC_Handler
 .text.DebugMon_Handler
                0x0800a0cc        0xe Src\stm32l4xx_it.o
                0x0800a0cc                DebugMon_Handler
 .text.PendSV_Handler
                0x0800a0da        0xe Src\stm32l4xx_it.o
                0x0800a0da                PendSV_Handler
 .text.SysTick_Handler
                0x0800a0e8       0x10 Src\stm32l4xx_it.o
                0x0800a0e8                SysTick_Handler
 .text.TIM1_BRK_TIM15_IRQHandler
                0x0800a0f8       0x1c Src\stm32l4xx_it.o
                0x0800a0f8                TIM1_BRK_TIM15_IRQHandler
 .text.TIM1_TRG_COM_IRQHandler
                0x0800a114       0x14 Src\stm32l4xx_it.o
                0x0800a114                TIM1_TRG_COM_IRQHandler
 .text.TIM1_CC_IRQHandler
                0x0800a128       0x14 Src\stm32l4xx_it.o
                0x0800a128                TIM1_CC_IRQHandler
 .text.TIM2_IRQHandler
                0x0800a13c       0x14 Src\stm32l4xx_it.o
                0x0800a13c                TIM2_IRQHandler
 .text.TIM3_IRQHandler
                0x0800a150       0x14 Src\stm32l4xx_it.o
                0x0800a150                TIM3_IRQHandler
 .text.TIM6_DAC_IRQHandler
                0x0800a164       0x14 Src\stm32l4xx_it.o
                0x0800a164                TIM6_DAC_IRQHandler
 .text.LPTIM1_IRQHandler
                0x0800a178       0x14 Src\stm32l4xx_it.o
                0x0800a178                LPTIM1_IRQHandler
 .text.LPTIM2_IRQHandler
                0x0800a18c       0x14 Src\stm32l4xx_it.o
                0x0800a18c                LPTIM2_IRQHandler
 .text.USB_IRQHandler
                0x0800a1a0       0x14 Src\stm32l4xx_it.o
                0x0800a1a0                USB_IRQHandler
 .text.SystemInit
                0x0800a1b4       0x6c Src\system_stm32l4xx.o
                0x0800a1b4                SystemInit
 .text.MX_TIM1_Init
                0x0800a220      0x11c Src\tim.o
                0x0800a220                MX_TIM1_Init
 .text.MX_TIM2_Init
                0x0800a33c       0x78 Src\tim.o
                0x0800a33c                MX_TIM2_Init
 .text.MX_TIM3_Init
                0x0800a3b4       0xc4 Src\tim.o
                0x0800a3b4                MX_TIM3_Init
 .text.MX_TIM6_Init
                0x0800a478       0x6c Src\tim.o
                0x0800a478                MX_TIM6_Init
 .text.MX_TIM15_Init
                0x0800a4e4      0x15c Src\tim.o
                0x0800a4e4                MX_TIM15_Init
 .text.MX_TIM16_Init
                0x0800a640       0x4c Src\tim.o
                0x0800a640                MX_TIM16_Init
 .text.HAL_TIM_PWM_MspInit
                0x0800a68c       0x7c Src\tim.o
                0x0800a68c                HAL_TIM_PWM_MspInit
 .text.HAL_TIM_IC_MspInit
                0x0800a708      0x104 Src\tim.o
                0x0800a708                HAL_TIM_IC_MspInit
 .text.HAL_TIM_Base_MspInit
                0x0800a80c       0xbc Src\tim.o
                0x0800a80c                HAL_TIM_Base_MspInit
 .text.HAL_TIM_MspPostInit
                0x0800a8c8       0xbc Src\tim.o
                0x0800a8c8                HAL_TIM_MspPostInit
 .text.tim_setNewTimeAndStart
                0x0800a984       0x70 Src\tim.o
                0x0800a984                tim_setNewTimeAndStart
 .text.tim_stop
                0x0800a9f4       0x38 Src\tim.o
                0x0800a9f4                tim_stop
 .text.MX_UART4_Init
                0x0800aa2c       0x60 Src\usart.o
                0x0800aa2c                MX_UART4_Init
 .text.MX_USART1_UART_Init
                0x0800aa8c       0x64 Src\usart.o
                0x0800aa8c                MX_USART1_UART_Init
 .text.MX_USART2_UART_Init
                0x0800aaf0       0x64 Src\usart.o
                0x0800aaf0                MX_USART2_UART_Init
 .text.HAL_UART_MspInit
                0x0800ab54      0x180 Src\usart.o
                0x0800ab54                HAL_UART_MspInit
 .text.uart_enableReceiveInt
                0x0800acd4       0x20 Src\usart.o
                0x0800acd4                uart_enableReceiveInt
 .text.MX_USB_DEVICE_Init
                0x0800acf4       0x44 Src\usb_device.o
                0x0800acf4                MX_USB_DEVICE_Init
 .text.CDC_Init_FS
                0x0800ad38       0x28 Src\usbd_cdc_if.o
 .text.CDC_DeInit_FS
                0x0800ad60       0x10 Src\usbd_cdc_if.o
 .text.CDC_Control_FS
                0x0800ad70       0xbc Src\usbd_cdc_if.o
 .text.CDC_Receive_FS
                0x0800ae2c       0x28 Src\usbd_cdc_if.o
 .text.HAL_PCD_MspInit
                0x0800ae54       0x70 Src\usbd_conf.o
                0x0800ae54                HAL_PCD_MspInit
 .text.HAL_PCD_SetupStageCallback
                0x0800aec4       0x24 Src\usbd_conf.o
                0x0800aec4                HAL_PCD_SetupStageCallback
 .text.HAL_PCD_DataOutStageCallback
                0x0800aee8       0x30 Src\usbd_conf.o
                0x0800aee8                HAL_PCD_DataOutStageCallback
 .text.HAL_PCD_DataInStageCallback
                0x0800af18       0x2e Src\usbd_conf.o
                0x0800af18                HAL_PCD_DataInStageCallback
 .text.HAL_PCD_SOFCallback
                0x0800af46       0x1c Src\usbd_conf.o
                0x0800af46                HAL_PCD_SOFCallback
 .text.HAL_PCD_ResetCallback
                0x0800af62       0x44 Src\usbd_conf.o
                0x0800af62                HAL_PCD_ResetCallback
 *fill*         0x0800afa6        0x2 
 .text.HAL_PCD_SuspendCallback
                0x0800afa8       0x34 Src\usbd_conf.o
                0x0800afa8                HAL_PCD_SuspendCallback
 .text.HAL_PCD_ResumeCallback
                0x0800afdc       0x38 Src\usbd_conf.o
                0x0800afdc                HAL_PCD_ResumeCallback
 .text.USBD_LL_Init
                0x0800b014       0xc8 Src\usbd_conf.o
                0x0800b014                USBD_LL_Init
 .text.USBD_LL_Start
                0x0800b0dc       0x64 Src\usbd_conf.o
                0x0800b0dc                USBD_LL_Start
 .text.USBD_LL_OpenEP
                0x0800b140       0x7c Src\usbd_conf.o
                0x0800b140                USBD_LL_OpenEP
 .text.USBD_LL_CloseEP
                0x0800b1bc       0x6c Src\usbd_conf.o
                0x0800b1bc                USBD_LL_CloseEP
 .text.USBD_LL_StallEP
                0x0800b228       0x6c Src\usbd_conf.o
                0x0800b228                USBD_LL_StallEP
 .text.USBD_LL_ClearStallEP
                0x0800b294       0x6c Src\usbd_conf.o
                0x0800b294                USBD_LL_ClearStallEP
 .text.USBD_LL_IsStallEP
                0x0800b300       0x4c Src\usbd_conf.o
                0x0800b300                USBD_LL_IsStallEP
 .text.USBD_LL_SetUSBAddress
                0x0800b34c       0x6c Src\usbd_conf.o
                0x0800b34c                USBD_LL_SetUSBAddress
 .text.USBD_LL_Transmit
                0x0800b3b8       0x74 Src\usbd_conf.o
                0x0800b3b8                USBD_LL_Transmit
 .text.USBD_LL_PrepareReceive
                0x0800b42c       0x74 Src\usbd_conf.o
                0x0800b42c                USBD_LL_PrepareReceive
 .text.USBD_LL_GetRxDataSize
                0x0800b4a0       0x26 Src\usbd_conf.o
                0x0800b4a0                USBD_LL_GetRxDataSize
 *fill*         0x0800b4c6        0x2 
 .text.HAL_PCDEx_LPM_Callback
                0x0800b4c8       0x6c Src\usbd_conf.o
                0x0800b4c8                HAL_PCDEx_LPM_Callback
 .text.USBD_static_malloc
                0x0800b534       0x1c Src\usbd_conf.o
                0x0800b534                USBD_static_malloc
 .text.USBD_static_free
                0x0800b550       0x14 Src\usbd_conf.o
                0x0800b550                USBD_static_free
 .text.SystemClockConfig_Resume
                0x0800b564        0xc Src\usbd_conf.o
 .text.USBD_LL_BatteryCharging
                0x0800b570       0x2a Src\usbd_conf.o
                0x0800b570                USBD_LL_BatteryCharging
 *fill*         0x0800b59a        0x2 
 .text.USBD_FS_DeviceDescriptor
                0x0800b59c       0x24 Src\usbd_desc.o
                0x0800b59c                USBD_FS_DeviceDescriptor
 .text.USBD_FS_LangIDStrDescriptor
                0x0800b5c0       0x24 Src\usbd_desc.o
                0x0800b5c0                USBD_FS_LangIDStrDescriptor
 .text.USBD_FS_ProductStrDescriptor
                0x0800b5e4       0x3c Src\usbd_desc.o
                0x0800b5e4                USBD_FS_ProductStrDescriptor
 .text.USBD_FS_ManufacturerStrDescriptor
                0x0800b620       0x28 Src\usbd_desc.o
                0x0800b620                USBD_FS_ManufacturerStrDescriptor
 .text.USBD_FS_SerialStrDescriptor
                0x0800b648       0x3c Src\usbd_desc.o
                0x0800b648                USBD_FS_SerialStrDescriptor
 .text.USBD_FS_ConfigStrDescriptor
                0x0800b684       0x3c Src\usbd_desc.o
                0x0800b684                USBD_FS_ConfigStrDescriptor
 .text.USBD_FS_InterfaceStrDescriptor
                0x0800b6c0       0x3c Src\usbd_desc.o
                0x0800b6c0                USBD_FS_InterfaceStrDescriptor
 .text.USBD_FS_USR_BOSDescriptor
                0x0800b6fc       0x24 Src\usbd_desc.o
                0x0800b6fc                USBD_FS_USR_BOSDescriptor
 .text.Reset_Handler
                0x0800b720       0x50 startup\startup_stm32l452xx.o
                0x0800b720                Reset_Handler
 .text.Default_Handler
                0x0800b770        0x2 startup\startup_stm32l452xx.o
                0x0800b770                RTC_Alarm_IRQHandler
                0x0800b770                EXTI2_IRQHandler
                0x0800b770                TSC_IRQHandler
                0x0800b770                TAMP_STAMP_IRQHandler
                0x0800b770                EXTI3_IRQHandler
                0x0800b770                DFSDM1_FLT1_IRQHandler
                0x0800b770                I2C3_ER_IRQHandler
                0x0800b770                EXTI0_IRQHandler
                0x0800b770                I2C2_EV_IRQHandler
                0x0800b770                CAN1_RX0_IRQHandler
                0x0800b770                FPU_IRQHandler
                0x0800b770                SPI1_IRQHandler
                0x0800b770                DMA2_Channel2_IRQHandler
                0x0800b770                DMA1_Channel4_IRQHandler
                0x0800b770                ADC1_IRQHandler
                0x0800b770                USART3_IRQHandler
                0x0800b770                DMA1_Channel7_IRQHandler
                0x0800b770                CAN1_RX1_IRQHandler
                0x0800b770                DMA2_Channel1_IRQHandler
                0x0800b770                QUADSPI_IRQHandler
                0x0800b770                I2C1_EV_IRQHandler
                0x0800b770                DMA1_Channel6_IRQHandler
                0x0800b770                DMA2_Channel4_IRQHandler
                0x0800b770                RCC_IRQHandler
                0x0800b770                DMA1_Channel1_IRQHandler
                0x0800b770                Default_Handler
                0x0800b770                DMA2_Channel7_IRQHandler
                0x0800b770                EXTI15_10_IRQHandler
                0x0800b770                SDMMC1_IRQHandler
                0x0800b770                I2C3_EV_IRQHandler
                0x0800b770                EXTI9_5_IRQHandler
                0x0800b770                RTC_WKUP_IRQHandler
                0x0800b770                PVD_PVM_IRQHandler
                0x0800b770                SPI2_IRQHandler
                0x0800b770                CAN1_TX_IRQHandler
                0x0800b770                DMA2_Channel5_IRQHandler
                0x0800b770                CRS_IRQHandler
                0x0800b770                DMA1_Channel5_IRQHandler
                0x0800b770                EXTI4_IRQHandler
                0x0800b770                RNG_IRQHandler
                0x0800b770                DMA1_Channel3_IRQHandler
                0x0800b770                COMP_IRQHandler
                0x0800b770                WWDG_IRQHandler
                0x0800b770                I2C4_EV_IRQHandler
                0x0800b770                LPUART1_IRQHandler
                0x0800b770                DMA2_Channel6_IRQHandler
                0x0800b770                EXTI1_IRQHandler
                0x0800b770                DFSDM1_FLT0_IRQHandler
                0x0800b770                I2C2_ER_IRQHandler
                0x0800b770                DMA1_Channel2_IRQHandler
                0x0800b770                CAN1_SCE_IRQHandler
                0x0800b770                FLASH_IRQHandler
                0x0800b770                SPI3_IRQHandler
                0x0800b770                I2C1_ER_IRQHandler
                0x0800b770                I2C4_ER_IRQHandler
                0x0800b770                SAI1_IRQHandler
                0x0800b770                DMA2_Channel3_IRQHandler
 *fill*         0x0800b772        0x2 
 .text.__libc_init_array
                0x0800b774       0x48 c:/program files (x86)/atollic/truestudio for stm32 9.2.0/armtools/bin/../lib/gcc/arm-atollic-eabi/6.3.1/../../../../arm-atollic-eabi/lib/armv7e-m/fpu\libc_nano.a(lib_a-init.o)
                0x0800b774                __libc_init_array
 .text.memset   0x0800b7bc       0x10 c:/program files (x86)/atollic/truestudio for stm32 9.2.0/armtools/bin/../lib/gcc/arm-atollic-eabi/6.3.1/../../../../arm-atollic-eabi/lib/armv7e-m/fpu\libc_nano.a(lib_a-memset.o)
                0x0800b7bc                memset
 *(.glue_7)
 .glue_7        0x0800b7cc        0x0 linker stubs
 *(.glue_7t)
 .glue_7t       0x0800b7cc        0x0 linker stubs
 *(.eh_frame)
 .eh_frame      0x0800b7cc        0x0 c:/program files (x86)/atollic/truestudio for stm32 9.2.0/armtools/bin/../lib/gcc/arm-atollic-eabi/6.3.1/armv7e-m/fpu/crtbegin.o
 *(.init)
 .init          0x0800b7cc        0x4 c:/program files (x86)/atollic/truestudio for stm32 9.2.0/armtools/bin/../lib/gcc/arm-atollic-eabi/6.3.1/armv7e-m/fpu/crti.o
                0x0800b7cc                _init
 .init          0x0800b7d0        0x8 c:/program files (x86)/atollic/truestudio for stm32 9.2.0/armtools/bin/../lib/gcc/arm-atollic-eabi/6.3.1/armv7e-m/fpu/crtn.o
 *(.fini)
 .fini          0x0800b7d8        0x4 c:/program files (x86)/atollic/truestudio for stm32 9.2.0/armtools/bin/../lib/gcc/arm-atollic-eabi/6.3.1/armv7e-m/fpu/crti.o
                0x0800b7d8                _fini
 .fini          0x0800b7dc        0x8 c:/program files (x86)/atollic/truestudio for stm32 9.2.0/armtools/bin/../lib/gcc/arm-atollic-eabi/6.3.1/armv7e-m/fpu/crtn.o
                0x0800b7e4                . = ALIGN (0x4)
                0x0800b7e4                _etext = .

.vfp11_veneer   0x0800b7e4        0x0
 .vfp11_veneer  0x0800b7e4        0x0 linker stubs

.v4_bx          0x0800b7e4        0x0
 .v4_bx         0x0800b7e4        0x0 linker stubs

.iplt           0x0800b7e4        0x0
 .iplt          0x0800b7e4        0x0 c:/program files (x86)/atollic/truestudio for stm32 9.2.0/armtools/bin/../lib/gcc/arm-atollic-eabi/6.3.1/armv7e-m/fpu/crtbegin.o

.rodata         0x0800b7e4       0xa4
                0x0800b7e4                . = ALIGN (0x4)
 *(.rodata)
 .rodata        0x0800b7e4        0xc APP\app.o
 .rodata        0x0800b7f0       0x4e Src\usbd_desc.o
 *(.rodata*)
 *fill*         0x0800b83e        0x2 
 .rodata.AHBPrescTable
                0x0800b840       0x10 Src\system_stm32l4xx.o
                0x0800b840                AHBPrescTable
 .rodata.APBPrescTable
                0x0800b850        0x8 Src\system_stm32l4xx.o
                0x0800b850                APBPrescTable
 .rodata.MSIRangeTable
                0x0800b858       0x30 Src\system_stm32l4xx.o
                0x0800b858                MSIRangeTable
                0x0800b888                . = ALIGN (0x4)

.ARM.extab
 *(.ARM.extab* .gnu.linkonce.armextab.*)

.ARM            0x0800b888        0x8
                0x0800b888                __exidx_start = .
 *(.ARM.exidx*)
 .ARM.exidx     0x0800b888        0x8 c:/program files (x86)/atollic/truestudio for stm32 9.2.0/armtools/bin/../lib/gcc/arm-atollic-eabi/6.3.1/armv7e-m/fpu\libgcc.a(_udivmoddi4.o)
                0x0800b890                __exidx_end = .

.rel.dyn        0x0800b890        0x0
 .rel.iplt      0x0800b890        0x0 c:/program files (x86)/atollic/truestudio for stm32 9.2.0/armtools/bin/../lib/gcc/arm-atollic-eabi/6.3.1/armv7e-m/fpu/crtbegin.o

.preinit_array  0x0800b890        0x0
                0x0800b890                PROVIDE (__preinit_array_start, .)
 *(.preinit_array*)
                0x0800b890                PROVIDE (__preinit_array_end, .)

.init_array     0x0800b890        0x4
                0x0800b890                PROVIDE (__init_array_start, .)
 *(SORT(.init_array.*))
 *(.init_array*)
 .init_array    0x0800b890        0x4 c:/program files (x86)/atollic/truestudio for stm32 9.2.0/armtools/bin/../lib/gcc/arm-atollic-eabi/6.3.1/armv7e-m/fpu/crtbegin.o
                0x0800b894                PROVIDE (__init_array_end, .)

.fini_array     0x0800b894        0x4
                [!provide]                PROVIDE (__fini_array_start, .)
 *(SORT(.fini_array.*))
 *(.fini_array*)
 .fini_array    0x0800b894        0x4 c:/program files (x86)/atollic/truestudio for stm32 9.2.0/armtools/bin/../lib/gcc/arm-atollic-eabi/6.3.1/armv7e-m/fpu/crtbegin.o
                [!provide]                PROVIDE (__fini_array_end, .)
                0x0800b898                _sidata = LOADADDR (.data)

.data           0x20000000      0x5ec load address 0x0800b898
                0x20000000                . = ALIGN (0x4)
                0x20000000                _sdata = .
 *(.data)
 *(.data*)
 .data.myPresets
                0x20000000      0x310 APP\Configs\app_dmx_presets_cfg.o
                0x20000000                myPresets
 .data.dmx1     0x20000310       0x5c APP\Configs\dmx_cfg.o
                0x20000310                dmx1
 .data.dmx2     0x2000036c       0x5c APP\Configs\dmx_cfg.o
                0x2000036c                dmx2
 .data.eepromDev1
                0x200003c8       0x24 APP\Configs\eeprom_cfg.o
                0x200003c8                eepromDev1
 .data.myI2c    0x200003ec       0x28 APP\app.o
                0x200003ec                myI2c
 .data.msgBuf   0x20000414       0x10 APP\app.o
                0x20000414                msgBuf
 .data.uart4TxBuf
                0x20000424        0xc APP\app.o
                0x20000424                uart4TxBuf
 .data.uart4RxBuf
                0x20000430        0xc APP\app.o
                0x20000430                uart4RxBuf
 .data.msgTask  0x2000043c       0x18 APP\app.o
                0x2000043c                msgTask
 .data.dmxPresetTask
                0x20000454       0x18 APP\app.o
                0x20000454                dmxPresetTask
 .data.dmxTask  0x2000046c       0x18 APP\app.o
                0x2000046c                dmxTask
 .data.USBD_CDC_DeviceQualifierDesc
                0x20000484        0xa Middlewares\ST\STM32_USB_Device_Library\Class\CDC\Src\usbd_cdc.o
 *fill*         0x2000048e        0x2 
 .data.USBD_CDC
                0x20000490       0x38 Middlewares\ST\STM32_USB_Device_Library\Class\CDC\Src\usbd_cdc.o
                0x20000490                USBD_CDC
 .data.USBD_CDC_CfgHSDesc
                0x200004c8       0x43 Middlewares\ST\STM32_USB_Device_Library\Class\CDC\Src\usbd_cdc.o
                0x200004c8                USBD_CDC_CfgHSDesc
 *fill*         0x2000050b        0x1 
 .data.USBD_CDC_CfgFSDesc
                0x2000050c       0x43 Middlewares\ST\STM32_USB_Device_Library\Class\CDC\Src\usbd_cdc.o
                0x2000050c                USBD_CDC_CfgFSDesc
 *fill*         0x2000054f        0x1 
 .data.USBD_CDC_OtherSpeedCfgDesc
                0x20000550       0x43 Middlewares\ST\STM32_USB_Device_Library\Class\CDC\Src\usbd_cdc.o
                0x20000550                USBD_CDC_OtherSpeedCfgDesc
 *fill*         0x20000593        0x1 
 .data.SystemCoreClock
                0x20000594        0x4 Src\system_stm32l4xx.o
                0x20000594                SystemCoreClock
 .data.USBD_Interface_fops_FS
                0x20000598       0x10 Src\usbd_cdc_if.o
                0x20000598                USBD_Interface_fops_FS
 .data.FS_Desc  0x200005a8       0x20 Src\usbd_desc.o
                0x200005a8                FS_Desc
 .data.USBD_FS_DeviceDesc
                0x200005c8       0x12 Src\usbd_desc.o
                0x200005c8                USBD_FS_DeviceDesc
 *fill*         0x200005da        0x2 
 .data.USBD_FS_BOSDesc
                0x200005dc        0xc Src\usbd_desc.o
                0x200005dc                USBD_FS_BOSDesc
 .data.USBD_LangIDDesc
                0x200005e8        0x4 Src\usbd_desc.o
                0x200005e8                USBD_LangIDDesc
                0x200005ec                . = ALIGN (0x4)
                0x200005ec                _edata = .

.igot.plt       0x200005ec        0x0 load address 0x0800be84
 .igot.plt      0x200005ec        0x0 c:/program files (x86)/atollic/truestudio for stm32 9.2.0/armtools/bin/../lib/gcc/arm-atollic-eabi/6.3.1/armv7e-m/fpu/crtbegin.o
                0x200005ec                . = ALIGN (0x4)

.bss            0x200005ec     0x2d00 load address 0x0800be84
                0x200005ec                _sbss = .
                0x200005ec                __bss_start__ = _sbss
 *(.bss)
 .bss           0x200005ec       0x1c c:/program files (x86)/atollic/truestudio for stm32 9.2.0/armtools/bin/../lib/gcc/arm-atollic-eabi/6.3.1/armv7e-m/fpu/crtbegin.o
 *(.bss*)
 .bss.dmx1Universe
                0x20000608      0x200 APP\Configs\dmx_cfg.o
                0x20000608                dmx1Universe
 .bss.dmx2Universe
                0x20000808      0x200 APP\Configs\dmx_cfg.o
                0x20000808                dmx2Universe
 .bss.cyclicFlag
                0x20000a08        0x1 APP\DMX\app_dmx.o
 .bss.cyclicFlag
                0x20000a09        0x1 APP\DMX_Preset\app_dmx_preset.o
 *fill*         0x20000a0a        0x2 
 .bss.MSG_Data  0x20000a0c      0x200 APP\app.o
                0x20000a0c                MSG_Data
 .bss.uart4TxData
                0x20000c0c      0x400 APP\app.o
                0x20000c0c                uart4TxData
 .bss.uart4RxData
                0x2000100c      0x400 APP\app.o
                0x2000100c                uart4RxData
 .bss.timer100ms.9917
                0x2000140c        0x2 APP\app.o
 .bss.timer500ms.9918
                0x2000140e        0x2 APP\app.o
 .bss.cfgidx.10601
                0x20001410        0x1 Middlewares\ST\STM32_USB_Device_Library\Core\Src\usbd_ctlreq.o
 *fill*         0x20001411        0x3 
 .bss.mem.10750
                0x20001414      0x220 Src\usbd_conf.o
 *(COMMON)
 COMMON         0x20001634        0x4 Drivers\STM32L4xx_HAL_Driver\Src\stm32l4xx_hal.o
                0x20001634                uwTick
 COMMON         0x20001638       0x4c Src\i2c.o
                0x20001638                hi2c2
 COMMON         0x20001684       0x70 Src\lptim.o
                0x20001684                hlptim2
                0x200016bc                hlptim1
 COMMON         0x200016f4      0x180 Src\tim.o
                0x200016f4                htim15
                0x20001734                htim3
                0x20001774                htim6
                0x200017b4                htim1
                0x200017f4                htim2
                0x20001834                htim16
 COMMON         0x20001874      0x168 Src\usart.o
                0x20001874                huart1
                0x200018ec                huart4
                0x20001964                huart2
 COMMON         0x200019dc      0x29c Src\usb_device.o
                0x200019dc                hUsbDeviceFS
 COMMON         0x20001c78     0x1000 Src\usbd_cdc_if.o
                0x20001c78                UserRxBufferFS
                0x20002478                UserTxBufferFS
 COMMON         0x20002c78      0x474 Src\usbd_conf.o
                0x20002c78                hpcd_USB_FS
 COMMON         0x200030ec      0x200 Src\usbd_desc.o
                0x200030ec                USBD_StrDesc
                0x200032ec                . = ALIGN (0x4)
                0x200032ec                _ebss = .
                0x200032ec                __bss_end__ = _ebss

._user_heap_stack
                0x200032ec      0x600 load address 0x0800be84
                0x200032ec                . = ALIGN (0x4)
                [!provide]                PROVIDE (end, .)
                [!provide]                PROVIDE (_end, .)
                0x200034ec                . = (. + _Min_Heap_Size)
 *fill*         0x200032ec      0x200 
                0x200038ec                . = (. + _Min_Stack_Size)
 *fill*         0x200034ec      0x400 
                0x200038ec                . = ALIGN (0x4)

/DISCARD/
 libc.a(*)
 libm.a(*)
 libgcc.a(*)

.ARM.attributes
                0x00000000       0x30
 *(.ARM.attributes)
 .ARM.attributes
                0x00000000       0x22 c:/program files (x86)/atollic/truestudio for stm32 9.2.0/armtools/bin/../lib/gcc/arm-atollic-eabi/6.3.1/armv7e-m/fpu/crti.o
 .ARM.attributes
                0x00000022       0x34 c:/program files (x86)/atollic/truestudio for stm32 9.2.0/armtools/bin/../lib/gcc/arm-atollic-eabi/6.3.1/armv7e-m/fpu/crtbegin.o
 .ARM.attributes
                0x00000056       0x39 APP\Configs\app_dmx_presets_cfg.o
 .ARM.attributes
                0x0000008f       0x39 APP\Configs\dmx_cfg.o
 .ARM.attributes
                0x000000c8       0x39 APP\Configs\eeprom_cfg.o
 .ARM.attributes
                0x00000101       0x39 APP\DMX\app_dmx.o
 .ARM.attributes
                0x0000013a       0x39 APP\DMX_Preset\app_dmx_preset.o
 .ARM.attributes
                0x00000173       0x39 APP\Uart\app_uart.o
 .ARM.attributes
                0x000001ac       0x39 APP\app.o
 .ARM.attributes
                0x000001e5       0x39 Drivers\STM32L4xx_HAL_Driver\Src\stm32l4xx_hal.o
 .ARM.attributes
                0x0000021e       0x39 Drivers\STM32L4xx_HAL_Driver\Src\stm32l4xx_hal_cortex.o
 .ARM.attributes
                0x00000257       0x39 Drivers\STM32L4xx_HAL_Driver\Src\stm32l4xx_hal_gpio.o
 .ARM.attributes
                0x00000290       0x39 Drivers\STM32L4xx_HAL_Driver\Src\stm32l4xx_hal_i2c.o
 .ARM.attributes
                0x000002c9       0x39 Drivers\STM32L4xx_HAL_Driver\Src\stm32l4xx_hal_i2c_ex.o
 .ARM.attributes
                0x00000302       0x39 Drivers\STM32L4xx_HAL_Driver\Src\stm32l4xx_hal_lptim.o
 .ARM.attributes
                0x0000033b       0x39 Drivers\STM32L4xx_HAL_Driver\Src\stm32l4xx_hal_pcd.o
 .ARM.attributes
                0x00000374       0x39 Drivers\STM32L4xx_HAL_Driver\Src\stm32l4xx_hal_pcd_ex.o
 .ARM.attributes
                0x000003ad       0x39 Drivers\STM32L4xx_HAL_Driver\Src\stm32l4xx_hal_pwr_ex.o
 .ARM.attributes
                0x000003e6       0x39 Drivers\STM32L4xx_HAL_Driver\Src\stm32l4xx_hal_rcc.o
 .ARM.attributes
                0x0000041f       0x39 Drivers\STM32L4xx_HAL_Driver\Src\stm32l4xx_hal_rcc_ex.o
 .ARM.attributes
                0x00000458       0x39 Drivers\STM32L4xx_HAL_Driver\Src\stm32l4xx_hal_tim.o
 .ARM.attributes
                0x00000491       0x39 Drivers\STM32L4xx_HAL_Driver\Src\stm32l4xx_hal_tim_ex.o
 .ARM.attributes
                0x000004ca       0x39 Drivers\STM32L4xx_HAL_Driver\Src\stm32l4xx_hal_uart.o
 .ARM.attributes
                0x00000503       0x39 Drivers\STM32L4xx_HAL_Driver\Src\stm32l4xx_ll_usb.o
 .ARM.attributes
                0x0000053c       0x39 Middleware\DMX\dmx.o
 .ARM.attributes
                0x00000575       0x39 Middleware\EEPROM_24xxxx\eeprom.o
 .ARM.attributes
                0x000005ae       0x39 Middleware\MSG\msg.o
 .ARM.attributes
                0x000005e7       0x39 Middleware\RINGBUFFER\ringbuffer.o
 .ARM.attributes
                0x00000620       0x39 Middleware\Soft_I2C\soft_i2c.o
 .ARM.attributes
                0x00000659       0x39 Middlewares\ST\STM32_USB_Device_Library\Class\CDC\Src\usbd_cdc.o
 .ARM.attributes
                0x00000692       0x39 Middlewares\ST\STM32_USB_Device_Library\Core\Src\usbd_core.o
 .ARM.attributes
                0x000006cb       0x39 Middlewares\ST\STM32_USB_Device_Library\Core\Src\usbd_ctlreq.o
 .ARM.attributes
                0x00000704       0x39 Middlewares\ST\STM32_USB_Device_Library\Core\Src\usbd_ioreq.o
 .ARM.attributes
                0x0000073d       0x39 Src\gpio.o
 .ARM.attributes
                0x00000776       0x39 Src\i2c.o
 .ARM.attributes
                0x000007af       0x39 Src\lptim.o
 .ARM.attributes
                0x000007e8       0x39 Src\main.o
 .ARM.attributes
                0x00000821       0x39 Src\stm32l4xx_hal_msp.o
 .ARM.attributes
                0x0000085a       0x39 Src\stm32l4xx_it.o
 .ARM.attributes
                0x00000893       0x39 Src\system_stm32l4xx.o
 .ARM.attributes
                0x000008cc       0x39 Src\tim.o
 .ARM.attributes
                0x00000905       0x39 Src\usart.o
 .ARM.attributes
                0x0000093e       0x39 Src\usb_device.o
 .ARM.attributes
                0x00000977       0x39 Src\usbd_cdc_if.o
 .ARM.attributes
                0x000009b0       0x39 Src\usbd_conf.o
 .ARM.attributes
                0x000009e9       0x39 Src\usbd_desc.o
 .ARM.attributes
                0x00000a22       0x21 startup\startup_stm32l452xx.o
 .ARM.attributes
                0x00000a43       0x34 c:/program files (x86)/atollic/truestudio for stm32 9.2.0/armtools/bin/../lib/gcc/arm-atollic-eabi/6.3.1/../../../../arm-atollic-eabi/lib/armv7e-m/fpu\libc_nano.a(lib_a-init.o)
 .ARM.attributes
                0x00000a77       0x34 c:/program files (x86)/atollic/truestudio for stm32 9.2.0/armtools/bin/../lib/gcc/arm-atollic-eabi/6.3.1/../../../../arm-atollic-eabi/lib/armv7e-m/fpu\libc_nano.a(lib_a-memset.o)
 .ARM.attributes
                0x00000aab       0x22 c:/program files (x86)/atollic/truestudio for stm32 9.2.0/armtools/bin/../lib/gcc/arm-atollic-eabi/6.3.1/armv7e-m/fpu\libgcc.a(_aeabi_uldivmod.o)
 .ARM.attributes
                0x00000acd       0x34 c:/program files (x86)/atollic/truestudio for stm32 9.2.0/armtools/bin/../lib/gcc/arm-atollic-eabi/6.3.1/armv7e-m/fpu\libgcc.a(_udivmoddi4.o)
 .ARM.attributes
                0x00000b01       0x22 c:/program files (x86)/atollic/truestudio for stm32 9.2.0/armtools/bin/../lib/gcc/arm-atollic-eabi/6.3.1/armv7e-m/fpu\libgcc.a(_dvmd_tls.o)
 .ARM.attributes
                0x00000b23       0x22 c:/program files (x86)/atollic/truestudio for stm32 9.2.0/armtools/bin/../lib/gcc/arm-atollic-eabi/6.3.1/armv7e-m/fpu/crtn.o
OUTPUT(DMX_Merger.elf elf32-littlearm)

.debug_info     0x00000000    0x304c3
 .debug_info    0x00000000     0x17e3 APP\Configs\app_dmx_presets_cfg.o
 .debug_info    0x000017e3     0x1823 APP\Configs\dmx_cfg.o
 .debug_info    0x00003006     0x17e3 APP\Configs\eeprom_cfg.o
 .debug_info    0x000047e9     0x1a97 APP\DMX\app_dmx.o
 .debug_info    0x00006280     0x1b1b APP\DMX_Preset\app_dmx_preset.o
 .debug_info    0x00007d9b      0xd46 APP\Uart\app_uart.o
 .debug_info    0x00008ae1     0x2055 APP\app.o
 .debug_info    0x0000ab36      0xa05 Drivers\STM32L4xx_HAL_Driver\Src\stm32l4xx_hal.o
 .debug_info    0x0000b53b      0xdc1 Drivers\STM32L4xx_HAL_Driver\Src\stm32l4xx_hal_cortex.o
 .debug_info    0x0000c2fc      0x861 Drivers\STM32L4xx_HAL_Driver\Src\stm32l4xx_hal_gpio.o
 .debug_info    0x0000cb5d     0x1f22 Drivers\STM32L4xx_HAL_Driver\Src\stm32l4xx_hal_i2c.o
 .debug_info    0x0000ea7f      0xa4f Drivers\STM32L4xx_HAL_Driver\Src\stm32l4xx_hal_i2c_ex.o
 .debug_info    0x0000f4ce      0xbc4 Drivers\STM32L4xx_HAL_Driver\Src\stm32l4xx_hal_lptim.o
 .debug_info    0x00010092      0xebd Drivers\STM32L4xx_HAL_Driver\Src\stm32l4xx_hal_pcd.o
 .debug_info    0x00010f4f      0x8a5 Drivers\STM32L4xx_HAL_Driver\Src\stm32l4xx_hal_pcd_ex.o
 .debug_info    0x000117f4      0xa43 Drivers\STM32L4xx_HAL_Driver\Src\stm32l4xx_hal_pwr_ex.o
 .debug_info    0x00012237      0xb8c Drivers\STM32L4xx_HAL_Driver\Src\stm32l4xx_hal_rcc.o
 .debug_info    0x00012dc3      0xee9 Drivers\STM32L4xx_HAL_Driver\Src\stm32l4xx_hal_rcc_ex.o
 .debug_info    0x00013cac     0x2345 Drivers\STM32L4xx_HAL_Driver\Src\stm32l4xx_hal_tim.o
 .debug_info    0x00015ff1     0x11ed Drivers\STM32L4xx_HAL_Driver\Src\stm32l4xx_hal_tim_ex.o
 .debug_info    0x000171de     0x163d Drivers\STM32L4xx_HAL_Driver\Src\stm32l4xx_hal_uart.o
 .debug_info    0x0001881b     0x1504 Drivers\STM32L4xx_HAL_Driver\Src\stm32l4xx_ll_usb.o
 .debug_info    0x00019d1f      0xfab Middleware\DMX\dmx.o
 .debug_info    0x0001acca      0xd05 Middleware\EEPROM_24xxxx\eeprom.o
 .debug_info    0x0001b9cf      0xc54 Middleware\MSG\msg.o
 .debug_info    0x0001c623      0x991 Middleware\RINGBUFFER\ringbuffer.o
 .debug_info    0x0001cfb4      0xdd5 Middleware\Soft_I2C\soft_i2c.o
 .debug_info    0x0001dd89     0x17ed Middlewares\ST\STM32_USB_Device_Library\Class\CDC\Src\usbd_cdc.o
 .debug_info    0x0001f576     0x11d7 Middlewares\ST\STM32_USB_Device_Library\Core\Src\usbd_core.o
 .debug_info    0x0002074d     0x1138 Middlewares\ST\STM32_USB_Device_Library\Core\Src\usbd_ctlreq.o
 .debug_info    0x00021885      0xf35 Middlewares\ST\STM32_USB_Device_Library\Core\Src\usbd_ioreq.o
 .debug_info    0x000227ba      0x67f Src\gpio.o
 .debug_info    0x00022e39      0xa35 Src\i2c.o
 .debug_info    0x0002386e      0x89f Src\lptim.o
 .debug_info    0x0002410d     0x24c4 Src\main.o
 .debug_info    0x000265d1      0x3b6 Src\stm32l4xx_hal_msp.o
 .debug_info    0x00026987     0x22b0 Src\stm32l4xx_it.o
 .debug_info    0x00028c37      0x5e3 Src\system_stm32l4xx.o
 .debug_info    0x0002921a     0x1223 Src\tim.o
 .debug_info    0x0002a43d      0xdb1 Src\usart.o
 .debug_info    0x0002b1ee     0x13b6 Src\usb_device.o
 .debug_info    0x0002c5a4     0x1038 Src\usbd_cdc_if.o
 .debug_info    0x0002d5dc     0x218d Src\usbd_conf.o
 .debug_info    0x0002f769      0xcac Src\usbd_desc.o
 .debug_info    0x00030415       0xae startup\startup_stm32l452xx.o

.debug_abbrev   0x00000000     0x5955
 .debug_abbrev  0x00000000      0x1af APP\Configs\app_dmx_presets_cfg.o
 .debug_abbrev  0x000001af      0x1c9 APP\Configs\dmx_cfg.o
 .debug_abbrev  0x00000378      0x1af APP\Configs\eeprom_cfg.o
 .debug_abbrev  0x00000527      0x26b APP\DMX\app_dmx.o
 .debug_abbrev  0x00000792      0x24b APP\DMX_Preset\app_dmx_preset.o
 .debug_abbrev  0x000009dd      0x236 APP\Uart\app_uart.o
 .debug_abbrev  0x00000c13      0x28d APP\app.o
 .debug_abbrev  0x00000ea0      0x1da Drivers\STM32L4xx_HAL_Driver\Src\stm32l4xx_hal.o
 .debug_abbrev  0x0000107a      0x2be Drivers\STM32L4xx_HAL_Driver\Src\stm32l4xx_hal_cortex.o
 .debug_abbrev  0x00001338      0x1bb Drivers\STM32L4xx_HAL_Driver\Src\stm32l4xx_hal_gpio.o
 .debug_abbrev  0x000014f3      0x225 Drivers\STM32L4xx_HAL_Driver\Src\stm32l4xx_hal_i2c.o
 .debug_abbrev  0x00001718      0x1b4 Drivers\STM32L4xx_HAL_Driver\Src\stm32l4xx_hal_i2c_ex.o
 .debug_abbrev  0x000018cc      0x1d9 Drivers\STM32L4xx_HAL_Driver\Src\stm32l4xx_hal_lptim.o
 .debug_abbrev  0x00001aa5      0x235 Drivers\STM32L4xx_HAL_Driver\Src\stm32l4xx_hal_pcd.o
 .debug_abbrev  0x00001cda      0x19f Drivers\STM32L4xx_HAL_Driver\Src\stm32l4xx_hal_pcd_ex.o
 .debug_abbrev  0x00001e79      0x1e4 Drivers\STM32L4xx_HAL_Driver\Src\stm32l4xx_hal_pwr_ex.o
 .debug_abbrev  0x0000205d      0x240 Drivers\STM32L4xx_HAL_Driver\Src\stm32l4xx_hal_rcc.o
 .debug_abbrev  0x0000229d      0x233 Drivers\STM32L4xx_HAL_Driver\Src\stm32l4xx_hal_rcc_ex.o
 .debug_abbrev  0x000024d0      0x21e Drivers\STM32L4xx_HAL_Driver\Src\stm32l4xx_hal_tim.o
 .debug_abbrev  0x000026ee      0x226 Drivers\STM32L4xx_HAL_Driver\Src\stm32l4xx_hal_tim_ex.o
 .debug_abbrev  0x00002914      0x200 Drivers\STM32L4xx_HAL_Driver\Src\stm32l4xx_hal_uart.o
 .debug_abbrev  0x00002b14      0x1b1 Drivers\STM32L4xx_HAL_Driver\Src\stm32l4xx_ll_usb.o
 .debug_abbrev  0x00002cc5      0x1e4 Middleware\DMX\dmx.o
 .debug_abbrev  0x00002ea9      0x242 Middleware\EEPROM_24xxxx\eeprom.o
 .debug_abbrev  0x000030eb      0x219 Middleware\MSG\msg.o
 .debug_abbrev  0x00003304      0x18d Middleware\RINGBUFFER\ringbuffer.o
 .debug_abbrev  0x00003491      0x270 Middleware\Soft_I2C\soft_i2c.o
 .debug_abbrev  0x00003701      0x2b7 Middlewares\ST\STM32_USB_Device_Library\Class\CDC\Src\usbd_cdc.o
 .debug_abbrev  0x000039b8      0x27a Middlewares\ST\STM32_USB_Device_Library\Core\Src\usbd_core.o
 .debug_abbrev  0x00003c32      0x29b Middlewares\ST\STM32_USB_Device_Library\Core\Src\usbd_ctlreq.o
 .debug_abbrev  0x00003ecd      0x1ea Middlewares\ST\STM32_USB_Device_Library\Core\Src\usbd_ioreq.o
 .debug_abbrev  0x000040b7      0x17b Src\gpio.o
 .debug_abbrev  0x00004232      0x19f Src\i2c.o
 .debug_abbrev  0x000043d1      0x188 Src\lptim.o
 .debug_abbrev  0x00004559      0x239 Src\main.o
 .debug_abbrev  0x00004792       0xec Src\stm32l4xx_hal_msp.o
 .debug_abbrev  0x0000487e      0x1ff Src\stm32l4xx_it.o
 .debug_abbrev  0x00004a7d      0x12f Src\system_stm32l4xx.o
 .debug_abbrev  0x00004bac      0x241 Src\tim.o
 .debug_abbrev  0x00004ded      0x1c6 Src\usart.o
 .debug_abbrev  0x00004fb3      0x21c Src\usb_device.o
 .debug_abbrev  0x000051cf      0x28f Src\usbd_cdc_if.o
 .debug_abbrev  0x0000545e      0x2d4 Src\usbd_conf.o
 .debug_abbrev  0x00005732      0x211 Src\usbd_desc.o
 .debug_abbrev  0x00005943       0x12 startup\startup_stm32l452xx.o

.debug_aranges  0x00000000     0x1d70
 .debug_aranges
                0x00000000       0x18 APP\Configs\app_dmx_presets_cfg.o
 .debug_aranges
                0x00000018       0x18 APP\Configs\dmx_cfg.o
 .debug_aranges
                0x00000030       0x18 APP\Configs\eeprom_cfg.o
 .debug_aranges
                0x00000048       0x58 APP\DMX\app_dmx.o
 .debug_aranges
                0x000000a0       0x40 APP\DMX_Preset\app_dmx_preset.o
 .debug_aranges
                0x000000e0       0x60 APP\Uart\app_uart.o
 .debug_aranges
                0x00000140       0x70 APP\app.o
 .debug_aranges
                0x000001b0      0x118 Drivers\STM32L4xx_HAL_Driver\Src\stm32l4xx_hal.o
 .debug_aranges
                0x000002c8      0x118 Drivers\STM32L4xx_HAL_Driver\Src\stm32l4xx_hal_cortex.o
 .debug_aranges
                0x000003e0       0x58 Drivers\STM32L4xx_HAL_Driver\Src\stm32l4xx_hal_gpio.o
 .debug_aranges
                0x00000438      0x288 Drivers\STM32L4xx_HAL_Driver\Src\stm32l4xx_hal_i2c.o
 .debug_aranges
                0x000006c0       0x48 Drivers\STM32L4xx_HAL_Driver\Src\stm32l4xx_hal_i2c_ex.o
 .debug_aranges
                0x00000708      0x158 Drivers\STM32L4xx_HAL_Driver\Src\stm32l4xx_hal_lptim.o
 .debug_aranges
                0x00000860      0x120 Drivers\STM32L4xx_HAL_Driver\Src\stm32l4xx_hal_pcd.o
 .debug_aranges
                0x00000980       0x58 Drivers\STM32L4xx_HAL_Driver\Src\stm32l4xx_hal_pcd_ex.o
 .debug_aranges
                0x000009d8      0x120 Drivers\STM32L4xx_HAL_Driver\Src\stm32l4xx_hal_pwr_ex.o
 .debug_aranges
                0x00000af8       0x88 Drivers\STM32L4xx_HAL_Driver\Src\stm32l4xx_hal_rcc.o
 .debug_aranges
                0x00000b80       0xf0 Drivers\STM32L4xx_HAL_Driver\Src\stm32l4xx_hal_rcc_ex.o
 .debug_aranges
                0x00000c70      0x378 Drivers\STM32L4xx_HAL_Driver\Src\stm32l4xx_hal_tim.o
 .debug_aranges
                0x00000fe8      0x158 Drivers\STM32L4xx_HAL_Driver\Src\stm32l4xx_hal_tim_ex.o
 .debug_aranges
                0x00001140      0x1f8 Drivers\STM32L4xx_HAL_Driver\Src\stm32l4xx_hal_uart.o
 .debug_aranges
                0x00001338      0x100 Drivers\STM32L4xx_HAL_Driver\Src\stm32l4xx_ll_usb.o
 .debug_aranges
                0x00001438       0x90 Middleware\DMX\dmx.o
 .debug_aranges
                0x000014c8       0x70 Middleware\EEPROM_24xxxx\eeprom.o
 .debug_aranges
                0x00001538       0x68 Middleware\MSG\msg.o
 .debug_aranges
                0x000015a0       0x30 Middleware\RINGBUFFER\ringbuffer.o
 .debug_aranges
                0x000015d0       0xb0 Middleware\Soft_I2C\soft_i2c.o
 .debug_aranges
                0x00001680       0x90 Middlewares\ST\STM32_USB_Device_Library\Class\CDC\Src\usbd_cdc.o
 .debug_aranges
                0x00001710       0xb8 Middlewares\ST\STM32_USB_Device_Library\Core\Src\usbd_core.o
 .debug_aranges
                0x000017c8       0x88 Middlewares\ST\STM32_USB_Device_Library\Core\Src\usbd_ctlreq.o
 .debug_aranges
                0x00001850       0x50 Middlewares\ST\STM32_USB_Device_Library\Core\Src\usbd_ioreq.o
 .debug_aranges
                0x000018a0       0x40 Src\gpio.o
 .debug_aranges
                0x000018e0       0x30 Src\i2c.o
 .debug_aranges
                0x00001910       0x38 Src\lptim.o
 .debug_aranges
                0x00001948       0x30 Src\main.o
 .debug_aranges
                0x00001978       0x20 Src\stm32l4xx_hal_msp.o
 .debug_aranges
                0x00001998       0xa8 Src\stm32l4xx_it.o
 .debug_aranges
                0x00001a40       0x28 Src\system_stm32l4xx.o
 .debug_aranges
                0x00001a68       0xa8 Src\tim.o
 .debug_aranges
                0x00001b10       0x50 Src\usart.o
 .debug_aranges
                0x00001b60       0x28 Src\usb_device.o
 .debug_aranges
                0x00001b88       0x40 Src\usbd_cdc_if.o
 .debug_aranges
                0x00001bc8      0x128 Src\usbd_conf.o
 .debug_aranges
                0x00001cf0       0x58 Src\usbd_desc.o
 .debug_aranges
                0x00001d48       0x28 startup\startup_stm32l452xx.o

.debug_line     0x00000000     0xee8c
 .debug_line    0x00000000      0x36d APP\Configs\app_dmx_presets_cfg.o
 .debug_line    0x0000036d      0x361 APP\Configs\dmx_cfg.o
 .debug_line    0x000006ce      0x364 APP\Configs\eeprom_cfg.o
 .debug_line    0x00000a32      0x462 APP\DMX\app_dmx.o
 .debug_line    0x00000e94      0x4b8 APP\DMX_Preset\app_dmx_preset.o
 .debug_line    0x0000134c      0x382 APP\Uart\app_uart.o
 .debug_line    0x000016ce      0x5d1 APP\app.o
 .debug_line    0x00001c9f      0x469 Drivers\STM32L4xx_HAL_Driver\Src\stm32l4xx_hal.o
 .debug_line    0x00002108      0x53d Drivers\STM32L4xx_HAL_Driver\Src\stm32l4xx_hal_cortex.o
 .debug_line    0x00002645      0x3b4 Drivers\STM32L4xx_HAL_Driver\Src\stm32l4xx_hal_gpio.o
 .debug_line    0x000029f9     0x15b6 Drivers\STM32L4xx_HAL_Driver\Src\stm32l4xx_hal_i2c.o
 .debug_line    0x00003faf      0x37d Drivers\STM32L4xx_HAL_Driver\Src\stm32l4xx_hal_i2c_ex.o
 .debug_line    0x0000432c      0x630 Drivers\STM32L4xx_HAL_Driver\Src\stm32l4xx_hal_lptim.o
 .debug_line    0x0000495c      0x6ef Drivers\STM32L4xx_HAL_Driver\Src\stm32l4xx_hal_pcd.o
 .debug_line    0x0000504b      0x2fb Drivers\STM32L4xx_HAL_Driver\Src\stm32l4xx_hal_pcd_ex.o
 .debug_line    0x00005346      0x58e Drivers\STM32L4xx_HAL_Driver\Src\stm32l4xx_hal_pwr_ex.o
 .debug_line    0x000058d4      0x545 Drivers\STM32L4xx_HAL_Driver\Src\stm32l4xx_hal_rcc.o
 .debug_line    0x00005e19      0x7ff Drivers\STM32L4xx_HAL_Driver\Src\stm32l4xx_hal_rcc_ex.o
 .debug_line    0x00006618     0x14e3 Drivers\STM32L4xx_HAL_Driver\Src\stm32l4xx_hal_tim.o
 .debug_line    0x00007afb      0x8fa Drivers\STM32L4xx_HAL_Driver\Src\stm32l4xx_hal_tim_ex.o
 .debug_line    0x000083f5      0xd42 Drivers\STM32L4xx_HAL_Driver\Src\stm32l4xx_hal_uart.o
 .debug_line    0x00009137      0x67f Drivers\STM32L4xx_HAL_Driver\Src\stm32l4xx_ll_usb.o
 .debug_line    0x000097b6      0x43a Middleware\DMX\dmx.o
 .debug_line    0x00009bf0      0x2f1 Middleware\EEPROM_24xxxx\eeprom.o
 .debug_line    0x00009ee1      0x322 Middleware\MSG\msg.o
 .debug_line    0x0000a203      0x237 Middleware\RINGBUFFER\ringbuffer.o
 .debug_line    0x0000a43a      0x556 Middleware\Soft_I2C\soft_i2c.o
 .debug_line    0x0000a990      0x569 Middlewares\ST\STM32_USB_Device_Library\Class\CDC\Src\usbd_cdc.o
 .debug_line    0x0000aef9      0x549 Middlewares\ST\STM32_USB_Device_Library\Core\Src\usbd_core.o
 .debug_line    0x0000b442      0x5c7 Middlewares\ST\STM32_USB_Device_Library\Core\Src\usbd_ctlreq.o
 .debug_line    0x0000ba09      0x3b4 Middlewares\ST\STM32_USB_Device_Library\Core\Src\usbd_ioreq.o
 .debug_line    0x0000bdbd      0x278 Src\gpio.o
 .debug_line    0x0000c035      0x27f Src\i2c.o
 .debug_line    0x0000c2b4      0x279 Src\lptim.o
 .debug_line    0x0000c52d      0x54c Src\main.o
 .debug_line    0x0000ca79      0x1e5 Src\stm32l4xx_hal_msp.o
 .debug_line    0x0000cc5e      0x521 Src\stm32l4xx_it.o
 .debug_line    0x0000d17f      0x229 Src\system_stm32l4xx.o
 .debug_line    0x0000d3a8      0x4d5 Src\tim.o
 .debug_line    0x0000d87d      0x313 Src\usart.o
 .debug_line    0x0000db90      0x40c Src\usb_device.o
 .debug_line    0x0000df9c      0x3c5 Src\usbd_cdc_if.o
 .debug_line    0x0000e361      0x6fc Src\usbd_conf.o
 .debug_line    0x0000ea5d      0x3b0 Src\usbd_desc.o
 .debug_line    0x0000ee0d       0x7f startup\startup_stm32l452xx.o

.debug_str      0x00000000     0x8520
 .debug_str     0x00000000     0x146e APP\Configs\app_dmx_presets_cfg.o
                               0x15be (size before relaxing)
 .debug_str     0x0000146e       0x33 APP\Configs\dmx_cfg.o
                               0x15cc (size before relaxing)
 .debug_str     0x000014a1       0x1c APP\Configs\eeprom_cfg.o
                               0x15b5 (size before relaxing)
 .debug_str     0x000014bd      0x13f APP\DMX\app_dmx.o
                               0x1702 (size before relaxing)
 .debug_str     0x000015fc       0xdf APP\DMX_Preset\app_dmx_preset.o
                               0x1717 (size before relaxing)
 .debug_str     0x000016db      0x136 APP\Uart\app_uart.o
                                0x804 (size before relaxing)
 .debug_str     0x00001811      0x4cf APP\app.o
                               0x1b7d (size before relaxing)
 .debug_str     0x00001ce0      0x925 Drivers\STM32L4xx_HAL_Driver\Src\stm32l4xx_hal.o
                                0xc04 (size before relaxing)
 .debug_str     0x00002605      0x408 Drivers\STM32L4xx_HAL_Driver\Src\stm32l4xx_hal_cortex.o
                                0xc0f (size before relaxing)
 .debug_str     0x00002a0d      0x162 Drivers\STM32L4xx_HAL_Driver\Src\stm32l4xx_hal_gpio.o
                                0x608 (size before relaxing)
 .debug_str     0x00002b6f      0x8b1 Drivers\STM32L4xx_HAL_Driver\Src\stm32l4xx_hal_i2c.o
                               0x1006 (size before relaxing)
 .debug_str     0x00003420       0xf3 Drivers\STM32L4xx_HAL_Driver\Src\stm32l4xx_hal_i2c_ex.o
                                0x9b5 (size before relaxing)
 .debug_str     0x00003513      0x5a1 Drivers\STM32L4xx_HAL_Driver\Src\stm32l4xx_hal_lptim.o
                                0x8e4 (size before relaxing)
 .debug_str     0x00003ab4      0x694 Drivers\STM32L4xx_HAL_Driver\Src\stm32l4xx_hal_pcd.o
                                0xa08 (size before relaxing)
 .debug_str     0x00004148      0x1c6 Drivers\STM32L4xx_HAL_Driver\Src\stm32l4xx_hal_pcd_ex.o
                                0x825 (size before relaxing)
 .debug_str     0x0000430e      0x499 Drivers\STM32L4xx_HAL_Driver\Src\stm32l4xx_hal_pwr_ex.o
                                0x811 (size before relaxing)
 .debug_str     0x000047a7      0x38d Drivers\STM32L4xx_HAL_Driver\Src\stm32l4xx_hal_rcc.o
                                0x863 (size before relaxing)
 .debug_str     0x00004b34      0x64f Drivers\STM32L4xx_HAL_Driver\Src\stm32l4xx_hal_rcc_ex.o
                                0xbf0 (size before relaxing)
 .debug_str     0x00005183      0xcf9 Drivers\STM32L4xx_HAL_Driver\Src\stm32l4xx_hal_tim.o
                               0x1448 (size before relaxing)
 .debug_str     0x00005e7c      0x672 Drivers\STM32L4xx_HAL_Driver\Src\stm32l4xx_hal_tim_ex.o
                                0xe27 (size before relaxing)
 .debug_str     0x000064ee      0x69e Drivers\STM32L4xx_HAL_Driver\Src\stm32l4xx_hal_uart.o
                                0xf60 (size before relaxing)
 .debug_str     0x00006b8c      0x2f3 Drivers\STM32L4xx_HAL_Driver\Src\stm32l4xx_ll_usb.o
                                0x802 (size before relaxing)
 .debug_str     0x00006e7f      0x1b5 Middleware\DMX\dmx.o
                                0xefb (size before relaxing)
 .debug_str     0x00007034       0xd4 Middleware\EEPROM_24xxxx\eeprom.o
                                0x97f (size before relaxing)
 .debug_str     0x00007108       0xc9 Middleware\MSG\msg.o
                                0x757 (size before relaxing)
 .debug_str     0x000071d1       0x58 Middleware\RINGBUFFER\ringbuffer.o
                                0x687 (size before relaxing)
 .debug_str     0x00007229      0x1d9 Middleware\Soft_I2C\soft_i2c.o
                                0x9d2 (size before relaxing)
 .debug_str     0x00007402      0x59e Middlewares\ST\STM32_USB_Device_Library\Class\CDC\Src\usbd_cdc.o
                               0x1087 (size before relaxing)
 .debug_str     0x000079a0      0x1c1 Middlewares\ST\STM32_USB_Device_Library\Core\Src\usbd_core.o
                                0xc21 (size before relaxing)
 .debug_str     0x00007b61      0x134 Middlewares\ST\STM32_USB_Device_Library\Core\Src\usbd_ctlreq.o
                                0xba7 (size before relaxing)
 .debug_str     0x00007c95       0xc9 Middlewares\ST\STM32_USB_Device_Library\Core\Src\usbd_ioreq.o
                                0xb2f (size before relaxing)
 .debug_str     0x00007d5e       0x6e Src\gpio.o