Archive member included to satisfy reference by file (symbol)

c:/program files (x86)/atollic/truestudio for stm32 9.2.0/armtools/bin/../lib/gcc/arm-atollic-eabi/6.3.1/../../../../arm-atollic-eabi/lib/armv7e-m/fpu\libc_nano.a(lib_a-init.o)
                              startup\startup_stm32l452xx.o (__libc_init_array)
c:/program files (x86)/atollic/truestudio for stm32 9.2.0/armtools/bin/../lib/gcc/arm-atollic-eabi/6.3.1/../../../../arm-atollic-eabi/lib/armv7e-m/fpu\libc_nano.a(lib_a-memcpy-stub.o)
                              APP\DMX\app_dmx.o (memcpy)
c:/program files (x86)/atollic/truestudio for stm32 9.2.0/armtools/bin/../lib/gcc/arm-atollic-eabi/6.3.1/../../../../arm-atollic-eabi/lib/armv7e-m/fpu\libc_nano.a(lib_a-memset.o)
                              APP\Btn\app_btn.o (memset)
c:/program files (x86)/atollic/truestudio for stm32 9.2.0/armtools/bin/../lib/gcc/arm-atollic-eabi/6.3.1/../../../../arm-atollic-eabi/lib/armv7e-m/fpu\libc_nano.a(lib_a-snprintf.o)
                              APP\Interface\app_interface.o (snprintf)
c:/program files (x86)/atollic/truestudio for stm32 9.2.0/armtools/bin/../lib/gcc/arm-atollic-eabi/6.3.1/../../../../arm-atollic-eabi/lib/armv7e-m/fpu\libc_nano.a(lib_a-strlen.o)
                              APP\Interface\app_interface.o (strlen)
c:/program files (x86)/atollic/truestudio for stm32 9.2.0/armtools/bin/../lib/gcc/arm-atollic-eabi/6.3.1/../../../../arm-atollic-eabi/lib/armv7e-m/fpu\libc_nano.a(lib_a-strncpy.o)
                              APP\Interface\app_interface.o (strncpy)
c:/program files (x86)/atollic/truestudio for stm32 9.2.0/armtools/bin/../lib/gcc/arm-atollic-eabi/6.3.1/../../../../arm-atollic-eabi/lib/armv7e-m/fpu\libc_nano.a(lib_a-strtol.o)
                              APP\Interface\app_interface.o (strtol)
c:/program files (x86)/atollic/truestudio for stm32 9.2.0/armtools/bin/../lib/gcc/arm-atollic-eabi/6.3.1/../../../../arm-atollic-eabi/lib/armv7e-m/fpu\libc_nano.a(lib_a-impure.o)
                              c:/program files (x86)/atollic/truestudio for stm32 9.2.0/armtools/bin/../lib/gcc/arm-atollic-eabi/6.3.1/../../../../arm-atollic-eabi/lib/armv7e-m/fpu\libc_nano.a(lib_a-snprintf.o) (_impure_ptr)
c:/program files (x86)/atollic/truestudio for stm32 9.2.0/armtools/bin/../lib/gcc/arm-atollic-eabi/6.3.1/../../../../arm-atollic-eabi/lib/armv7e-m/fpu\libc_nano.a(lib_a-locale.o)
                              c:/program files (x86)/atollic/truestudio for stm32 9.2.0/armtools/bin/../lib/gcc/arm-atollic-eabi/6.3.1/../../../../arm-atollic-eabi/lib/armv7e-m/fpu\libc_nano.a(lib_a-strtol.o) (__locale_ctype_ptr_l)
c:/program files (x86)/atollic/truestudio for stm32 9.2.0/armtools/bin/../lib/gcc/arm-atollic-eabi/6.3.1/../../../../arm-atollic-eabi/lib/armv7e-m/fpu\libc_nano.a(lib_a-mbtowc_r.o)
                              c:/program files (x86)/atollic/truestudio for stm32 9.2.0/armtools/bin/../lib/gcc/arm-atollic-eabi/6.3.1/../../../../arm-atollic-eabi/lib/armv7e-m/fpu\libc_nano.a(lib_a-locale.o) (__ascii_mbtowc)
c:/program files (x86)/atollic/truestudio for stm32 9.2.0/armtools/bin/../lib/gcc/arm-atollic-eabi/6.3.1/../../../../arm-atollic-eabi/lib/armv7e-m/fpu\libc_nano.a(lib_a-nano-svfprintf.o)
                              c:/program files (x86)/atollic/truestudio for stm32 9.2.0/armtools/bin/../lib/gcc/arm-atollic-eabi/6.3.1/../../../../arm-atollic-eabi/lib/armv7e-m/fpu\libc_nano.a(lib_a-snprintf.o) (_svfprintf_r)
c:/program files (x86)/atollic/truestudio for stm32 9.2.0/armtools/bin/../lib/gcc/arm-atollic-eabi/6.3.1/../../../../arm-atollic-eabi/lib/armv7e-m/fpu\libc_nano.a(lib_a-nano-vfprintf_i.o)
                              c:/program files (x86)/atollic/truestudio for stm32 9.2.0/armtools/bin/../lib/gcc/arm-atollic-eabi/6.3.1/../../../../arm-atollic-eabi/lib/armv7e-m/fpu\libc_nano.a(lib_a-nano-svfprintf.o) (_printf_i)
c:/program files (x86)/atollic/truestudio for stm32 9.2.0/armtools/bin/../lib/gcc/arm-atollic-eabi/6.3.1/../../../../arm-atollic-eabi/lib/armv7e-m/fpu\libc_nano.a(lib_a-strcmp.o)
                              c:/program files (x86)/atollic/truestudio for stm32 9.2.0/armtools/bin/../lib/gcc/arm-atollic-eabi/6.3.1/../../../../arm-atollic-eabi/lib/armv7e-m/fpu\libc_nano.a(lib_a-locale.o) (strcmp)
c:/program files (x86)/atollic/truestudio for stm32 9.2.0/armtools/bin/../lib/gcc/arm-atollic-eabi/6.3.1/../../../../arm-atollic-eabi/lib/armv7e-m/fpu\libc_nano.a(lib_a-wctomb_r.o)
                              c:/program files (x86)/atollic/truestudio for stm32 9.2.0/armtools/bin/../lib/gcc/arm-atollic-eabi/6.3.1/../../../../arm-atollic-eabi/lib/armv7e-m/fpu\libc_nano.a(lib_a-locale.o) (__ascii_wctomb)
c:/program files (x86)/atollic/truestudio for stm32 9.2.0/armtools/bin/../lib/gcc/arm-atollic-eabi/6.3.1/../../../../arm-atollic-eabi/lib/armv7e-m/fpu\libc_nano.a(lib_a-ctype_.o)
[...]
Memory Configuration

Name             Origin             Length             Attributes
RAM              0x20000000         0x00028000         xrw
FLASH            0x08000000         0x00080000         xr
*default*        0x00000000         0xffffffff

Linker script and memory map

LOAD c:/program files (x86)/atollic/truestudio for stm32 9.2.0/armtools/bin/../lib/gcc/arm-atollic-eabi/6.3.1/armv7e-m/fpu/crti.o
LOAD c:/program files (x86)/atollic/truestudio for stm32 9.2.0/armtools/bin/../lib/gcc/arm-atollic-eabi/6.3.1/armv7e-m/fpu/crtbegin.o
LOAD APP\Btn\app_btn.o
LOAD APP\Configs\app_dmx_presets_cfg.o
LOAD APP\Configs\dmx_cfg.o
LOAD APP\Configs\eeprom_cfg.o
LOAD APP\Configs\soft_i2c_cfg.o
LOAD APP\DMX\app_dmx.o
LOAD APP\DMX_Preset\app_dmx_preset.o
LOAD APP\Eeprom\app_eeprom.o
LOAD APP\Footcontrol\app_footcontrol.o
LOAD APP\Interface\app_interface.o
LOAD APP\Model\app_model.o
LOAD APP\USB\app_usb.o
LOAD APP\Uart\app_uart.o
LOAD APP\app.o
LOAD Drivers\STM32L4xx_HAL_Driver\Src\stm32l4xx_hal.o
LOAD Drivers\STM32L4xx_HAL_Driver\Src\stm32l4xx_hal_cortex.o
LOAD Drivers\STM32L4xx_HAL_Driver\Src\stm32l4xx_hal_dma.o
LOAD Drivers\STM32L4xx_HAL_Driver\Src\stm32l4xx_hal_dma_ex.o
LOAD Drivers\STM32L4xx_HAL_Driver\Src\stm32l4xx_hal_flash.o
LOAD Drivers\STM32L4xx_HAL_Driver\Src\stm32l4xx_hal_flash_ex.o
LOAD Drivers\STM32L4xx_HAL_Driver\Src\stm32l4xx_hal_flash_ramfunc.o
LOAD Drivers\STM32L4xx_HAL_Driver\Src\stm32l4xx_hal_gpio.o
LOAD Drivers\STM32L4xx_HAL_Driver\Src\stm32l4xx_hal_i2c.o
LOAD Drivers\STM32L4xx_HAL_Driver\Src\stm32l4xx_hal_i2c_ex.o
LOAD Drivers\STM32L4xx_HAL_Driver\Src\stm32l4xx_hal_lptim.o
LOAD Drivers\STM32L4xx_HAL_Driver\Src\stm32l4xx_hal_pcd.o
LOAD Drivers\STM32L4xx_HAL_Driver\Src\stm32l4xx_hal_pcd_ex.o
LOAD Drivers\STM32L4xx_HAL_Driver\Src\stm32l4xx_hal_pwr.o
LOAD Drivers\STM32L4xx_HAL_Driver\Src\stm32l4xx_hal_pwr_ex.o
LOAD Drivers\STM32L4xx_HAL_Driver\Src\stm32l4xx_hal_rcc.o
LOAD Drivers\STM32L4xx_HAL_Driver\Src\stm32l4xx_hal_rcc_ex.o
LOAD Drivers\STM32L4xx_HAL_Driver\Src\stm32l4xx_hal_tim.o
LOAD Drivers\STM32L4xx_HAL_Driver\Src\stm32l4xx_hal_tim_ex.o
LOAD Drivers\STM32L4xx_HAL_Driver\Src\stm32l4xx_hal_uart.o
LOAD Drivers\STM32L4xx_HAL_Driver\Src\stm32l4xx_hal_uart_ex.o
LOAD Drivers\STM32L4xx_HAL_Driver\Src\stm32l4xx_ll_usb.o
LOAD Middleware\DMX\dmx.o
LOAD Middleware\EAL_Task\eal_task.o
LOAD Middleware\EEPROM_24xxxx\eeprom.o
LOAD Middleware\EEPROM_24xxxx\eeprom_cfg_template.o
LOAD Middleware\MSG\msg.o
LOAD Middleware\RINGBUFFER\ringbuffer.o
LOAD Middleware\Soft_I2C\soft_i2c.o
LOAD Middlewares\ST\STM32_USB_Device_Library\Class\CDC\Src\usbd_cdc.o
LOAD Middlewares\ST\STM32_USB_Device_Library\Core\Src\usbd_core.o
LOAD Middlewares\ST\STM32_USB_Device_Library\Core\Src\usbd_ctlreq.o
LOAD Middlewares\ST\STM32_USB_Device_Library\Core\Src\usbd_ioreq.o
LOAD Src\gpio.o
LOAD Src\i2c.o
LOAD Src\lptim.o
LOAD Src\main.o
LOAD Src\stm32l4xx_hal_msp.o
LOAD Src\stm32l4xx_it.o
LOAD Src\system_stm32l4xx.o
LOAD Src\tim.o
LOAD Src\usart.o
LOAD Src\usb_device.o
LOAD Src\usbd_cdc_if.o
LOAD Src\usbd_conf.o
LOAD Src\usbd_desc.o
LOAD startup\startup_stm32l452xx.o
                0x00000080                malloc_getpagesize_P = 0x80
START GROUP
LOAD c:/program files (x86)/atollic/truestudio for stm32 9.2.0/armtools/bin/../lib/gcc/arm-atollic-eabi/6.3.1/../../../../arm-atollic-eabi/lib/armv7e-m/fpu\libc_nano.a
LOAD c:/program files (x86)/atollic/truestudio for stm32 9.2.0/armtools/bin/../lib/gcc/arm-atollic-eabi/6.3.1/../../../../arm-atollic-eabi/lib/armv7e-m/fpu\libm.a
END GROUP
START GROUP
LOAD c:/program files (x86)/atollic/truestudio for stm32 9.2.0/armtools/bin/../lib/gcc/arm-atollic-eabi/6.3.1/armv7e-m/fpu\libgcc.a
LOAD c:/program files (x86)/atollic/truestudio for stm32 9.2.0/armtools/bin/../lib/gcc/arm-atollic-eabi/6.3.1/../../../../arm-atollic-eabi/lib/armv7e-m/fpu\libc_nano.a
END GROUP
START GROUP
LOAD c:/program files (x86)/atollic/truestudio for stm32 9.2.0/armtools/bin/../lib/gcc/arm-atollic-eabi/6.3.1/armv7e-m/fpu\libgcc.a
LOAD c:/program files (x86)/atollic/truestudio for stm32 9.2.0/armtools/bin/../lib/gcc/arm-atollic-eabi/6.3.1/../../../../arm-atollic-eabi/lib/armv7e-m/fpu\libc_nano.a
LOAD c:/program files (x86)/atollic/truestudio for stm32 9.2.0/armtools/bin/../lib/gcc/arm-atollic-eabi/6.3.1/../../../../arm-atollic-eabi/lib/armv7e-m/fpu\libnosys.a
END GROUP
START GROUP
LOAD c:/program files (x86)/atollic/truestudio for stm32 9.2.0/armtools/bin/../lib/gcc/arm-atollic-eabi/6.3.1/armv7e-m/fpu\libgcc.a
LOAD c:/program files (x86)/atollic/truestudio for stm32 9.2.0/armtools/bin/../lib/gcc/arm-atollic-eabi/6.3.1/../../../../arm-atollic-eabi/lib/armv7e-m/fpu\libc_nano.a
LOAD c:/program files (x86)/atollic/truestudio for stm32 9.2.0/armtools/bin/../lib/gcc/arm-atollic-eabi/6.3.1/../../../../arm-atollic-eabi/lib/armv7e-m/fpu\libnosys.a
END GROUP
LOAD c:/program files (x86)/atollic/truestudio for stm32 9.2.0/armtools/bin/../lib/gcc/arm-atollic-eabi/6.3.1/armv7e-m/fpu/crtend.o
LOAD c:/program files (x86)/atollic/truestudio for stm32 9.2.0/armtools/bin/../lib/gcc/arm-atollic-eabi/6.3.1/armv7e-m/fpu/crtn.o
                0x20028000                _estack = 0x20028000
                0x00000200                _Min_Heap_Size = 0x200
                0x00000400                _Min_Stack_Size = 0x400

.isr_vector     0x08000000      0x194
                0x08000000                . = ALIGN (0x4)
 *(.isr_vector)
 .isr_vector    0x08000000      0x194 startup\startup_stm32l452xx.o
                0x08000000                g_pfnVectors
                0x08000194                . = ALIGN (0x4)

.text           0x080001a0     0xcf7c
                0x080001a0                . = ALIGN (0x4)
 *(.text)
 .text          0x080001a0       0x40 c:/program files (x86)/atollic/truestudio for stm32 9.2.0/armtools/bin/../lib/gcc/arm-atollic-eabi/6.3.1/armv7e-m/fpu/crtbegin.o
 .text          0x080001e0       0x10 c:/program files (x86)/atollic/truestudio for stm32 9.2.0/armtools/bin/../lib/gcc/arm-atollic-eabi/6.3.1/../../../../arm-atollic-eabi/lib/armv7e-m/fpu\libc_nano.a(lib_a-strlen.o)
                0x080001e0                strlen
 .text          0x080001f0       0xa0 c:/program files (x86)/atollic/truestudio for stm32 9.2.0/armtools/bin/../lib/gcc/arm-atollic-eabi/6.3.1/../../../../arm-atollic-eabi/lib/armv7e-m/fpu\libc_nano.a(lib_a-memchr.o)
                0x080001f0                memchr
 .text          0x08000290       0x30 c:/program files (x86)/atollic/truestudio for stm32 9.2.0/armtools/bin/../lib/gcc/arm-atollic-eabi/6.3.1/armv7e-m/fpu\libgcc.a(_aeabi_uldivmod.o)
                0x08000290                __aeabi_uldivmod
 .text          0x080002c0      0x2dc c:/program files (x86)/atollic/truestudio for stm32 9.2.0/armtools/bin/../lib/gcc/arm-atollic-eabi/6.3.1/armv7e-m/fpu\libgcc.a(_udivmoddi4.o)
                0x080002c0                __udivmoddi4
 .text          0x0800059c        0x4 c:/program files (x86)/atollic/truestudio for stm32 9.2.0/armtools/bin/../lib/gcc/arm-atollic-eabi/6.3.1/armv7e-m/fpu\libgcc.a(_dvmd_tls.o)
                0x0800059c                __aeabi_idiv0
                0x0800059c                __aeabi_ldiv0
 *(.text*)
 .text.app_btn_init
                0x080005a0       0x58 APP\Btn\app_btn.o
                0x080005a0                app_btn_init
 .text.app_btn_process
                0x080005f8       0x4c APP\Btn\app_btn.o
                0x080005f8                app_btn_process
 .text.app_btn_cyclic1ms
                0x08000644       0x44 APP\Btn\app_btn.o
                0x08000644                app_btn_cyclic1ms
 .text.app_btn_receiveMsg
                0x08000688       0x16 APP\Btn\app_btn.o
                0x08000688                app_btn_receiveMsg
 *fill*         0x0800069e        0x2 
 .text.getOthSwitches
                0x080006a0       0xfc APP\Btn\app_btn.o
 .text.debounceOthSwitches
                0x0800079c      0x2b4 APP\Btn\app_btn.o
 .text.app_dmx_init
                0x08000a50       0x98 APP\DMX\app_dmx.o
                0x08000a50                app_dmx_init
 .text.app_dmx_process
                0x08000ae8       0x74 APP\DMX\app_dmx.o
                0x08000ae8                app_dmx_process
 .text.app_dmx_cyclic1ms
                0x08000b5c       0x24 APP\DMX\app_dmx.o
                0x08000b5c                app_dmx_cyclic1ms
 .text.app_dmx_receiveMsg
                0x08000b80       0x44 APP\DMX\app_dmx.o
                0x08000b80                app_dmx_receiveMsg
 .text.updateDmxOut
                0x08000bc4       0xbc APP\DMX\app_dmx.o
 .text.dmx1TransmitterCallback
                0x08000c80       0x24 APP\DMX\app_dmx.o
                0x08000c80                dmx1TransmitterCallback
 .text.dmx2ReceiverCallback
                0x08000ca4       0x1a APP\DMX\app_dmx.o
                0x08000ca4                dmx2ReceiverCallback
 *fill*         0x08000cbe        0x2 
 .text.USART1_IRQHandler
                0x08000cc0       0x14 APP\DMX\app_dmx.o
                0x08000cc0                USART1_IRQHandler
 .text.USART2_IRQHandler
                0x08000cd4       0x14 APP\DMX\app_dmx.o
                0x08000cd4                USART2_IRQHandler
 .text.app_dmx_preset_init
                0x08000ce8       0x68 APP\DMX_Preset\app_dmx_preset.o
                0x08000ce8                app_dmx_preset_init
 .text.app_dmx_preset_process
                0x08000d50      0x1e4 APP\DMX_Preset\app_dmx_preset.o
                0x08000d50                app_dmx_preset_process
 .text.app_dmx_preset_cyclic1ms
                0x08000f34       0x24 APP\DMX_Preset\app_dmx_preset.o
                0x08000f34                app_dmx_preset_cyclic1ms
 .text.app_dmx_preset_receiveMsg
                0x08000f58      0x184 APP\DMX_Preset\app_dmx_preset.o
                0x08000f58                app_dmx_preset_receiveMsg
 .text.performNextTransitionStep
                0x080010dc      0x2b8 APP\DMX_Preset\app_dmx_preset.o
 .text.app_eeprom_init
                0x08001394       0x54 APP\Eeprom\app_eeprom.o
                0x08001394                app_eeprom_init
 .text.app_eeprom_process
                0x080013e8       0x78 APP\Eeprom\app_eeprom.o
                0x080013e8                app_eeprom_process
 .text.app_eeprom_cyclic1ms
                0x08001460       0x44 APP\Eeprom\app_eeprom.o
                0x08001460                app_eeprom_cyclic1ms
 .text.app_eeprom_receiveMsg
                0x080014a4       0x16 APP\Eeprom\app_eeprom.o
                0x080014a4                app_eeprom_receiveMsg
 *fill*         0x080014ba        0x2 
 .text.writeVersion
                0x080014bc       0x58 APP\Eeprom\app_eeprom.o
 .text.readVersion
                0x08001514       0x50 APP\Eeprom\app_eeprom.o
 .text.erase    0x08001564       0x94 APP\Eeprom\app_eeprom.o
 .text.storeModel
                0x080015f8       0x8c APP\Eeprom\app_eeprom.o
 .text.readModel
                0x08001684       0x88 APP\Eeprom\app_eeprom.o
 .text.storePreset
                0x0800170c       0xe4 APP\Eeprom\app_eeprom.o
 .text.readPreset
                0x080017f0       0xe4 APP\Eeprom\app_eeprom.o
 .text.storeFootswitch
                0x080018d4       0x7c APP\Eeprom\app_eeprom.o
 .text.readFootswitch
                0x08001950       0x84 APP\Eeprom\app_eeprom.o
 .text.writeUntilLastEEPROMWriteFinished
                0x080019d4       0x44 APP\Eeprom\app_eeprom.o
 .text.eepromCallback
                0x08001a18       0xc0 APP\Eeprom\app_eeprom.o
                0x08001a18                eepromCallback
 .text.app_footcontrol_init
                0x08001ad8       0x20 APP\Footcontrol\app_footcontrol.o
                0x08001ad8                app_footcontrol_init
 .text.app_footcontrol_process
                0x08001af8       0x44 APP\Footcontrol\app_footcontrol.o
                0x08001af8                app_footcontrol_process
 .text.app_footcontrol_receiveMsg
                0x08001b3c      0x148 APP\Footcontrol\app_footcontrol.o
                0x08001b3c                app_footcontrol_receiveMsg
 .text.sendDmxPreset
                0x08001c84       0x58 APP\Footcontrol\app_footcontrol.o
 .text.app_interface_init
                0x08001cdc       0x68 APP\Interface\app_interface.o
                0x08001cdc                app_interface_init
 .text.app_interface_process
                0x08001d44       0x70 APP\Interface\app_interface.o
                0x08001d44                app_interface_process
 .text.app_interface_cyclic1ms
                0x08001db4       0x44 APP\Interface\app_interface.o
                0x08001db4                app_interface_cyclic1ms
 .text.app_interface_receiveMsg
                0x08001df8       0x16 APP\Interface\app_interface.o
                0x08001df8                app_interface_receiveMsg
 *fill*         0x08001e0e        0x2 
 .text.checkInterfaces
                0x08001e10       0x5c APP\Interface\app_interface.o
 .text.parseCommand
                0x08001e6c       0x8c APP\Interface\app_interface.o
 .text.commandFound
                0x08001ef8       0x62 APP\Interface\app_interface.o
 *fill*         0x08001f5a        0x2 
 .text.parseTransition
                0x08001f5c      0x2f8 APP\Interface\app_interface.o
 .text.parseFootswitch
                0x08002254      0x114 APP\Interface\app_interface.o
 .text.sendFootswitch
                0x08002368       0xbc APP\Interface\app_interface.o
 .text.parsePreset
                0x08002424       0xa0 APP\Interface\app_interface.o
 .text.sendPresetName
                0x080024c4      0x130 APP\Interface\app_interface.o
 .text.parseLoadConfig
                0x080025f4       0x38 APP\Interface\app_interface.o
 .text.uploadConfig
                0x0800262c       0xbc APP\Interface\app_interface.o
 .text.sendToInterface
                0x080026e8       0x48 APP\Interface\app_interface.o
 .text.sendDmxPreset
                0x08002730       0x4e APP\Interface\app_interface.o
 *fill*         0x0800277e        0x2 
 .text.UART4_IRQHandler
                0x08002780       0x24 APP\Interface\app_interface.o
                0x08002780                UART4_IRQHandler
 .text.app_usb_init
                0x080027a4       0x28 APP\USB\app_usb.o
                0x080027a4                app_usb_init
 .text.app_usb_rxBufferInit
                0x080027cc       0x34 APP\USB\app_usb.o
                0x080027cc                app_usb_rxBufferInit
 .text.app_usb_txBufferInit
                0x08002800       0x34 APP\USB\app_usb.o
                0x08002800                app_usb_txBufferInit
 .text.app_usb_txLoop
                0x08002834       0xac APP\USB\app_usb.o
                0x08002834                app_usb_txLoop
 .text.app_usb_1ms
                0x080028e0       0x24 APP\USB\app_usb.o
                0x080028e0                app_usb_1ms
 .text.app_usb_getCharFromRxBuffer
                0x08002904       0x24 APP\USB\app_usb.o
                0x08002904                app_usb_getCharFromRxBuffer
 .text.app_usb_getCharFromTxBuffer
                0x08002928       0x24 APP\USB\app_usb.o
                0x08002928                app_usb_getCharFromTxBuffer
 .text.app_usb_writeStringToBuffer
                0x0800294c       0x60 APP\USB\app_usb.o
                0x0800294c                app_usb_writeStringToBuffer
 .text.usb_irqRxHandler
                0x080029ac       0x40 APP\USB\app_usb.o
                0x080029ac                usb_irqRxHandler
 .text.app_uart_bufferInit
                0x080029ec       0x32 APP\Uart\app_uart.o
                0x080029ec                app_uart_bufferInit
 .text.app_uart_enableReceiveInt
                0x08002a1e       0x20 APP\Uart\app_uart.o
                0x08002a1e                app_uart_enableReceiveInt
 .text.app_uart_getCharFromBuffer
                0x08002a3e       0x20 APP\Uart\app_uart.o
                0x08002a3e                app_uart_getCharFromBuffer
 .text.app_uart_writeStringToBuffer
                0x08002a5e       0x72 APP\Uart\app_uart.o
                0x08002a5e                app_uart_writeStringToBuffer
 .text.app_uart_irqHandler
                0x08002ad0       0x9e APP\Uart\app_uart.o
                0x08002ad0                app_uart_irqHandler
 *fill*         0x08002b6e        0x2 
 .text.app_main
                0x08002b70       0x68 APP\app.o
                0x08002b70                app_main
 .text.app_1ms  0x08002bd8       0xc4 APP\app.o
                0x08002bd8                app_1ms
 .text.app_process
                0x08002c9c       0x3c APP\app.o
 .text.app_receiveMsg
                0x08002cd8       0x68 APP\app.o
 .text.app_init
                0x08002d40       0xac APP\app.o
 .text.sendMessage
                0x08002dec       0x50 APP\app.o
 .text.messageBufferError
                0x08002e3c       0x16 APP\app.o
 *fill*         0x08002e52        0x2 
 .text.HAL_TIM_PeriodElapsedCallback
                0x08002e54       0x28 APP\app.o
                0x08002e54                HAL_TIM_PeriodElapsedCallback
 .text.TIM1_UP_TIM16_IRQHandler
                0x08002e7c       0x2c APP\app.o
                0x08002e7c                TIM1_UP_TIM16_IRQHandler
 .text.HAL_GPIO_EXTI_Callback
                0x08002ea8       0x40 APP\app.o
                0x08002ea8                HAL_GPIO_EXTI_Callback
 .text.HAL_Init
                0x08002ee8       0x30 Drivers\STM32L4xx_HAL_Driver\Src\stm32l4xx_hal.o
                0x08002ee8                HAL_Init
 .text.HAL_InitTick
                0x08002f18       0x48 Drivers\STM32L4xx_HAL_Driver\Src\stm32l4xx_hal.o
                0x08002f18                HAL_InitTick
 .text.HAL_IncTick
                0x08002f60       0x1c Drivers\STM32L4xx_HAL_Driver\Src\stm32l4xx_hal.o
                0x08002f60                HAL_IncTick
 .text.HAL_GetTick
                0x08002f7c       0x18 Drivers\STM32L4xx_HAL_Driver\Src\stm32l4xx_hal.o
                0x08002f7c                HAL_GetTick
 .text.NVIC_SetPriorityGrouping
                0x08002f94       0x48 Drivers\STM32L4xx_HAL_Driver\Src\stm32l4xx_hal_cortex.o
 .text.NVIC_GetPriorityGrouping
                0x08002fdc       0x1c Drivers\STM32L4xx_HAL_Driver\Src\stm32l4xx_hal_cortex.o
 .text.NVIC_EnableIRQ
                0x08002ff8       0x34 Drivers\STM32L4xx_HAL_Driver\Src\stm32l4xx_hal_cortex.o
 .text.NVIC_SetPriority
                0x0800302c       0x54 Drivers\STM32L4xx_HAL_Driver\Src\stm32l4xx_hal_cortex.o
 .text.NVIC_EncodePriority
                0x08003080       0x62 Drivers\STM32L4xx_HAL_Driver\Src\stm32l4xx_hal_cortex.o
 *fill*         0x080030e2        0x2 
 .text.SysTick_Config
                0x080030e4       0x44 Drivers\STM32L4xx_HAL_Driver\Src\stm32l4xx_hal_cortex.o
 .text.HAL_NVIC_SetPriorityGrouping
                0x08003128       0x16 Drivers\STM32L4xx_HAL_Driver\Src\stm32l4xx_hal_cortex.o
                0x08003128                HAL_NVIC_SetPriorityGrouping
 .text.HAL_NVIC_SetPriority
                0x0800313e       0x38 Drivers\STM32L4xx_HAL_Driver\Src\stm32l4xx_hal_cortex.o
                0x0800313e                HAL_NVIC_SetPriority
 .text.HAL_NVIC_EnableIRQ
                0x08003176       0x1c Drivers\STM32L4xx_HAL_Driver\Src\stm32l4xx_hal_cortex.o
                0x08003176                HAL_NVIC_EnableIRQ
 .text.HAL_SYSTICK_Config
                0x08003192       0x18 Drivers\STM32L4xx_HAL_Driver\Src\stm32l4xx_hal_cortex.o
                0x08003192                HAL_SYSTICK_Config
 *fill*         0x080031aa        0x2 
 .text.HAL_GPIO_Init
                0x080031ac      0x2f4 Drivers\STM32L4xx_HAL_Driver\Src\stm32l4xx_hal_gpio.o
                0x080031ac                HAL_GPIO_Init
 .text.HAL_GPIO_ReadPin
                0x080034a0       0x30 Drivers\STM32L4xx_HAL_Driver\Src\stm32l4xx_hal_gpio.o
                0x080034a0                HAL_GPIO_ReadPin
 .text.HAL_GPIO_WritePin
                0x080034d0       0x30 Drivers\STM32L4xx_HAL_Driver\Src\stm32l4xx_hal_gpio.o
                0x080034d0                HAL_GPIO_WritePin
 .text.HAL_GPIO_EXTI_IRQHandler
                0x08003500       0x30 Drivers\STM32L4xx_HAL_Driver\Src\stm32l4xx_hal_gpio.o
                0x08003500                HAL_GPIO_EXTI_IRQHandler
 .text.HAL_I2C_Init
                0x08003530      0x11c Drivers\STM32L4xx_HAL_Driver\Src\stm32l4xx_hal_i2c.o
                0x08003530                HAL_I2C_Init
 .text.HAL_I2C_Master_Transmit
                0x0800364c      0x1e8 Drivers\STM32L4xx_HAL_Driver\Src\stm32l4xx_hal_i2c.o
                0x0800364c                HAL_I2C_Master_Transmit
 .text.HAL_I2C_Mem_Write
                0x08003834      0x228 Drivers\STM32L4xx_HAL_Driver\Src\stm32l4xx_hal_i2c.o
                0x08003834                HAL_I2C_Mem_Write
 .text.HAL_I2C_Mem_Read
                0x08003a5c      0x234 Drivers\STM32L4xx_HAL_Driver\Src\stm32l4xx_hal_i2c.o
                0x08003a5c                HAL_I2C_Mem_Read
 .text.I2C_RequestMemoryWrite
                0x08003c90       0xa8 Drivers\STM32L4xx_HAL_Driver\Src\stm32l4xx_hal_i2c.o
 .text.I2C_RequestMemoryRead
                0x08003d38       0xa8 Drivers\STM32L4xx_HAL_Driver\Src\stm32l4xx_hal_i2c.o
 .text.I2C_Flush_TXDR
                0x08003de0       0x48 Drivers\STM32L4xx_HAL_Driver\Src\stm32l4xx_hal_i2c.o
 .text.I2C_WaitOnFlagUntilTimeout
                0x08003e28       0x80 Drivers\STM32L4xx_HAL_Driver\Src\stm32l4xx_hal_i2c.o
 .text.I2C_WaitOnTXISFlagUntilTimeout
                0x08003ea8       0x80 Drivers\STM32L4xx_HAL_Driver\Src\stm32l4xx_hal_i2c.o
 .text.I2C_WaitOnSTOPFlagUntilTimeout
                0x08003f28       0x78 Drivers\STM32L4xx_HAL_Driver\Src\stm32l4xx_hal_i2c.o
 .text.I2C_IsAcknowledgeFailed
                0x08003fa0       0xcc Drivers\STM32L4xx_HAL_Driver\Src\stm32l4xx_hal_i2c.o
 .text.I2C_TransferConfig
                0x0800406c       0x58 Drivers\STM32L4xx_HAL_Driver\Src\stm32l4xx_hal_i2c.o
 .text.HAL_I2CEx_ConfigAnalogFilter
                0x080040c4       0x96 Drivers\STM32L4xx_HAL_Driver\Src\stm32l4xx_hal_i2c_ex.o
                0x080040c4                HAL_I2CEx_ConfigAnalogFilter
 .text.HAL_I2CEx_ConfigDigitalFilter
                0x0800415a       0x98 Drivers\STM32L4xx_HAL_Driver\Src\stm32l4xx_hal_i2c_ex.o
                0x0800415a                HAL_I2CEx_ConfigDigitalFilter
 *fill*         0x080041f2        0x2 
 .text.HAL_LPTIM_Init
                0x080041f4      0x114 Drivers\STM32L4xx_HAL_Driver\Src\stm32l4xx_hal_lptim.o
                0x080041f4                HAL_LPTIM_Init
 .text.HAL_LPTIM_IRQHandler
                0x08004308      0x136 Drivers\STM32L4xx_HAL_Driver\Src\stm32l4xx_hal_lptim.o
                0x08004308                HAL_LPTIM_IRQHandler
 .text.HAL_LPTIM_CompareMatchCallback
                0x0800443e       0x14 Drivers\STM32L4xx_HAL_Driver\Src\stm32l4xx_hal_lptim.o
                0x0800443e                HAL_LPTIM_CompareMatchCallback
 .text.HAL_LPTIM_AutoReloadMatchCallback
                0x08004452       0x14 Drivers\STM32L4xx_HAL_Driver\Src\stm32l4xx_hal_lptim.o
                0x08004452                HAL_LPTIM_AutoReloadMatchCallback
 .text.HAL_LPTIM_TriggerCallback
                0x08004466       0x14 Drivers\STM32L4xx_HAL_Driver\Src\stm32l4xx_hal_lptim.o
                0x08004466                HAL_LPTIM_TriggerCallback
 .text.HAL_LPTIM_CompareWriteCallback
                0x0800447a       0x14 Drivers\STM32L4xx_HAL_Driver\Src\stm32l4xx_hal_lptim.o
                0x0800447a                HAL_LPTIM_CompareWriteCallback
 .text.HAL_LPTIM_AutoReloadWriteCallback
                0x0800448e       0x14 Drivers\STM32L4xx_HAL_Driver\Src\stm32l4xx_hal_lptim.o
                0x0800448e                HAL_LPTIM_AutoReloadWriteCallback
 .text.HAL_LPTIM_DirectionUpCallback
                0x080044a2       0x14 Drivers\STM32L4xx_HAL_Driver\Src\stm32l4xx_hal_lptim.o
                0x080044a2                HAL_LPTIM_DirectionUpCallback
 .text.HAL_LPTIM_DirectionDownCallback
                0x080044b6       0x14 Drivers\STM32L4xx_HAL_Driver\Src\stm32l4xx_hal_lptim.o
                0x080044b6                HAL_LPTIM_DirectionDownCallback
 .text.HAL_PCD_Init
                0x080044ca      0x1b2 Drivers\STM32L4xx_HAL_Driver\Src\stm32l4xx_hal_pcd.o
                0x080044ca                HAL_PCD_Init
 .text.HAL_PCD_Start
                0x0800467c       0x44 Drivers\STM32L4xx_HAL_Driver\Src\stm32l4xx_hal_pcd.o
                0x0800467c                HAL_PCD_Start
 .text.HAL_PCD_IRQHandler
                0x080046c0      0x2b2 Drivers\STM32L4xx_HAL_Driver\Src\stm32l4xx_hal_pcd.o
                0x080046c0                HAL_PCD_IRQHandler
 .text.HAL_PCD_SetAddress
                0x08004972       0x4a Drivers\STM32L4xx_HAL_Driver\Src\stm32l4xx_hal_pcd.o
                0x08004972                HAL_PCD_SetAddress
 .text.HAL_PCD_EP_Open
                0x080049bc       0xc0 Drivers\STM32L4xx_HAL_Driver\Src\stm32l4xx_hal_pcd.o
                0x080049bc                HAL_PCD_EP_Open
 .text.HAL_PCD_EP_Close
                0x08004a7c       0x84 Drivers\STM32L4xx_HAL_Driver\Src\stm32l4xx_hal_pcd.o
                0x08004a7c                HAL_PCD_EP_Close
 .text.HAL_PCD_EP_Receive
                0x08004b00       0x74 Drivers\STM32L4xx_HAL_Driver\Src\stm32l4xx_hal_pcd.o
                0x08004b00                HAL_PCD_EP_Receive
 .text.HAL_PCD_EP_GetRxCount
                0x08004b74       0x2c Drivers\STM32L4xx_HAL_Driver\Src\stm32l4xx_hal_pcd.o
                0x08004b74                HAL_PCD_EP_GetRxCount
 .text.HAL_PCD_EP_Transmit
                0x08004ba0       0x72 Drivers\STM32L4xx_HAL_Driver\Src\stm32l4xx_hal_pcd.o
                0x08004ba0                HAL_PCD_EP_Transmit
 .text.HAL_PCD_EP_SetStall
                0x08004c12       0xb4 Drivers\STM32L4xx_HAL_Driver\Src\stm32l4xx_hal_pcd.o
                0x08004c12                HAL_PCD_EP_SetStall
 .text.HAL_PCD_EP_ClrStall
                0x08004cc6       0x9c Drivers\STM32L4xx_HAL_Driver\Src\stm32l4xx_hal_pcd.o
                0x08004cc6                HAL_PCD_EP_ClrStall
 *fill*         0x08004d62        0x2 
 .text.PCD_EP_ISR_Handler
                0x08004d64      0x4ec Drivers\STM32L4xx_HAL_Driver\Src\stm32l4xx_hal_pcd.o
 .text.HAL_PCDEx_PMAConfig
                0x08005250       0x7a Drivers\STM32L4xx_HAL_Driver\Src\stm32l4xx_hal_pcd_ex.o
                0x08005250                HAL_PCDEx_PMAConfig
 .text.HAL_PCDEx_ActivateBCD
                0x080052ca       0x4c Drivers\STM32L4xx_HAL_Driver\Src\stm32l4xx_hal_pcd_ex.o
                0x080052ca                HAL_PCDEx_ActivateBCD
 .text.HAL_PCDEx_ActivateLPM
                0x08005316       0x54 Drivers\STM32L4xx_HAL_Driver\Src\stm32l4xx_hal_pcd_ex.o
                0x08005316                HAL_PCDEx_ActivateLPM
 *fill*         0x0800536a        0x2 
 .text.HAL_PWREx_GetVoltageRange
                0x0800536c       0x1c Drivers\STM32L4xx_HAL_Driver\Src\stm32l4xx_hal_pwr_ex.o
                0x0800536c                HAL_PWREx_GetVoltageRange
 .text.HAL_PWREx_ControlVoltageScaling
                0x08005388       0xac Drivers\STM32L4xx_HAL_Driver\Src\stm32l4xx_hal_pwr_ex.o
                0x08005388                HAL_PWREx_ControlVoltageScaling
 .text.HAL_PWREx_EnableVddUSB
                0x08005434       0x20 Drivers\STM32L4xx_HAL_Driver\Src\stm32l4xx_hal_pwr_ex.o
                0x08005434                HAL_PWREx_EnableVddUSB
 .text.HAL_RCC_OscConfig
                0x08005454      0x74c Drivers\STM32L4xx_HAL_Driver\Src\stm32l4xx_hal_rcc.o
                0x08005454                HAL_RCC_OscConfig
 .text.HAL_RCC_ClockConfig
                0x08005ba0      0x1bc Drivers\STM32L4xx_HAL_Driver\Src\stm32l4xx_hal_rcc.o
                0x08005ba0                HAL_RCC_ClockConfig
 .text.HAL_RCC_GetSysClockFreq
                0x08005d5c      0x138 Drivers\STM32L4xx_HAL_Driver\Src\stm32l4xx_hal_rcc.o
                0x08005d5c                HAL_RCC_GetSysClockFreq
 .text.HAL_RCC_GetHCLKFreq
                0x08005e94       0x18 Drivers\STM32L4xx_HAL_Driver\Src\stm32l4xx_hal_rcc.o
                0x08005e94                HAL_RCC_GetHCLKFreq
 .text.HAL_RCC_GetPCLK1Freq
                0x08005eac       0x2c Drivers\STM32L4xx_HAL_Driver\Src\stm32l4xx_hal_rcc.o
                0x08005eac                HAL_RCC_GetPCLK1Freq
 .text.HAL_RCC_GetPCLK2Freq
                0x08005ed8       0x2c Drivers\STM32L4xx_HAL_Driver\Src\stm32l4xx_hal_rcc.o
                0x08005ed8                HAL_RCC_GetPCLK2Freq
 .text.RCC_SetFlashLatencyFromMSIRange
                0x08005f04       0xc0 Drivers\STM32L4xx_HAL_Driver\Src\stm32l4xx_hal_rcc.o
 .text.HAL_RCCEx_PeriphCLKConfig
                0x08005fc4      0x4d4 Drivers\STM32L4xx_HAL_Driver\Src\stm32l4xx_hal_rcc_ex.o
                0x08005fc4                HAL_RCCEx_PeriphCLKConfig
 .text.RCCEx_PLLSAI1_Config
                0x08006498      0x1e0 Drivers\STM32L4xx_HAL_Driver\Src\stm32l4xx_hal_rcc_ex.o
 .text.HAL_TIM_Base_Init
                0x08006678       0x56 Drivers\STM32L4xx_HAL_Driver\Src\stm32l4xx_hal_tim.o
                0x08006678                HAL_TIM_Base_Init
 .text.HAL_TIM_IC_Init
                0x080066ce       0x56 Drivers\STM32L4xx_HAL_Driver\Src\stm32l4xx_hal_tim.o
                0x080066ce                HAL_TIM_IC_Init
 .text.HAL_TIM_IRQHandler
                0x08006724      0x23e Drivers\STM32L4xx_HAL_Driver\Src\stm32l4xx_hal_tim.o
                0x08006724                HAL_TIM_IRQHandler
 .text.HAL_TIM_IC_ConfigChannel
                0x08006962      0x138 Drivers\STM32L4xx_HAL_Driver\Src\stm32l4xx_hal_tim.o
                0x08006962                HAL_TIM_IC_ConfigChannel
 .text.HAL_TIM_OC_DelayElapsedCallback
                0x08006a9a       0x14 Drivers\STM32L4xx_HAL_Driver\Src\stm32l4xx_hal_tim.o
                0x08006a9a                HAL_TIM_OC_DelayElapsedCallback
 .text.HAL_TIM_IC_CaptureCallback
                0x08006aae       0x14 Drivers\STM32L4xx_HAL_Driver\Src\stm32l4xx_hal_tim.o
                0x08006aae                HAL_TIM_IC_CaptureCallback
 .text.HAL_TIM_PWM_PulseFinishedCallback
                0x08006ac2       0x14 Drivers\STM32L4xx_HAL_Driver\Src\stm32l4xx_hal_tim.o
                0x08006ac2                HAL_TIM_PWM_PulseFinishedCallback
 .text.HAL_TIM_TriggerCallback
                0x08006ad6       0x14 Drivers\STM32L4xx_HAL_Driver\Src\stm32l4xx_hal_tim.o
                0x08006ad6                HAL_TIM_TriggerCallback
 *fill*         0x08006aea        0x2 
 .text.TIM_Base_SetConfig
                0x08006aec       0xdc Drivers\STM32L4xx_HAL_Driver\Src\stm32l4xx_hal_tim.o
                0x08006aec                TIM_Base_SetConfig
 .text.TIM_TI1_SetConfig
                0x08006bc8       0xb8 Drivers\STM32L4xx_HAL_Driver\Src\stm32l4xx_hal_tim.o
                0x08006bc8                TIM_TI1_SetConfig
 .text.TIM_TI2_SetConfig
                0x08006c80       0x7a Drivers\STM32L4xx_HAL_Driver\Src\stm32l4xx_hal_tim.o
 .text.TIM_TI3_SetConfig
                0x08006cfa       0x78 Drivers\STM32L4xx_HAL_Driver\Src\stm32l4xx_hal_tim.o
 .text.TIM_TI4_SetConfig
                0x08006d72       0x7a Drivers\STM32L4xx_HAL_Driver\Src\stm32l4xx_hal_tim.o
 .text.HAL_TIMEx_MasterConfigSynchronization
                0x08006dec       0xac Drivers\STM32L4xx_HAL_Driver\Src\stm32l4xx_hal_tim_ex.o
                0x08006dec                HAL_TIMEx_MasterConfigSynchronization
 .text.HAL_TIMEx_CommutationCallback
                0x08006e98       0x14 Drivers\STM32L4xx_HAL_Driver\Src\stm32l4xx_hal_tim_ex.o
                0x08006e98                HAL_TIMEx_CommutationCallback
 .text.HAL_TIMEx_BreakCallback
                0x08006eac       0x14 Drivers\STM32L4xx_HAL_Driver\Src\stm32l4xx_hal_tim_ex.o
                0x08006eac                HAL_TIMEx_BreakCallback
 .text.HAL_TIMEx_Break2Callback
                0x08006ec0       0x14 Drivers\STM32L4xx_HAL_Driver\Src\stm32l4xx_hal_tim_ex.o
                0x08006ec0                HAL_TIMEx_Break2Callback
 .text.HAL_UART_Init
                0x08006ed4       0xa2 Drivers\STM32L4xx_HAL_Driver\Src\stm32l4xx_hal_uart.o
                0x08006ed4                HAL_UART_Init
 *fill*         0x08006f76        0x2 
 .text.UART_SetConfig
                0x08006f78      0x620 Drivers\STM32L4xx_HAL_Driver\Src\stm32l4xx_hal_uart.o
                0x08006f78                UART_SetConfig
 .text.UART_AdvFeatureConfig
                0x08007598      0x144 Drivers\STM32L4xx_HAL_Driver\Src\stm32l4xx_hal_uart.o
                0x08007598                UART_AdvFeatureConfig
 .text.UART_CheckIdleState
                0x080076dc       0x92 Drivers\STM32L4xx_HAL_Driver\Src\stm32l4xx_hal_uart.o
                0x080076dc                UART_CheckIdleState
 .text.UART_WaitOnFlagUntilTimeout
                0x0800776e       0x94 Drivers\STM32L4xx_HAL_Driver\Src\stm32l4xx_hal_uart.o
                0x0800776e                UART_WaitOnFlagUntilTimeout
 .text.USB_CoreInit
                0x08007802       0x22 Drivers\STM32L4xx_HAL_Driver\Src\stm32l4xx_ll_usb.o
                0x08007802                USB_CoreInit
 .text.USB_EnableGlobalInt
                0x08007824       0x30 Drivers\STM32L4xx_HAL_Driver\Src\stm32l4xx_ll_usb.o
                0x08007824                USB_EnableGlobalInt
 .text.USB_DisableGlobalInt
                0x08007854       0x3a Drivers\STM32L4xx_HAL_Driver\Src\stm32l4xx_ll_usb.o
                0x08007854                USB_DisableGlobalInt
 .text.USB_SetCurrentMode
                0x0800788e       0x1a Drivers\STM32L4xx_HAL_Driver\Src\stm32l4xx_ll_usb.o
                0x0800788e                USB_SetCurrentMode
 .text.USB_DevInit
                0x080078a8       0x48 Drivers\STM32L4xx_HAL_Driver\Src\stm32l4xx_ll_usb.o
                0x080078a8                USB_DevInit
 .text.USB_ActivateEndpoint
                0x080078f0      0x5c4 Drivers\STM32L4xx_HAL_Driver\Src\stm32l4xx_ll_usb.o
                0x080078f0                USB_ActivateEndpoint
 .text.USB_DeactivateEndpoint
                0x08007eb4      0x32c Drivers\STM32L4xx_HAL_Driver\Src\stm32l4xx_ll_usb.o
                0x08007eb4                USB_DeactivateEndpoint
 .text.USB_EPStartXfer
                0x080081e0      0x568 Drivers\STM32L4xx_HAL_Driver\Src\stm32l4xx_ll_usb.o
                0x080081e0                USB_EPStartXfer
 .text.USB_EPSetStall
                0x08008748       0x84 Drivers\STM32L4xx_HAL_Driver\Src\stm32l4xx_ll_usb.o
                0x08008748                USB_EPSetStall
 .text.USB_EPClearStall
                0x080087cc      0x11c Drivers\STM32L4xx_HAL_Driver\Src\stm32l4xx_ll_usb.o
                0x080087cc                USB_EPClearStall
 .text.USB_SetDevAddress
                0x080088e8       0x28 Drivers\STM32L4xx_HAL_Driver\Src\stm32l4xx_ll_usb.o
                0x080088e8                USB_SetDevAddress
 .text.USB_DevConnect
                0x08008910       0x2e Drivers\STM32L4xx_HAL_Driver\Src\stm32l4xx_ll_usb.o
                0x08008910                USB_DevConnect
 .text.USB_DevDisconnect
                0x0800893e       0x2a Drivers\STM32L4xx_HAL_Driver\Src\stm32l4xx_ll_usb.o
                0x0800893e                USB_DevDisconnect
 .text.USB_ReadInterrupts
                0x08008968       0x20 Drivers\STM32L4xx_HAL_Driver\Src\stm32l4xx_ll_usb.o
                0x08008968                USB_ReadInterrupts
 .text.USB_EP0_OutStart
                0x08008988       0x18 Drivers\STM32L4xx_HAL_Driver\Src\stm32l4xx_ll_usb.o
                0x08008988                USB_EP0_OutStart
 .text.USB_WritePMA
                0x080089a0       0x82 Drivers\STM32L4xx_HAL_Driver\Src\stm32l4xx_ll_usb.o
                0x080089a0                USB_WritePMA
 .text.USB_ReadPMA
                0x08008a22       0xa0 Drivers\STM32L4xx_HAL_Driver\Src\stm32l4xx_ll_usb.o
                0x08008a22                USB_ReadPMA
 .text.dmx_registerCallback
                0x08008ac2       0x1c Middleware\DMX\dmx.o
                0x08008ac2                dmx_registerCallback
 *fill*         0x08008ade        0x2 
 .text.dmx_init
                0x08008ae0       0x94 Middleware\DMX\dmx.o
                0x08008ae0                dmx_init
 .text.dmx_loop
                0x08008b74       0x74 Middleware\DMX\dmx.o
                0x08008b74                dmx_loop
 .text.dmx_1ms  0x08008be8       0x26 Middleware\DMX\dmx.o
                0x08008be8                dmx_1ms
 .text.dmx_sendStart
                0x08008c0e       0x7e Middleware\DMX\dmx.o
                0x08008c0e                dmx_sendStart
 .text.dmx_txStart
                0x08008c8c       0x24 Middleware\DMX\dmx.o
                0x08008c8c                dmx_txStart
 .text.dmx_rxStart
                0x08008cb0       0x2c Middleware\DMX\dmx.o
                0x08008cb0                dmx_rxStart
 .text.dmx_irqTxTimerHandler
                0x08008cdc       0xd2 Middleware\DMX\dmx.o
                0x08008cdc                dmx_irqTxTimerHandler
 .text.dmx_irqTxInterfaceHandler
                0x08008dae       0xea Middleware\DMX\dmx.o
                0x08008dae                dmx_irqTxInterfaceHandler
 .text.dmx_irqRxInterfaceHandler
                0x08008e98       0xf0 Middleware\DMX\dmx.o
                0x08008e98                dmx_irqRxInterfaceHandler
 .text.eeprom_registerCallback
                0x08008f88       0x1c Middleware\EEPROM_24xxxx\eeprom.o
                0x08008f88                eeprom_registerCallback
 .text.eeprom_init
                0x08008fa4       0x26 Middleware\EEPROM_24xxxx\eeprom.o
                0x08008fa4                eeprom_init
 .text.eeprom_write
                0x08008fca       0x44 Middleware\EEPROM_24xxxx\eeprom.o
                0x08008fca                eeprom_write
 .text.eeprom_read
                0x0800900e       0x44 Middleware\EEPROM_24xxxx\eeprom.o
                0x0800900e                eeprom_read
 .text.eeprom_isFree
                0x08009052       0x3c Middleware\EEPROM_24xxxx\eeprom.o
                0x08009052                eeprom_isFree
 .text.writeStartAddr
                0x0800908e       0x1e Middleware\EEPROM_24xxxx\eeprom.o
 .text.writeData
                0x080090ac       0x3c Middleware\EEPROM_24xxxx\eeprom.o
 .text.readData
                0x080090e8       0x3c Middleware\EEPROM_24xxxx\eeprom.o
 .text.writeValidation
                0x08009124       0x5a Middleware\EEPROM_24xxxx\eeprom.o
 .text.readValidation
                0x0800917e       0x4c Middleware\EEPROM_24xxxx\eeprom.o
 .text.callbackError
                0x080091ca       0x16 Middleware\EEPROM_24xxxx\eeprom.o
 .text.isSimilarToLast
                0x080091e0       0x98 Middleware\MSG\msg.o
 .text.writeMsg
                0x08009278      0x10c Middleware\MSG\msg.o
 .text.msg_writeEvent
                0x08009384       0x2e Middleware\MSG\msg.o
                0x08009384                msg_writeEvent
 .text.msg_writeAction
                0x080093b2       0x32 Middleware\MSG\msg.o
                0x080093b2                msg_writeAction
 .text.msg_getNext
                0x080093e4      0x13a Middleware\MSG\msg.o
                0x080093e4                msg_getNext
 .text.msg_isAction
                0x0800951e       0x24 Middleware\MSG\msg.o
                0x0800951e                msg_isAction
 .text.RINGBUFFER_cIn
                0x08009542       0x7a Middleware\RINGBUFFER\ringbuffer.o
                0x08009542                RINGBUFFER_cIn
 .text.RINGBUFFER_cOut
                0x080095bc       0x62 Middleware\RINGBUFFER\ringbuffer.o
                0x080095bc                RINGBUFFER_cOut
 .text.RINGBUFFER_isEmpty
                0x0800961e       0x26 Middleware\RINGBUFFER\ringbuffer.o
                0x0800961e                RINGBUFFER_isEmpty
 .text.USBD_CDC_Init
                0x08009644       0xf4 Middlewares\ST\STM32_USB_Device_Library\Class\CDC\Src\usbd_cdc.o
 .text.USBD_CDC_DeInit
                0x08009738       0x6e Middlewares\ST\STM32_USB_Device_Library\Class\CDC\Src\usbd_cdc.o
 .text.USBD_CDC_Setup
                0x080097a6      0x140 Middlewares\ST\STM32_USB_Device_Library\Class\CDC\Src\usbd_cdc.o
 .text.USBD_CDC_DataIn
                0x080098e6       0xa0 Middlewares\ST\STM32_USB_Device_Library\Class\CDC\Src\usbd_cdc.o
 .text.USBD_CDC_DataOut
                0x08009986       0x56 Middlewares\ST\STM32_USB_Device_Library\Class\CDC\Src\usbd_cdc.o
 .text.USBD_CDC_EP0_RxReady
                0x080099dc       0x50 Middlewares\ST\STM32_USB_Device_Library\Class\CDC\Src\usbd_cdc.o
 .text.USBD_CDC_GetFSCfgDesc
                0x08009a2c       0x20 Middlewares\ST\STM32_USB_Device_Library\Class\CDC\Src\usbd_cdc.o
 .text.USBD_CDC_GetHSCfgDesc
                0x08009a4c       0x20 Middlewares\ST\STM32_USB_Device_Library\Class\CDC\Src\usbd_cdc.o
 .text.USBD_CDC_GetOtherSpeedCfgDesc
                0x08009a6c       0x20 Middlewares\ST\STM32_USB_Device_Library\Class\CDC\Src\usbd_cdc.o
 .text.USBD_CDC_GetDeviceQualifierDescriptor
                0x08009a8c       0x20 Middlewares\ST\STM32_USB_Device_Library\Class\CDC\Src\usbd_cdc.o
                0x08009a8c                USBD_CDC_GetDeviceQualifierDescriptor
 .text.USBD_CDC_RegisterInterface
                0x08009aac       0x2e Middlewares\ST\STM32_USB_Device_Library\Class\CDC\Src\usbd_cdc.o
                0x08009aac                USBD_CDC_RegisterInterface
 .text.USBD_CDC_SetTxBuffer
                0x08009ada       0x34 Middlewares\ST\STM32_USB_Device_Library\Class\CDC\Src\usbd_cdc.o
                0x08009ada                USBD_CDC_SetTxBuffer
 .text.USBD_CDC_SetRxBuffer
                0x08009b0e       0x28 Middlewares\ST\STM32_USB_Device_Library\Class\CDC\Src\usbd_cdc.o
                0x08009b0e                USBD_CDC_SetRxBuffer
 .text.USBD_CDC_TransmitPacket
                0x08009b36       0x5e Middlewares\ST\STM32_USB_Device_Library\Class\CDC\Src\usbd_cdc.o
                0x08009b36                USBD_CDC_TransmitPacket
 .text.USBD_CDC_ReceivePacket
                0x08009b94       0x54 Middlewares\ST\STM32_USB_Device_Library\Class\CDC\Src\usbd_cdc.o
                0x08009b94                USBD_CDC_ReceivePacket
 .text.USBD_Init
                0x08009be8       0x56 Middlewares\ST\STM32_USB_Device_Library\Core\Src\usbd_core.o
                0x08009be8                USBD_Init
 .text.USBD_RegisterClass
                0x08009c3e       0x34 Middlewares\ST\STM32_USB_Device_Library\Core\Src\usbd_core.o
                0x08009c3e                USBD_RegisterClass
 .text.USBD_Start
                0x08009c72       0x18 Middlewares\ST\STM32_USB_Device_Library\Core\Src\usbd_core.o
                0x08009c72                USBD_Start
 .text.USBD_RunTestMode
                0x08009c8a       0x16 Middlewares\ST\STM32_USB_Device_Library\Core\Src\usbd_core.o
                0x08009c8a                USBD_RunTestMode
 .text.USBD_SetClassConfig
                0x08009ca0       0x3e Middlewares\ST\STM32_USB_Device_Library\Core\Src\usbd_core.o
                0x08009ca0                USBD_SetClassConfig
 .text.USBD_ClrClassConfig
                0x08009cde       0x26 Middlewares\ST\STM32_USB_Device_Library\Core\Src\usbd_core.o
                0x08009cde                USBD_ClrClassConfig
 .text.USBD_LL_SetupStage
                0x08009d04       0x96 Middlewares\ST\STM32_USB_Device_Library\Core\Src\usbd_core.o
                0x08009d04                USBD_LL_SetupStage
 .text.USBD_LL_DataOutStage
                0x08009d9a       0xda Middlewares\ST\STM32_USB_Device_Library\Core\Src\usbd_core.o
                0x08009d9a                USBD_LL_DataOutStage
 .text.USBD_LL_DataInStage
                0x08009e74      0x14a Middlewares\ST\STM32_USB_Device_Library\Core\Src\usbd_core.o
                0x08009e74                USBD_LL_DataInStage
 .text.USBD_LL_Reset
                0x08009fbe       0x82 Middlewares\ST\STM32_USB_Device_Library\Core\Src\usbd_core.o
                0x08009fbe                USBD_LL_Reset
 .text.USBD_LL_SetSpeed
                0x0800a040       0x20 Middlewares\ST\STM32_USB_Device_Library\Core\Src\usbd_core.o
                0x0800a040                USBD_LL_SetSpeed
 .text.USBD_LL_Suspend
                0x0800a060       0x2a Middlewares\ST\STM32_USB_Device_Library\Core\Src\usbd_core.o
                0x0800a060                USBD_LL_Suspend
 .text.USBD_LL_Resume
                0x0800a08a       0x22 Middlewares\ST\STM32_USB_Device_Library\Core\Src\usbd_core.o
                0x0800a08a                USBD_LL_Resume
 .text.USBD_LL_SOF
                0x0800a0ac       0x34 Middlewares\ST\STM32_USB_Device_Library\Core\Src\usbd_core.o
                0x0800a0ac                USBD_LL_SOF
 .text.USBD_StdDevReq
                0x0800a0e0       0xd4 Middlewares\ST\STM32_USB_Device_Library\Core\Src\usbd_ctlreq.o
                0x0800a0e0                USBD_StdDevReq
 .text.USBD_StdItfReq
                0x0800a1b4       0x8c Middlewares\ST\STM32_USB_Device_Library\Core\Src\usbd_ctlreq.o
                0x0800a1b4                USBD_StdItfReq
 .text.USBD_StdEPReq
                0x0800a240      0x2b6 Middlewares\ST\STM32_USB_Device_Library\Core\Src\usbd_ctlreq.o
                0x0800a240                USBD_StdEPReq
 *fill*         0x0800a4f6        0x2 
 .text.USBD_GetDescriptor
                0x0800a4f8      0x22c Middlewares\ST\STM32_USB_Device_Library\Core\Src\usbd_ctlreq.o
 .text.USBD_SetAddress
                0x0800a724       0x84 Middlewares\ST\STM32_USB_Device_Library\Core\Src\usbd_ctlreq.o
 .text.USBD_SetConfig
                0x0800a7a8      0x11c Middlewares\ST\STM32_USB_Device_Library\Core\Src\usbd_ctlreq.o
 .text.USBD_GetConfig
                0x0800a8c4       0x68 Middlewares\ST\STM32_USB_Device_Library\Core\Src\usbd_ctlreq.o
 .text.USBD_GetStatus
                0x0800a92c       0x66 Middlewares\ST\STM32_USB_Device_Library\Core\Src\usbd_ctlreq.o
 .text.USBD_SetFeature
                0x0800a992       0x28 Middlewares\ST\STM32_USB_Device_Library\Core\Src\usbd_ctlreq.o
 .text.USBD_ClrFeature
                0x0800a9ba       0x42 Middlewares\ST\STM32_USB_Device_Library\Core\Src\usbd_ctlreq.o
 .text.USBD_ParseSetupRequest
                0x0800a9fc       0x7a Middlewares\ST\STM32_USB_Device_Library\Core\Src\usbd_ctlreq.o
                0x0800a9fc                USBD_ParseSetupRequest
 .text.USBD_CtlError
                0x0800aa76       0x22 Middlewares\ST\STM32_USB_Device_Library\Core\Src\usbd_ctlreq.o
                0x0800aa76                USBD_CtlError
 .text.USBD_GetString
                0x0800aa98       0x84 Middlewares\ST\STM32_USB_Device_Library\Core\Src\usbd_ctlreq.o
                0x0800aa98                USBD_GetString
 .text.USBD_GetLen
                0x0800ab1c       0x30 Middlewares\ST\STM32_USB_Device_Library\Core\Src\usbd_ctlreq.o
 .text.USBD_CtlSendData
                0x0800ab4c       0x38 Middlewares\ST\STM32_USB_Device_Library\Core\Src\usbd_ioreq.o
                0x0800ab4c                USBD_CtlSendData
 .text.USBD_CtlContinueSendData
                0x0800ab84       0x24 Middlewares\ST\STM32_USB_Device_Library\Core\Src\usbd_ioreq.o
                0x0800ab84                USBD_CtlContinueSendData
 .text.USBD_CtlPrepareRx
                0x0800aba8       0x3c Middlewares\ST\STM32_USB_Device_Library\Core\Src\usbd_ioreq.o
                0x0800aba8                USBD_CtlPrepareRx
 .text.USBD_CtlContinueRx
                0x0800abe4       0x24 Middlewares\ST\STM32_USB_Device_Library\Core\Src\usbd_ioreq.o
                0x0800abe4                USBD_CtlContinueRx
 .text.USBD_CtlSendStatus
                0x0800ac08       0x26 Middlewares\ST\STM32_USB_Device_Library\Core\Src\usbd_ioreq.o
                0x0800ac08                USBD_CtlSendStatus
 .text.USBD_CtlReceiveStatus
                0x0800ac2e       0x26 Middlewares\ST\STM32_USB_Device_Library\Core\Src\usbd_ioreq.o
                0x0800ac2e                USBD_CtlReceiveStatus
 .text.MX_GPIO_Init
                0x0800ac54      0x1ec Src\gpio.o
                0x0800ac54                MX_GPIO_Init
 .text.gpio_ConfigureToFloating
                0x0800ae40       0x3c Src\gpio.o
                0x0800ae40                gpio_ConfigureToFloating
 .text.gpio_ConfigureToPushPull
                0x0800ae7c       0x4c Src\gpio.o
                0x0800ae7c                gpio_ConfigureToPushPull
 .text.MX_I2C2_Init
                0x0800aec8       0x80 Src\i2c.o
                0x0800aec8                MX_I2C2_Init
 .text.HAL_I2C_MspInit
                0x0800af48       0x88 Src\i2c.o
                0x0800af48                HAL_I2C_MspInit
 .text.MX_LPTIM1_Init
                0x0800afd0       0x58 Src\lptim.o
                0x0800afd0                MX_LPTIM1_Init
 .text.MX_LPTIM2_Init
                0x0800b028       0x58 Src\lptim.o
                0x0800b028                MX_LPTIM2_Init
 .text.HAL_LPTIM_MspInit
                0x0800b080       0x84 Src\lptim.o
                0x0800b080                HAL_LPTIM_MspInit
 .text.main     0x0800b104       0x42 Src\main.o
                0x0800b104                main
 .text.SystemClock_Config
                0x0800b146      0x112 Src\main.o
                0x0800b146                SystemClock_Config
 .text.Error_Handler
                0x0800b258        0xe Src\main.o
                0x0800b258                Error_Handler
 *fill*         0x0800b266        0x2 
 .text.HAL_MspInit
                0x0800b268       0x48 Src\stm32l4xx_hal_msp.o
                0x0800b268                HAL_MspInit
 .text.NMI_Handler
                0x0800b2b0        0xe Src\stm32l4xx_it.o
                0x0800b2b0                NMI_Handler
 .text.HardFault_Handler
                0x0800b2be        0x6 Src\stm32l4xx_it.o
                0x0800b2be                HardFault_Handler
 .text.MemManage_Handler
                0x0800b2c4        0x6 Src\stm32l4xx_it.o
                0x0800b2c4                MemManage_Handler
 .text.BusFault_Handler
                0x0800b2ca        0x6 Src\stm32l4xx_it.o
                0x0800b2ca                BusFault_Handler
 .text.UsageFault_Handler
                0x0800b2d0        0x6 Src\stm32l4xx_it.o
                0x0800b2d0                UsageFault_Handler
 .text.SVC_Handler
                0x0800b2d6        0xe Src\stm32l4xx_it.o
                0x0800b2d6                SVC_Handler
 .text.DebugMon_Handler
                0x0800b2e4        0xe Src\stm32l4xx_it.o
                0x0800b2e4                DebugMon_Handler
 .text.PendSV_Handler
                0x0800b2f2        0xe Src\stm32l4xx_it.o
                0x0800b2f2                PendSV_Handler
 .text.SysTick_Handler
                0x0800b300       0x10 Src\stm32l4xx_it.o
                0x0800b300                SysTick_Handler
 .text.EXTI9_5_IRQHandler
                0x0800b310       0x10 Src\stm32l4xx_it.o
                0x0800b310                EXTI9_5_IRQHandler
 .text.TIM1_BRK_TIM15_IRQHandler
                0x0800b320       0x1c Src\stm32l4xx_it.o
                0x0800b320                TIM1_BRK_TIM15_IRQHandler
 .text.TIM1_TRG_COM_IRQHandler
                0x0800b33c       0x14 Src\stm32l4xx_it.o
                0x0800b33c                TIM1_TRG_COM_IRQHandler
 .text.TIM1_CC_IRQHandler
                0x0800b350       0x14 Src\stm32l4xx_it.o
                0x0800b350                TIM1_CC_IRQHandler
 .text.TIM2_IRQHandler
                0x0800b364       0x14 Src\stm32l4xx_it.o
                0x0800b364                TIM2_IRQHandler
 .text.TIM3_IRQHandler
                0x0800b378       0x14 Src\stm32l4xx_it.o
                0x0800b378                TIM3_IRQHandler
 .text.TIM6_DAC_IRQHandler
                0x0800b38c       0x14 Src\stm32l4xx_it.o
                0x0800b38c                TIM6_DAC_IRQHandler
 .text.LPTIM1_IRQHandler
                0x0800b3a0       0x14 Src\stm32l4xx_it.o
                0x0800b3a0                LPTIM1_IRQHandler
 .text.LPTIM2_IRQHandler
                0x0800b3b4       0x14 Src\stm32l4xx_it.o
                0x0800b3b4                LPTIM2_IRQHandler
 .text.USB_IRQHandler
                0x0800b3c8       0x14 Src\stm32l4xx_it.o
                0x0800b3c8                USB_IRQHandler
 .text.SystemInit
                0x0800b3dc       0x6c Src\system_stm32l4xx.o
                0x0800b3dc                SystemInit
 .text.MX_TIM2_Init
                0x0800b448       0xc0 Src\tim.o
                0x0800b448                MX_TIM2_Init
 .text.MX_TIM3_Init
                0x0800b508       0xc0 Src\tim.o
                0x0800b508                MX_TIM3_Init
 .text.MX_TIM6_Init
                0x0800b5c8       0x6c Src\tim.o
                0x0800b5c8                MX_TIM6_Init
 .text.MX_TIM16_Init
                0x0800b634       0x4c Src\tim.o
                0x0800b634                MX_TIM16_Init
 .text.HAL_TIM_IC_MspInit
                0x0800b680      0x104 Src\tim.o
                0x0800b680                HAL_TIM_IC_MspInit
 .text.HAL_TIM_Base_MspInit
                0x0800b784       0xbc Src\tim.o
                0x0800b784                HAL_TIM_Base_MspInit
 .text.tim_setNewTimeAndStart
                0x0800b840       0x70 Src\tim.o
                0x0800b840                tim_setNewTimeAndStart
 .text.tim_stop
                0x0800b8b0       0x38 Src\tim.o
                0x0800b8b0                tim_stop
 .text.MX_UART4_Init
                0x0800b8e8       0x60 Src\usart.o
                0x0800b8e8                MX_UART4_Init
 .text.MX_USART1_UART_Init
                0x0800b948       0x64 Src\usart.o
                0x0800b948                MX_USART1_UART_Init
 .text.MX_USART2_UART_Init
                0x0800b9ac       0x64 Src\usart.o
                0x0800b9ac                MX_USART2_UART_Init
 .text.HAL_UART_MspInit
                0x0800ba10      0x180 Src\usart.o
                0x0800ba10                HAL_UART_MspInit
 .text.MX_USB_DEVICE_Init
                0x0800bb90       0x44 Src\usb_device.o
                0x0800bb90                MX_USB_DEVICE_Init
 .text.CDC_Init_FS
                0x0800bbd4       0x28 Src\usbd_cdc_if.o
 .text.CDC_DeInit_FS
                0x0800bbfc       0x10 Src\usbd_cdc_if.o
 .text.CDC_Control_FS
                0x0800bc0c       0xbc Src\usbd_cdc_if.o
 .text.CDC_Receive_FS
                0x0800bcc8       0x44 Src\usbd_cdc_if.o
 .text.CDC_Transmit_FS
                0x0800bd0c       0x4c Src\usbd_cdc_if.o
                0x0800bd0c                CDC_Transmit_FS
 .text.usb_registerRxCallback
                0x0800bd58       0x20 Src\usbd_cdc_if.o
                0x0800bd58                usb_registerRxCallback
 .text.HAL_PCD_MspInit
                0x0800bd78       0x70 Src\usbd_conf.o
                0x0800bd78                HAL_PCD_MspInit
 .text.HAL_PCD_SetupStageCallback
                0x0800bde8       0x24 Src\usbd_conf.o
                0x0800bde8                HAL_PCD_SetupStageCallback
 .text.HAL_PCD_DataOutStageCallback
                0x0800be0c       0x30 Src\usbd_conf.o
                0x0800be0c                HAL_PCD_DataOutStageCallback
 .text.HAL_PCD_DataInStageCallback
                0x0800be3c       0x2e Src\usbd_conf.o
                0x0800be3c                HAL_PCD_DataInStageCallback
 .text.HAL_PCD_SOFCallback
                0x0800be6a       0x1c Src\usbd_conf.o
                0x0800be6a                HAL_PCD_SOFCallback
 .text.HAL_PCD_ResetCallback
                0x0800be86       0x44 Src\usbd_conf.o
                0x0800be86                HAL_PCD_ResetCallback
 *fill*         0x0800beca        0x2 
 .text.HAL_PCD_SuspendCallback
                0x0800becc       0x34 Src\usbd_conf.o
                0x0800becc                HAL_PCD_SuspendCallback
 .text.HAL_PCD_ResumeCallback
                0x0800bf00       0x38 Src\usbd_conf.o
                0x0800bf00                HAL_PCD_ResumeCallback
 .text.USBD_LL_Init
                0x0800bf38       0xc8 Src\usbd_conf.o
                0x0800bf38                USBD_LL_Init
 .text.USBD_LL_Start
                0x0800c000       0x64 Src\usbd_conf.o
                0x0800c000                USBD_LL_Start
 .text.USBD_LL_OpenEP
                0x0800c064       0x7c Src\usbd_conf.o
                0x0800c064                USBD_LL_OpenEP
 .text.USBD_LL_CloseEP
                0x0800c0e0       0x6c Src\usbd_conf.o
                0x0800c0e0                USBD_LL_CloseEP
 .text.USBD_LL_StallEP
                0x0800c14c       0x6c Src\usbd_conf.o
                0x0800c14c                USBD_LL_StallEP
 .text.USBD_LL_ClearStallEP
                0x0800c1b8       0x6c Src\usbd_conf.o
                0x0800c1b8                USBD_LL_ClearStallEP
 .text.USBD_LL_IsStallEP
                0x0800c224       0x4c Src\usbd_conf.o
                0x0800c224                USBD_LL_IsStallEP
 .text.USBD_LL_SetUSBAddress
                0x0800c270       0x6c Src\usbd_conf.o
                0x0800c270                USBD_LL_SetUSBAddress
 .text.USBD_LL_Transmit
                0x0800c2dc       0x74 Src\usbd_conf.o
                0x0800c2dc                USBD_LL_Transmit
 .text.USBD_LL_PrepareReceive
                0x0800c350       0x74 Src\usbd_conf.o
                0x0800c350                USBD_LL_PrepareReceive
 .text.USBD_LL_GetRxDataSize
                0x0800c3c4       0x26 Src\usbd_conf.o
                0x0800c3c4                USBD_LL_GetRxDataSize
 *fill*         0x0800c3ea        0x2 
 .text.HAL_PCDEx_LPM_Callback
                0x0800c3ec       0x6c Src\usbd_conf.o
                0x0800c3ec                HAL_PCDEx_LPM_Callback
 .text.USBD_static_malloc
                0x0800c458       0x1c Src\usbd_conf.o
                0x0800c458                USBD_static_malloc
 .text.USBD_static_free
                0x0800c474       0x14 Src\usbd_conf.o
                0x0800c474                USBD_static_free
 .text.SystemClockConfig_Resume
                0x0800c488        0xc Src\usbd_conf.o
 .text.USBD_LL_BatteryCharging
                0x0800c494       0x2a Src\usbd_conf.o
                0x0800c494                USBD_LL_BatteryCharging
 *fill*         0x0800c4be        0x2 
 .text.USBD_FS_DeviceDescriptor
                0x0800c4c0       0x24 Src\usbd_desc.o
                0x0800c4c0                USBD_FS_DeviceDescriptor
 .text.USBD_FS_LangIDStrDescriptor
                0x0800c4e4       0x24 Src\usbd_desc.o
                0x0800c4e4                USBD_FS_LangIDStrDescriptor
 .text.USBD_FS_ProductStrDescriptor
                0x0800c508       0x3c Src\usbd_desc.o
                0x0800c508                USBD_FS_ProductStrDescriptor
 .text.USBD_FS_ManufacturerStrDescriptor
                0x0800c544       0x28 Src\usbd_desc.o
                0x0800c544                USBD_FS_ManufacturerStrDescriptor
 .text.USBD_FS_SerialStrDescriptor
                0x0800c56c       0x3c Src\usbd_desc.o
                0x0800c56c                USBD_FS_SerialStrDescriptor
 .text.USBD_FS_ConfigStrDescriptor
                0x0800c5a8       0x3c Src\usbd_desc.o
                0x0800c5a8                USBD_FS_ConfigStrDescriptor
 .text.USBD_FS_InterfaceStrDescriptor
                0x0800c5e4       0x3c Src\usbd_desc.o
                0x0800c5e4                USBD_FS_InterfaceStrDescriptor
 .text.USBD_FS_USR_BOSDescriptor
                0x0800c620       0x24 Src\usbd_desc.o
                0x0800c620                USBD_FS_USR_BOSDescriptor
 .text.Reset_Handler
                0x0800c644       0x50 startup\startup_stm32l452xx.o
                0x0800c644                Reset_Handler
 .text.Default_Handler
                0x0800c694        0x2 startup\startup_stm32l452xx.o
                0x0800c694                RTC_Alarm_IRQHandler
                0x0800c694                EXTI2_IRQHandler
                0x0800c694                TSC_IRQHandler
                0x0800c694                TAMP_STAMP_IRQHandler
                0x0800c694                EXTI3_IRQHandler
                0x0800c694                DFSDM1_FLT1_IRQHandler
                0x0800c694                I2C3_ER_IRQHandler
                0x0800c694                EXTI0_IRQHandler
                0x0800c694                I2C2_EV_IRQHandler
                0x0800c694                CAN1_RX0_IRQHandler
                0x0800c694                FPU_IRQHandler
                0x0800c694                SPI1_IRQHandler
                0x0800c694                DMA2_Channel2_IRQHandler
                0x0800c694                DMA1_Channel4_IRQHandler
                0x0800c694                ADC1_IRQHandler
                0x0800c694                USART3_IRQHandler
                0x0800c694                DMA1_Channel7_IRQHandler
                0x0800c694                CAN1_RX1_IRQHandler
                0x0800c694                DMA2_Channel1_IRQHandler
                0x0800c694                QUADSPI_IRQHandler
                0x0800c694                I2C1_EV_IRQHandler
                0x0800c694                DMA1_Channel6_IRQHandler
                0x0800c694                DMA2_Channel4_IRQHandler
                0x0800c694                RCC_IRQHandler
                0x0800c694                DMA1_Channel1_IRQHandler
                0x0800c694                Default_Handler
                0x0800c694                DMA2_Channel7_IRQHandler
                0x0800c694                EXTI15_10_IRQHandler
                0x0800c694                SDMMC1_IRQHandler
                0x0800c694                I2C3_EV_IRQHandler
                0x0800c694                RTC_WKUP_IRQHandler
                0x0800c694                PVD_PVM_IRQHandler
                0x0800c694                SPI2_IRQHandler
                0x0800c694                CAN1_TX_IRQHandler
                0x0800c694                DMA2_Channel5_IRQHandler
                0x0800c694                CRS_IRQHandler
                0x0800c694                DMA1_Channel5_IRQHandler
                0x0800c694                EXTI4_IRQHandler
                0x0800c694                RNG_IRQHandler
                0x0800c694                DMA1_Channel3_IRQHandler
                0x0800c694                COMP_IRQHandler
                0x0800c694                WWDG_IRQHandler
                0x0800c694                I2C4_EV_IRQHandler
                0x0800c694                LPUART1_IRQHandler
                0x0800c694                DMA2_Channel6_IRQHandler
                0x0800c694                EXTI1_IRQHandler
                0x0800c694                DFSDM1_FLT0_IRQHandler
                0x0800c694                I2C2_ER_IRQHandler
                0x0800c694                DMA1_Channel2_IRQHandler
                0x0800c694                CAN1_SCE_IRQHandler
                0x0800c694                FLASH_IRQHandler
                0x0800c694                SPI3_IRQHandler
                0x0800c694                I2C1_ER_IRQHandler
                0x0800c694                I2C4_ER_IRQHandler
                0x0800c694                SAI1_IRQHandler
                0x0800c694                DMA2_Channel3_IRQHandler
 *fill*         0x0800c696        0x2 
 .text.__libc_init_array
                0x0800c698       0x48 c:/program files (x86)/atollic/truestudio for stm32 9.2.0/armtools/bin/../lib/gcc/arm-atollic-eabi/6.3.1/../../../../arm-atollic-eabi/lib/armv7e-m/fpu\libc_nano.a(lib_a-init.o)
                0x0800c698                __libc_init_array
 .text.memcpy   0x0800c6e0       0x16 c:/program files (x86)/atollic/truestudio for stm32 9.2.0/armtools/bin/../lib/gcc/arm-atollic-eabi/6.3.1/../../../../arm-atollic-eabi/lib/armv7e-m/fpu\libc_nano.a(lib_a-memcpy-stub.o)
                0x0800c6e0                memcpy
 .text.memset   0x0800c6f6       0x10 c:/program files (x86)/atollic/truestudio for stm32 9.2.0/armtools/bin/../lib/gcc/arm-atollic-eabi/6.3.1/../../../../arm-atollic-eabi/lib/armv7e-m/fpu\libc_nano.a(lib_a-memset.o)
                0x0800c6f6                memset
 *fill*         0x0800c706        0x2 
 .text.snprintf
                0x0800c708       0x68 c:/program files (x86)/atollic/truestudio for stm32 9.2.0/armtools/bin/../lib/gcc/arm-atollic-eabi/6.3.1/../../../../arm-atollic-eabi/lib/armv7e-m/fpu\libc_nano.a(lib_a-snprintf.o)
                0x0800c708                sniprintf
                0x0800c708                snprintf
 .text.strncpy  0x0800c770       0x2a c:/program files (x86)/atollic/truestudio for stm32 9.2.0/armtools/bin/../lib/gcc/arm-atollic-eabi/6.3.1/../../../../arm-atollic-eabi/lib/armv7e-m/fpu\libc_nano.a(lib_a-strncpy.o)
                0x0800c770                strncpy
 .text._strtol_l.isra.0
                0x0800c79a      0x100 c:/program files (x86)/atollic/truestudio for stm32 9.2.0/armtools/bin/../lib/gcc/arm-atollic-eabi/6.3.1/../../../../arm-atollic-eabi/lib/armv7e-m/fpu\libc_nano.a(lib_a-strtol.o)
 *fill*         0x0800c89a        0x2 
 .text.strtol   0x0800c89c       0x2c c:/program files (x86)/atollic/truestudio for stm32 9.2.0/armtools/bin/../lib/gcc/arm-atollic-eabi/6.3.1/../../../../arm-atollic-eabi/lib/armv7e-m/fpu\libc_nano.a(lib_a-strtol.o)
                0x0800c89c                strtol
 .text.__locale_ctype_ptr_l
                0x0800c8c8        0x6 c:/program files (x86)/atollic/truestudio for stm32 9.2.0/armtools/bin/../lib/gcc/arm-atollic-eabi/6.3.1/../../../../arm-atollic-eabi/lib/armv7e-m/fpu\libc_nano.a(lib_a-locale.o)
                0x0800c8c8                __locale_ctype_ptr_l
 .text.__ascii_mbtowc
                0x0800c8ce       0x24 c:/program files (x86)/atollic/truestudio for stm32 9.2.0/armtools/bin/../lib/gcc/arm-atollic-eabi/6.3.1/../../../../arm-atollic-eabi/lib/armv7e-m/fpu\libc_nano.a(lib_a-mbtowc_r.o)
                0x0800c8ce                __ascii_mbtowc
 .text.__ssputs_r
                0x0800c8f2       0xb6 c:/program files (x86)/atollic/truestudio for stm32 9.2.0/armtools/bin/../lib/gcc/arm-atollic-eabi/6.3.1/../../../../arm-atollic-eabi/lib/armv7e-m/fpu\libc_nano.a(lib_a-nano-svfprintf.o)
                0x0800c8f2                __ssputs_r
 .text._svfprintf_r
                0x0800c9a8      0x1e8 c:/program files (x86)/atollic/truestudio for stm32 9.2.0/armtools/bin/../lib/gcc/arm-atollic-eabi/6.3.1/../../../../arm-atollic-eabi/lib/armv7e-m/fpu\libc_nano.a(lib_a-nano-svfprintf.o)
                0x0800c9a8                _svfiprintf_r
                0x0800c9a8                _svfprintf_r
 .text._printf_common
                0x0800cb90       0xec c:/program files (x86)/atollic/truestudio for stm32 9.2.0/armtools/bin/../lib/gcc/arm-atollic-eabi/6.3.1/../../../../arm-atollic-eabi/lib/armv7e-m/fpu\libc_nano.a(lib_a-nano-vfprintf_i.o)
                0x0800cb90                _printf_common
 .text._printf_i
                0x0800cc7c      0x240 c:/program files (x86)/atollic/truestudio for stm32 9.2.0/armtools/bin/../lib/gcc/arm-atollic-eabi/6.3.1/../../../../arm-atollic-eabi/lib/armv7e-m/fpu\libc_nano.a(lib_a-nano-vfprintf_i.o)
                0x0800cc7c                _printf_i
 .text.__ascii_wctomb
                0x0800cebc       0x1a c:/program files (x86)/atollic/truestudio for stm32 9.2.0/armtools/bin/../lib/gcc/arm-atollic-eabi/6.3.1/../../../../arm-atollic-eabi/lib/armv7e-m/fpu\libc_nano.a(lib_a-wctomb_r.o)
                0x0800cebc                __ascii_wctomb
 .text.memmove  0x0800ced6       0x34 c:/program files (x86)/atollic/truestudio for stm32 9.2.0/armtools/bin/../lib/gcc/arm-atollic-eabi/6.3.1/../../../../arm-atollic-eabi/lib/armv7e-m/fpu\libc_nano.a(lib_a-memmove.o)
                0x0800ced6                memmove
 *fill*         0x0800cf0a        0x2 
 .text._free_r  0x0800cf0c       0x9c c:/program files (x86)/atollic/truestudio for stm32 9.2.0/armtools/bin/../lib/gcc/arm-atollic-eabi/6.3.1/../../../../arm-atollic-eabi/lib/armv7e-m/fpu\libc_nano.a(lib_a-nano-freer.o)
                0x0800cf0c                _free_r
 .text._malloc_r
                0x0800cfa8       0xbc c:/program files (x86)/atollic/truestudio for stm32 9.2.0/armtools/bin/../lib/gcc/arm-atollic-eabi/6.3.1/../../../../arm-atollic-eabi/lib/armv7e-m/fpu\libc_nano.a(lib_a-nano-mallocr.o)
                0x0800cfa8                _malloc_r
 .text._realloc_r
                0x0800d064       0x4c c:/program files (x86)/atollic/truestudio for stm32 9.2.0/armtools/bin/../lib/gcc/arm-atollic-eabi/6.3.1/../../../../arm-atollic-eabi/lib/armv7e-m/fpu\libc_nano.a(lib_a-nano-reallocr.o)
                0x0800d064                _realloc_r
 .text._sbrk_r  0x0800d0b0       0x20 c:/program files (x86)/atollic/truestudio for stm32 9.2.0/armtools/bin/../lib/gcc/arm-atollic-eabi/6.3.1/../../../../arm-atollic-eabi/lib/armv7e-m/fpu\libc_nano.a(lib_a-sbrkr.o)
                0x0800d0b0                _sbrk_r
 .text.__malloc_lock
                0x0800d0d0        0x2 c:/program files (x86)/atollic/truestudio for stm32 9.2.0/armtools/bin/../lib/gcc/arm-atollic-eabi/6.3.1/../../../../arm-atollic-eabi/lib/armv7e-m/fpu\libc_nano.a(lib_a-mlock.o)
                0x0800d0d0                __malloc_lock
 .text.__malloc_unlock
                0x0800d0d2        0x2 c:/program files (x86)/atollic/truestudio for stm32 9.2.0/armtools/bin/../lib/gcc/arm-atollic-eabi/6.3.1/../../../../arm-atollic-eabi/lib/armv7e-m/fpu\libc_nano.a(lib_a-mlock.o)
                0x0800d0d2                __malloc_unlock
 .text._malloc_usable_size_r
                0x0800d0d4       0x12 c:/program files (x86)/atollic/truestudio for stm32 9.2.0/armtools/bin/../lib/gcc/arm-atollic-eabi/6.3.1/../../../../arm-atollic-eabi/lib/armv7e-m/fpu\libc_nano.a(lib_a-nano-msizer.o)
                0x0800d0d4                _malloc_usable_size_r
 *fill*         0x0800d0e6        0x2 
 .text._sbrk    0x0800d0e8       0x1c c:/program files (x86)/atollic/truestudio for stm32 9.2.0/armtools/bin/../lib/gcc/arm-atollic-eabi/6.3.1/../../../../arm-atollic-eabi/lib/armv7e-m/fpu\libnosys.a(sbrk.o)
                0x0800d0e8                _sbrk
 *(.glue_7)
 .glue_7        0x0800d104        0x0 linker stubs
 *(.glue_7t)
 .glue_7t       0x0800d104        0x0 linker stubs
 *(.eh_frame)
 .eh_frame      0x0800d104        0x0 c:/program files (x86)/atollic/truestudio for stm32 9.2.0/armtools/bin/../lib/gcc/arm-atollic-eabi/6.3.1/armv7e-m/fpu/crtbegin.o
 *(.init)
 .init          0x0800d104        0x4 c:/program files (x86)/atollic/truestudio for stm32 9.2.0/armtools/bin/../lib/gcc/arm-atollic-eabi/6.3.1/armv7e-m/fpu/crti.o
                0x0800d104                _init
 .init          0x0800d108        0x8 c:/program files (x86)/atollic/truestudio for stm32 9.2.0/armtools/bin/../lib/gcc/arm-atollic-eabi/6.3.1/armv7e-m/fpu/crtn.o
 *(.fini)
 .fini          0x0800d110        0x4 c:/program files (x86)/atollic/truestudio for stm32 9.2.0/armtools/bin/../lib/gcc/arm-atollic-eabi/6.3.1/armv7e-m/fpu/crti.o
                0x0800d110                _fini
 .fini          0x0800d114        0x8 c:/program files (x86)/atollic/truestudio for stm32 9.2.0/armtools/bin/../lib/gcc/arm-atollic-eabi/6.3.1/armv7e-m/fpu/crtn.o
                0x0800d11c                . = ALIGN (0x4)
                0x0800d11c                _etext = .

.vfp11_veneer   0x0800d11c        0x0
 .vfp11_veneer  0x0800d11c        0x0 linker stubs

.v4_bx          0x0800d11c        0x0
 .v4_bx         0x0800d11c        0x0 linker stubs

.iplt           0x0800d11c        0x0
 .iplt          0x0800d11c        0x0 c:/program files (x86)/atollic/truestudio for stm32 9.2.0/armtools/bin/../lib/gcc/arm-atollic-eabi/6.3.1/armv7e-m/fpu/crtbegin.o

.rodata         0x0800d11c      0x210
                0x0800d11c                . = ALIGN (0x4)
 *(.rodata)
 .rodata        0x0800d11c       0x30 APP\Interface\app_interface.o
 .rodata        0x0800d14c       0x4e Src\usbd_desc.o
 *(.rodata*)
 *fill*         0x0800d19a        0x2 
 .rodata.swIndex
                0x0800d19c        0x5 APP\Btn\app_btn.o
                0x0800d19c                swIndex
 *fill*         0x0800d1a1        0x3 
 .rodata.AHBPrescTable
                0x0800d1a4       0x10 Src\system_stm32l4xx.o
                0x0800d1a4                AHBPrescTable
 .rodata.APBPrescTable
                0x0800d1b4        0x8 Src\system_stm32l4xx.o
                0x0800d1b4                APBPrescTable
 .rodata.MSIRangeTable
                0x0800d1bc       0x30 Src\system_stm32l4xx.o
                0x0800d1bc                MSIRangeTable
 .rodata._setlocale_r.str1.1
                0x0800d1ec        0x8 c:/program files (x86)/atollic/truestudio for stm32 9.2.0/armtools/bin/../lib/gcc/arm-atollic-eabi/6.3.1/../../../../arm-atollic-eabi/lib/armv7e-m/fpu\libc_nano.a(lib_a-locale.o)
                                  0x9 (size before relaxing)
 .rodata.str1.1
                0x0800d1f4        0x2 c:/program files (x86)/atollic/truestudio for stm32 9.2.0/armtools/bin/../lib/gcc/arm-atollic-eabi/6.3.1/../../../../arm-atollic-eabi/lib/armv7e-m/fpu\libc_nano.a(lib_a-locale.o)
 .rodata._svfprintf_r.str1.1
                0x0800d1f6       0x11 c:/program files (x86)/atollic/truestudio for stm32 9.2.0/armtools/bin/../lib/gcc/arm-atollic-eabi/6.3.1/../../../../arm-atollic-eabi/lib/armv7e-m/fpu\libc_nano.a(lib_a-nano-svfprintf.o)
 .rodata._printf_i.str1.1
                0x0800d207       0x22 c:/program files (x86)/atollic/truestudio for stm32 9.2.0/armtools/bin/../lib/gcc/arm-atollic-eabi/6.3.1/../../../../arm-atollic-eabi/lib/armv7e-m/fpu\libc_nano.a(lib_a-nano-vfprintf_i.o)
 .rodata._ctype_
                0x0800d229      0x101 c:/program files (x86)/atollic/truestudio for stm32 9.2.0/armtools/bin/../lib/gcc/arm-atollic-eabi/6.3.1/../../../../arm-atollic-eabi/lib/armv7e-m/fpu\libc_nano.a(lib_a-ctype_.o)
                0x0800d229                _ctype_
                0x0800d32c                . = ALIGN (0x4)
 *fill*         0x0800d32a        0x2 

.ARM.extab
 *(.ARM.extab* .gnu.linkonce.armextab.*)

.ARM            0x0800d32c        0x8
                0x0800d32c                __exidx_start = .
 *(.ARM.exidx*)
 .ARM.exidx     0x0800d32c        0x8 c:/program files (x86)/atollic/truestudio for stm32 9.2.0/armtools/bin/../lib/gcc/arm-atollic-eabi/6.3.1/armv7e-m/fpu\libgcc.a(_udivmoddi4.o)
                0x0800d334                __exidx_end = .

.rel.dyn        0x0800d334        0x0
 .rel.iplt      0x0800d334        0x0 c:/program files (x86)/atollic/truestudio for stm32 9.2.0/armtools/bin/../lib/gcc/arm-atollic-eabi/6.3.1/armv7e-m/fpu/crtbegin.o

.preinit_array  0x0800d334        0x0
                0x0800d334                PROVIDE (__preinit_array_start, .)
 *(.preinit_array*)
                0x0800d334                PROVIDE (__preinit_array_end, .)

.init_array     0x0800d334        0x4
                0x0800d334                PROVIDE (__init_array_start, .)
 *(SORT(.init_array.*))
 *(.init_array*)
 .init_array    0x0800d334        0x4 c:/program files (x86)/atollic/truestudio for stm32 9.2.0/armtools/bin/../lib/gcc/arm-atollic-eabi/6.3.1/armv7e-m/fpu/crtbegin.o
                0x0800d338                PROVIDE (__init_array_end, .)

.fini_array     0x0800d338        0x4
                [!provide]                PROVIDE (__fini_array_start, .)
 *(SORT(.fini_array.*))
 *(.fini_array*)
 .fini_array    0x0800d338        0x4 c:/program files (x86)/atollic/truestudio for stm32 9.2.0/armtools/bin/../lib/gcc/arm-atollic-eabi/6.3.1/armv7e-m/fpu/crtbegin.o
                [!provide]                PROVIDE (__fini_array_end, .)
                0x0800d33c                _sidata = LOADADDR (.data)

.data           0x20000000     0x14a4 load address 0x0800d33c
                0x20000000                . = ALIGN (0x4)
                0x20000000                _sdata = .
 *(.data)
 *(.data*)
 .data.dmx1Out  0x20000000       0x5c APP\Configs\dmx_cfg.o
                0x20000000                dmx1Out
 .data.dmx2In   0x2000005c       0x5c APP\Configs\dmx_cfg.o
                0x2000005c                dmx2In
 .data.eepromDev1
                0x200000b8       0x24 APP\Configs\eeprom_cfg.o
                0x200000b8                eepromDev1
 .data.uart4TxBuf
                0x200000dc        0xc APP\Interface\app_interface.o
                0x200000dc                uart4TxBuf
 .data.uart4RxBuf
                0x200000e8        0xc APP\Interface\app_interface.o
                0x200000e8                uart4RxBuf
 .data.myPresetsModel
                0x200000f4      0xf50 APP\Model\app_model.o
 .data.myGpiosModel
                0x20001044       0x5a APP\Model\app_model.o
 *fill*         0x2000109e        0x2 
 .data.app_model_model
                0x200010a0       0x14 APP\Model\app_model.o
                0x200010a0                app_model_model
 .data.msgBuf   0x200010b4       0x10 APP\app.o
                0x200010b4                msgBuf
 .data.msgTask  0x200010c4       0x18 APP\app.o
                0x200010c4                msgTask
 .data.dmxPresetTask
                0x200010dc       0x18 APP\app.o
                0x200010dc                dmxPresetTask
 .data.dmxTask  0x200010f4       0x18 APP\app.o
                0x200010f4                dmxTask
 .data.btnTask  0x2000110c       0x18 APP\app.o
                0x2000110c                btnTask
 .data.footcontrolTask
                0x20001124       0x18 APP\app.o
                0x20001124                footcontrolTask
 .data.interfaceTask
                0x2000113c       0x18 APP\app.o
                0x2000113c                interfaceTask
 .data.eepromTask
                0x20001154       0x18 APP\app.o
                0x20001154                eepromTask
 .data.USBD_CDC_DeviceQualifierDesc
                0x2000116c        0xa Middlewares\ST\STM32_USB_Device_Library\Class\CDC\Src\usbd_cdc.o
 *fill*         0x20001176        0x2 
 .data.USBD_CDC
                0x20001178       0x38 Middlewares\ST\STM32_USB_Device_Library\Class\CDC\Src\usbd_cdc.o
                0x20001178                USBD_CDC
 .data.USBD_CDC_CfgHSDesc
                0x200011b0       0x43 Middlewares\ST\STM32_USB_Device_Library\Class\CDC\Src\usbd_cdc.o
                0x200011b0                USBD_CDC_CfgHSDesc
 *fill*         0x200011f3        0x1 
 .data.USBD_CDC_CfgFSDesc
                0x200011f4       0x43 Middlewares\ST\STM32_USB_Device_Library\Class\CDC\Src\usbd_cdc.o
                0x200011f4                USBD_CDC_CfgFSDesc
 *fill*         0x20001237        0x1 
 .data.USBD_CDC_OtherSpeedCfgDesc
                0x20001238       0x43 Middlewares\ST\STM32_USB_Device_Library\Class\CDC\Src\usbd_cdc.o
                0x20001238                USBD_CDC_OtherSpeedCfgDesc
 *fill*         0x2000127b        0x1 
 .data.SystemCoreClock
                0x2000127c        0x4 Src\system_stm32l4xx.o
                0x2000127c                SystemCoreClock
 .data.USBD_Interface_fops_FS
                0x20001280       0x10 Src\usbd_cdc_if.o
                0x20001280                USBD_Interface_fops_FS
 .data.FS_Desc  0x20001290       0x20 Src\usbd_desc.o
                0x20001290                FS_Desc
 .data.USBD_FS_DeviceDesc
                0x200012b0       0x12 Src\usbd_desc.o
                0x200012b0                USBD_FS_DeviceDesc
 *fill*         0x200012c2        0x2 
 .data.USBD_FS_BOSDesc
                0x200012c4        0xc Src\usbd_desc.o
                0x200012c4                USBD_FS_BOSDesc
 .data.USBD_LangIDDesc
                0x200012d0        0x4 Src\usbd_desc.o
                0x200012d0                USBD_LangIDDesc
 .data._impure_ptr
                0x200012d4        0x4 c:/program files (x86)/atollic/truestudio for stm32 9.2.0/armtools/bin/../lib/gcc/arm-atollic-eabi/6.3.1/../../../../arm-atollic-eabi/lib/armv7e-m/fpu\libc_nano.a(lib_a-impure.o)
                0x200012d4                _impure_ptr
 .data.impure_data
                0x200012d8       0x60 c:/program files (x86)/atollic/truestudio for stm32 9.2.0/armtools/bin/../lib/gcc/arm-atollic-eabi/6.3.1/../../../../arm-atollic-eabi/lib/armv7e-m/fpu\libc_nano.a(lib_a-impure.o)
 .data.__global_locale
                0x20001338      0x16c c:/program files (x86)/atollic/truestudio for stm32 9.2.0/armtools/bin/../lib/gcc/arm-atollic-eabi/6.3.1/../../../../arm-atollic-eabi/lib/armv7e-m/fpu\libc_nano.a(lib_a-locale.o)
                0x20001338                __global_locale
                0x200014a4                . = ALIGN (0x4)
                0x200014a4                _edata = .

.igot.plt       0x200014a4        0x0 load address 0x0800e7e0
 .igot.plt      0x200014a4        0x0 c:/program files (x86)/atollic/truestudio for stm32 9.2.0/armtools/bin/../lib/gcc/arm-atollic-eabi/6.3.1/armv7e-m/fpu/crtbegin.o
                0x200014a4                . = ALIGN (0x4)

.bss            0x200014a4     0x7fb0 load address 0x0800e7e0
                0x200014a4                _sbss = .
                0x200014a4                __bss_start__ = _sbss
 *(.bss)
 .bss           0x200014a4       0x1c c:/program files (x86)/atollic/truestudio for stm32 9.2.0/armtools/bin/../lib/gcc/arm-atollic-eabi/6.3.1/armv7e-m/fpu/crtbegin.o
 *(.bss*)
 .bss.othButtonState
                0x200014c0        0x5 APP\Btn\app_btn.o
 *fill*         0x200014c5        0x3 
 .bss.othButtonBuffer
                0x200014c8        0x5 APP\Btn\app_btn.o
 *fill*         0x200014cd        0x3 
 .bss.othButtonTime
                0x200014d0        0xa APP\Btn\app_btn.o
 *fill*         0x200014da        0x2 
 .bss.othButtonHoldTimeShort
                0x200014dc        0xa APP\Btn\app_btn.o
 *fill*         0x200014e6        0x2 
 .bss.othButtonHoldTimeLong
                0x200014e8        0xa APP\Btn\app_btn.o
 .bss.cyclicFlag
                0x200014f2        0x1 APP\Btn\app_btn.o
 *fill*         0x200014f3        0x1 
 .bss.internalTimer
                0x200014f4        0x2 APP\Btn\app_btn.o
 .bss.swNmbr.9390
                0x200014f6        0x1 APP\Btn\app_btn.o
 *fill*         0x200014f7        0x1 
 .bss.dmx1Universe
                0x200014f8      0x200 APP\Configs\dmx_cfg.o
                0x200014f8                dmx1Universe
 .bss.dmx2Universe
                0x200016f8      0x200 APP\Configs\dmx_cfg.o
                0x200016f8                dmx2Universe
 .bss.cyclicFlag
                0x200018f8        0x1 APP\DMX\app_dmx.o
 *fill*         0x200018f9        0x3 
 .bss.dmxModified
                0x200018fc      0x200 APP\DMX\app_dmx.o
                0x200018fc                dmxModified
 .bss.dmxTxComplete
                0x20001afc        0x1 APP\DMX\app_dmx.o
                0x20001afc                dmxTxComplete
 .bss.dmxMerge  0x20001afd        0x1 APP\DMX\app_dmx.o
                0x20001afd                dmxMerge
 .bss.dmxMergeMode
                0x20001afe        0x1 APP\DMX\app_dmx.o
                0x20001afe                dmxMergeMode
 .bss.cyclicFlag
                0x20001aff        0x1 APP\DMX_Preset\app_dmx_preset.o
 .bss.cyclicFlag
                0x20001b00        0x1 APP\Eeprom\app_eeprom.o
 *fill*         0x20001b01        0x1 
 .bss.internalTimer
                0x20001b02        0x2 APP\Eeprom\app_eeprom.o
 .bss.secondTimer
                0x20001b04        0x2 APP\Eeprom\app_eeprom.o
 .bss.status    0x20001b06        0x1 APP\Footcontrol\app_footcontrol.o
                0x20001b06                status
 .bss.cyclicFlag
                0x20001b07        0x1 APP\Footcontrol\app_footcontrol.o
 .bss.uart4TxData
                0x20001b08     0x2800 APP\Interface\app_interface.o
                0x20001b08                uart4TxData
 .bss.uart4RxData
                0x20004308      0x400 APP\Interface\app_interface.o
                0x20004308                uart4RxData
 .bss.usbTxData
                0x20004708     0x2800 APP\Interface\app_interface.o
                0x20004708                usbTxData
 .bss.usbRxData
                0x20006f08      0x400 APP\Interface\app_interface.o
                0x20006f08                usbRxData
 .bss.btInterface
                0x20007308       0x14 APP\Interface\app_interface.o
 .bss.usbInterface
                0x2000731c       0x14 APP\Interface\app_interface.o
 .bss.activeInterface
                0x20007330        0x4 APP\Interface\app_interface.o
 .bss.cyclicFlag
                0x20007334        0x1 APP\Interface\app_interface.o
 *fill*         0x20007335        0x1 
 .bss.internalTimer
                0x20007336        0x2 APP\Interface\app_interface.o
 .bss.uploadTimer
                0x20007338        0x2 APP\Interface\app_interface.o
 .bss.uploadState
                0x2000733a        0x1 APP\Interface\app_interface.o
 *fill*         0x2000733b        0x1 
 .bss.uploadCmdCounter
                0x2000733c        0x2 APP\Interface\app_interface.o
 *fill*         0x2000733e        0x2 
 .bss.app_usb_txBuf
                0x20007340        0xc APP\USB\app_usb.o
 .bss.app_usb_rxBuf
                0x2000734c        0xc APP\USB\app_usb.o
 .bss.linkStatus
                0x20007358        0x1 APP\USB\app_usb.o
 *fill*         0x20007359        0x3 
 .bss.app_usb_timer
                0x2000735c        0x4 APP\USB\app_usb.o
                0x2000735c                app_usb_timer
 .bss.MSG_Data  0x20007360      0x200 APP\app.o
                0x20007360                MSG_Data
 .bss.usbConnected
                0x20007560        0x1 APP\app.o
                0x20007560                usbConnected
 *fill*         0x20007561        0x1 
 .bss.timer100ms.11063
                0x20007562        0x2 APP\app.o
 .bss.timer500ms.11064
                0x20007564        0x2 APP\app.o
 .bss.cfgidx.10601
                0x20007566        0x1 Middlewares\ST\STM32_USB_Device_Library\Core\Src\usbd_ctlreq.o
 *fill*         0x20007567        0x1 
 .bss.myUSBRxCallback
                0x20007568        0x4 Src\usbd_cdc_if.o
                0x20007568                myUSBRxCallback
 .bss.mem.10750
                0x2000756c      0x220 Src\usbd_conf.o
 .bss.__malloc_free_list
                0x2000778c        0x4 c:/program files (x86)/atollic/truestudio for stm32 9.2.0/armtools/bin/../lib/gcc/arm-atollic-eabi/6.3.1/../../../../arm-atollic-eabi/lib/armv7e-m/fpu\libc_nano.a(lib_a-nano-mallocr.o)
                0x2000778c                __malloc_free_list
 .bss.__malloc_sbrk_start
                0x20007790        0x4 c:/program files (x86)/atollic/truestudio for stm32 9.2.0/armtools/bin/../lib/gcc/arm-atollic-eabi/6.3.1/../../../../arm-atollic-eabi/lib/armv7e-m/fpu\libc_nano.a(lib_a-nano-mallocr.o)
                0x20007790                __malloc_sbrk_start
 .bss.heap_end.5239
                0x20007794        0x4 c:/program files (x86)/atollic/truestudio for stm32 9.2.0/armtools/bin/../lib/gcc/arm-atollic-eabi/6.3.1/../../../../arm-atollic-eabi/lib/armv7e-m/fpu\libnosys.a(sbrk.o)
 *(COMMON)
 COMMON         0x20007798        0x4 Drivers\STM32L4xx_HAL_Driver\Src\stm32l4xx_hal.o
                0x20007798                uwTick
 COMMON         0x2000779c       0x4c Src\i2c.o
                0x2000779c                hi2c2
 COMMON         0x200077e8       0x70 Src\lptim.o
                0x200077e8                hlptim2
                0x20007820                hlptim1
 COMMON         0x20007858      0x180 Src\tim.o
                0x20007858                htim15
                0x20007898                htim3
                0x200078d8                htim6
                0x20007918                htim1
                0x20007958                htim2
                0x20007998                htim16
 COMMON         0x200079d8      0x168 Src\usart.o
                0x200079d8                huart1
                0x20007a50                huart4
                0x20007ac8                huart2
 COMMON         0x20007b40      0x29c Src\usb_device.o
                0x20007b40                hUsbDeviceFS
 COMMON         0x20007ddc     0x1000 Src\usbd_cdc_if.o
                0x20007ddc                UserRxBufferFS
                0x200085dc                UserTxBufferFS
 COMMON         0x20008ddc      0x474 Src\usbd_conf.o
                0x20008ddc                hpcd_USB_FS
 COMMON         0x20009250      0x200 Src\usbd_desc.o
                0x20009250                USBD_StrDesc
 COMMON         0x20009450        0x4 c:/program files (x86)/atollic/truestudio for stm32 9.2.0/armtools/bin/../lib/gcc/arm-atollic-eabi/6.3.1/../../../../arm-atollic-eabi/lib/armv7e-m/fpu\libc_nano.a(lib_a-reent.o)
                0x20009450                errno
                0x20009454                . = ALIGN (0x4)
                0x20009454                _ebss = .
                0x20009454                __bss_end__ = _ebss

._user_heap_stack
                0x20009454      0x600 load address 0x0800e7e0
                0x20009454                . = ALIGN (0x4)
                0x20009454                PROVIDE (end, .)
                [!provide]                PROVIDE (_end, .)
                0x20009654                . = (. + _Min_Heap_Size)
 *fill*         0x20009454      0x200 
                0x20009a54                . = (. + _Min_Stack_Size)
 *fill*         0x20009654      0x400 
                0x20009a54                . = ALIGN (0x4)

/DISCARD/
 libc.a(*)
 libm.a(*)
 libgcc.a(*)

.ARM.attributes
                0x00000000       0x30
 *(.ARM.attributes)
 .ARM.attributes
                0x00000000       0x22 c:/program files (x86)/atollic/truestudio for stm32 9.2.0/armtools/bin/../lib/gcc/arm-atollic-eabi/6.3.1/armv7e-m/fpu/crti.o
 .ARM.attributes
                0x00000022       0x34 c:/program files (x86)/atollic/truestudio for stm32 9.2.0/armtools/bin/../lib/gcc/arm-atollic-eabi/6.3.1/armv7e-m/fpu/crtbegin.o
 .ARM.attributes
                0x00000056       0x39 APP\Btn\app_btn.o
 .ARM.attributes
                0x0000008f       0x39 APP\Configs\dmx_cfg.o
 .ARM.attributes
                0x000000c8       0x39 APP\Configs\eeprom_cfg.o
 .ARM.attributes
                0x00000101       0x39 APP\DMX\app_dmx.o
 .ARM.attributes
                0x0000013a       0x39 APP\DMX_Preset\app_dmx_preset.o
 .ARM.attributes
                0x00000173       0x39 APP\Eeprom\app_eeprom.o
 .ARM.attributes
                0x000001ac       0x39 APP\Footcontrol\app_footcontrol.o
 .ARM.attributes
                0x000001e5       0x39 APP\Interface\app_interface.o
 .ARM.attributes
                0x0000021e       0x39 APP\Model\app_model.o
 .ARM.attributes
                0x00000257       0x39 APP\USB\app_usb.o
 .ARM.attributes
                0x00000290       0x39 APP\Uart\app_uart.o
 .ARM.attributes
                0x000002c9       0x39 APP\app.o
 .ARM.attributes
                0x00000302       0x39 Drivers\STM32L4xx_HAL_Driver\Src\stm32l4xx_hal.o
 .ARM.attributes
                0x0000033b       0x39 Drivers\STM32L4xx_HAL_Driver\Src\stm32l4xx_hal_cortex.o
 .ARM.attributes
                0x00000374       0x39 Drivers\STM32L4xx_HAL_Driver\Src\stm32l4xx_hal_gpio.o
 .ARM.attributes
                0x000003ad       0x39 Drivers\STM32L4xx_HAL_Driver\Src\stm32l4xx_hal_i2c.o
 .ARM.attributes
                0x000003e6       0x39 Drivers\STM32L4xx_HAL_Driver\Src\stm32l4xx_hal_i2c_ex.o
 .ARM.attributes
                0x0000041f       0x39 Drivers\STM32L4xx_HAL_Driver\Src\stm32l4xx_hal_lptim.o
 .ARM.attributes
                0x00000458       0x39 Drivers\STM32L4xx_HAL_Driver\Src\stm32l4xx_hal_pcd.o
 .ARM.attributes
                0x00000491       0x39 Drivers\STM32L4xx_HAL_Driver\Src\stm32l4xx_hal_pcd_ex.o
 .ARM.attributes
                0x000004ca       0x39 Drivers\STM32L4xx_HAL_Driver\Src\stm32l4xx_hal_pwr_ex.o
 .ARM.attributes
                0x00000503       0x39 Drivers\STM32L4xx_HAL_Driver\Src\stm32l4xx_hal_rcc.o
 .ARM.attributes
                0x0000053c       0x39 Drivers\STM32L4xx_HAL_Driver\Src\stm32l4xx_hal_rcc_ex.o
 .ARM.attributes
                0x00000575       0x39 Drivers\STM32L4xx_HAL_Driver\Src\stm32l4xx_hal_tim.o
 .ARM.attributes
                0x000005ae       0x39 Drivers\STM32L4xx_HAL_Driver\Src\stm32l4xx_hal_tim_ex.o
 .ARM.attributes
                0x000005e7       0x39 Drivers\STM32L4xx_HAL_Driver\Src\stm32l4xx_hal_uart.o
 .ARM.attributes
                0x00000620       0x39 Drivers\STM32L4xx_HAL_Driver\Src\stm32l4xx_ll_usb.o
 .ARM.attributes
                0x00000659       0x39 Middleware\DMX\dmx.o
 .ARM.attributes
                0x00000692       0x39 Middleware\EEPROM_24xxxx\eeprom.o
 .ARM.attributes
                0x000006cb       0x39 Middleware\MSG\msg.o
 .ARM.attributes
                0x00000704       0x39 Middleware\RINGBUFFER\ringbuffer.o
 .ARM.attributes
                0x0000073d       0x39 Middlewares\ST\STM32_USB_Device_Library\Class\CDC\Src\usbd_cdc.o
 .ARM.attributes
                0x00000776       0x39 Middlewares\ST\STM32_USB_Device_Library\Core\Src\usbd_core.o
 .ARM.attributes
                0x000007af       0x39 Middlewares\ST\STM32_USB_Device_Library\Core\Src\usbd_ctlreq.o
 .ARM.attributes
                0x000007e8       0x39 Middlewares\ST\STM32_USB_Device_Library\Core\Src\usbd_ioreq.o
 .ARM.attributes
                0x00000821       0x39 Src\gpio.o
 .ARM.attributes
                0x0000085a       0x39 Src\i2c.o
 .ARM.attributes
                0x00000893       0x39 Src\lptim.o
 .ARM.attributes
                0x000008cc       0x39 Src\main.o
 .ARM.attributes
                0x00000905       0x39 Src\stm32l4xx_hal_msp.o
 .ARM.attributes
                0x0000093e       0x39 Src\stm32l4xx_it.o
 .ARM.attributes
                0x00000977       0x39 Src\system_stm32l4xx.o
 .ARM.attributes
                0x000009b0       0x39 Src\tim.o
 .ARM.attributes
                0x000009e9       0x39 Src\usart.o
 .ARM.attributes
                0x00000a22       0x39 Src\usb_device.o
 .ARM.attributes
                0x00000a5b       0x39 Src\usbd_cdc_if.o
 .ARM.attributes
                0x00000a94       0x39 Src\usbd_conf.o
 .ARM.attributes
                0x00000acd       0x39 Src\usbd_desc.o
 .ARM.attributes
                0x00000b06       0x21 startup\startup_stm32l452xx.o
 .ARM.attributes
                0x00000b27       0x34 c:/program files (x86)/atollic/truestudio for stm32 9.2.0/armtools/bin/../lib/gcc/arm-atollic-eabi/6.3.1/../../../../arm-atollic-eabi/lib/armv7e-m/fpu\libc_nano.a(lib_a-init.o)
 .ARM.attributes
                0x00000b5b       0x34 c:/program files (x86)/atollic/truestudio for stm32 9.2.0/armtools/bin/../lib/gcc/arm-atollic-eabi/6.3.1/../../../../arm-atollic-eabi/lib/armv7e-m/fpu\libc_nano.a(lib_a-memcpy-stub.o)
 .ARM.attributes
                0x00000b8f       0x34 c:/program files (x86)/atollic/truestudio for stm32 9.2.0/armtools/bin/../lib/gcc/arm-atollic-eabi/6.3.1/../../../../arm-atollic-eabi/lib/armv7e-m/fpu\libc_nano.a(lib_a-memset.o)
 .ARM.attributes
                0x00000bc3       0x34 c:/program files (x86)/atollic/truestudio for stm32 9.2.0/armtools/bin/../lib/gcc/arm-atollic-eabi/6.3.1/../../../../arm-atollic-eabi/lib/armv7e-m/fpu\libc_nano.a(lib_a-snprintf.o)
 .ARM.attributes