stm32l4xx_it.c:94:6:NMI_Handler	4	static
stm32l4xx_it.c:107:6:HardFault_Handler	4	static
stm32l4xx_it.c:122:6:MemManage_Handler	4	static
stm32l4xx_it.c:137:6:BusFault_Handler	4	static
stm32l4xx_it.c:152:6:UsageFault_Handler	4	static
stm32l4xx_it.c:167:6:SVC_Handler	4	static
stm32l4xx_it.c:180:6:DebugMon_Handler	4	static
stm32l4xx_it.c:193:6:PendSV_Handler	4	static
stm32l4xx_it.c:206:6:SysTick_Handler	8	static
stm32l4xx_it.c:227:6:EXTI9_5_IRQHandler	8	static
stm32l4xx_it.c:241:6:TIM1_BRK_TIM15_IRQHandler	8	static
stm32l4xx_it.c:271:6:TIM1_TRG_COM_IRQHandler	8	static
stm32l4xx_it.c:285:6:TIM1_CC_IRQHandler	8	static
stm32l4xx_it.c:299:6:TIM2_IRQHandler	8	static
stm32l4xx_it.c:313:6:TIM3_IRQHandler	8	static
stm32l4xx_it.c:327:6:TIM6_DAC_IRQHandler	8	static
stm32l4xx_it.c:341:6:LPTIM1_IRQHandler	8	static
stm32l4xx_it.c:355:6:LPTIM2_IRQHandler	8	static
stm32l4xx_it.c:369:6:USB_IRQHandler	8	static
