tim.c:65:6:MX_TIM1_Init	96	static
tim.c:119:6:MX_TIM2_Init	40	static
tim.c:142:6:MX_TIM3_Init	40	static
tim.c:179:6:MX_TIM6_Init	24	static
tim.c:201:6:MX_TIM15_Init	112	static
tim.c:265:6:MX_TIM16_Init	8	static
tim.c:282:6:HAL_TIM_PWM_MspInit	24	static
tim.c:308:6:HAL_TIM_IC_MspInit	56	static
tim.c:368:6:HAL_TIM_Base_MspInit	32	static
tim.c:417:6:HAL_TIM_MspPostInit	48	static
tim.c:466:6:HAL_TIM_PWM_MspDeInit	16	static
tim.c:502:6:HAL_TIM_IC_MspDeInit	16	static
tim.c:547:6:HAL_TIM_Base_MspDeInit	16	static
tim.c:609:6:tim_setNewTimeAndStart	16	static
tim.c:619:6:tim_stop	16	static
tim.c:625:6:tim_changePolToRising	16	static
tim.c:648:9:tim_isFalling	16	static
tim.c:655:6:tim_changePolToFalling	16	static
