tim.c:119:6:MX_TIM2_Init	40	static
tim.c:156:6:MX_TIM3_Init	40	static
tim.c:193:6:MX_TIM6_Init	24	static
tim.c:279:6:MX_TIM16_Init	8	static
tim.c:296:6:HAL_TIM_PWM_MspInit	16	static
tim.c:322:6:HAL_TIM_IC_MspInit	48	static
tim.c:382:6:HAL_TIM_Base_MspInit	24	static
tim.c:431:6:HAL_TIM_MspPostInit	40	static
tim.c:65:6:MX_TIM1_Init	96	static
tim.c:215:6:MX_TIM15_Init	112	static
tim.c:480:6:HAL_TIM_PWM_MspDeInit	8	static
tim.c:516:6:HAL_TIM_IC_MspDeInit	8	static
tim.c:561:6:HAL_TIM_Base_MspDeInit	0	static
