usbd_conf.c:100:6:HAL_PCD_MspInit	32	static
usbd_conf.c:132:6:HAL_PCD_MspDeInit	8	static
usbd_conf.c:162:6:HAL_PCD_SetupStageCallback	0	static
usbd_conf.c:173:6:HAL_PCD_DataOutStageCallback	0	static
usbd_conf.c:184:6:HAL_PCD_DataInStageCallback	0	static
usbd_conf.c:194:6:HAL_PCD_SOFCallback	0	static
usbd_conf.c:204:6:HAL_PCD_ResetCallback	8	static
usbd_conf.c:231:6:HAL_PCD_SuspendCallback	8	static
usbd_conf.c:251:6:HAL_PCD_ResumeCallback	8	static
usbd_conf.c:271:6:HAL_PCD_ISOOUTIncompleteCallback	0	static
usbd_conf.c:282:6:HAL_PCD_ISOINIncompleteCallback	0	static
usbd_conf.c:292:6:HAL_PCD_ConnectCallback	0	static
usbd_conf.c:302:6:HAL_PCD_DisconnectCallback	0	static
usbd_conf.c:316:20:USBD_LL_Init	8	static
usbd_conf.c:352:20:USBD_LL_DeInit	8	static
usbd_conf.c:384:20:USBD_LL_Start	8	static
usbd_conf.c:416:20:USBD_LL_Stop	8	static
usbd_conf.c:451:20:USBD_LL_OpenEP	8	static
usbd_conf.c:484:20:USBD_LL_CloseEP	8	static
usbd_conf.c:517:20:USBD_LL_FlushEP	8	static
usbd_conf.c:550:20:USBD_LL_StallEP	8	static
usbd_conf.c:583:20:USBD_LL_ClearStallEP	8	static
usbd_conf.c:616:9:USBD_LL_IsStallEP	0	static
usbd_conf.c:636:20:USBD_LL_SetUSBAddress	8	static
usbd_conf.c:671:20:USBD_LL_Transmit	8	static
usbd_conf.c:706:20:USBD_LL_PrepareReceive	8	static
usbd_conf.c:739:10:USBD_LL_GetRxDataSize	8	static
usbd_conf.c:751:6:HAL_PCDEx_LPM_Callback	8	static
usbd_conf.c:785:6:USBD_LL_Delay	0	static
usbd_conf.c:795:7:USBD_static_malloc	0	static
usbd_conf.c:806:6:USBD_static_free	0	static
usbd_conf.c:829:6:HAL_PCDEx_SetConnectionState	0	static
usbd_conf.c:852:20:USBD_LL_BatteryCharging	0	static
